Running 30s test @ http://ms1311.utah.cloudlab.us:8080/wrk2-api/post/compose
  8 threads and 1000 connections

  Thread calibration: mean lat.: 13.714ms, rate sampling interval: 39ms
  Thread calibration: mean lat.: 13.103ms, rate sampling interval: 36ms
  Thread calibration: mean lat.: 13.093ms, rate sampling interval: 38ms
  Thread calibration: mean lat.: 12.378ms, rate sampling interval: 34ms
  Thread calibration: mean lat.: 12.315ms, rate sampling interval: 34ms
  Thread calibration: mean lat.: 12.804ms, rate sampling interval: 36ms
  Thread calibration: mean lat.: 12.586ms, rate sampling interval: 35ms
  Thread calibration: mean lat.: 12.776ms, rate sampling interval: 37ms
Logging function completed.

-----------------------------------------------------------------------
Test Results @ http://ms1311.utah.cloudlab.us:8080/wrk2-api/post/compose 
  Thread Stats   Avg      Stdev     99%   +/- Stdev
    Latency    13.37ms    4.40ms  26.78ms   73.88%
    Req/Sec    24.59     26.35   108.00     79.37%
  Latency Distribution (HdrHistogram - Recorded Latency)
 50.000%   12.50ms
 75.000%   15.84ms
 90.000%   19.04ms
 99.000%   26.78ms
 99.900%   38.24ms
 99.990%   48.96ms
 99.999%   48.96ms
100.000%   48.96ms

  Detailed Percentile spectrum:
       Value   Percentile   TotalCount 1/(1-Percentile)

       4.983     0.000000            1         1.00
       8.847     0.100000          390         1.11
       9.615     0.200000          783         1.25
      10.359     0.300000         1175         1.43
      11.303     0.400000         1559         1.67
      12.503     0.500000         1952         2.00
      13.167     0.550000         2145         2.22
      13.775     0.600000         2342         2.50
      14.439     0.650000         2535         2.86
      15.047     0.700000         2729         3.33
      15.839     0.750000         2923         4.00
      16.231     0.775000         3021         4.44
      16.655     0.800000         3119         5.00
      17.135     0.825000         3219         5.71
      17.727     0.850000         3313         6.67
      18.383     0.875000         3411         8.00
      18.719     0.887500         3461         8.89
      19.055     0.900000         3509        10.00
      19.551     0.912500         3557        11.43
      19.983     0.925000         3607        13.33
      20.559     0.937500         3656        16.00
      21.055     0.943750         3681        17.78
      21.439     0.950000         3708        20.00
      21.935     0.956250         3727        22.86
      22.527     0.962500         3751        26.67
      23.151     0.968750         3777        32.00
      23.471     0.971875         3788        35.56
      23.967     0.975000         3800        40.00
      24.255     0.978125         3812        45.71
      24.991     0.981250         3825        53.33
      25.695     0.984375         3837        64.00
      25.887     0.985938         3843        71.11
      26.191     0.987500         3849        80.00
      26.671     0.989062         3855        91.43
      26.975     0.990625         3861       106.67
      27.823     0.992188         3867       128.00
      28.239     0.992969         3870       142.22
      29.119     0.993750         3873       160.00
      29.647     0.994531         3876       182.86
      30.223     0.995313         3879       213.33
      30.399     0.996094         3882       256.00
      30.783     0.996484         3884       284.44
      30.943     0.996875         3885       320.00
      31.663     0.997266         3887       365.71
      31.727     0.997656         3888       426.67
      33.471     0.998047         3890       512.00
      34.111     0.998242         3891       568.89
      34.111     0.998437         3891       640.00
      34.463     0.998633         3892       731.43
      38.239     0.998828         3893       853.33
      41.247     0.999023         3894      1024.00
      41.247     0.999121         3894      1137.78
      41.247     0.999219         3894      1280.00
      41.951     0.999316         3895      1462.86
      41.951     0.999414         3895      1706.67
      44.767     0.999512         3896      2048.00
      44.767     0.999561         3896      2275.56
      44.767     0.999609         3896      2560.00
      44.767     0.999658         3896      2925.71
      44.767     0.999707         3896      3413.33
      48.959     0.999756         3897      4096.00
      48.959     1.000000         3897          inf
#[Mean    =       13.366, StdDeviation   =        4.404]
#[Max     =       48.928, Total count    =         3897]
#[Buckets =           27, SubBuckets     =         2048]
-----------------------------------------------------------------------
  5836 requests in 30.05s, 1.20MB read
  Socket errors: connect 0, read 0, write 0, timeout 9505
Requests/sec:    194.19  
Transfer/sec:     40.77KB
