Running 30s test @ http://ms1311.utah.cloudlab.us:8080/wrk2-api/post/compose
  8 threads and 1000 connections

  Thread calibration: mean lat.: 12.361ms, rate sampling interval: 35ms
  Thread calibration: mean lat.: 13.312ms, rate sampling interval: 39ms
  Thread calibration: mean lat.: 12.341ms, rate sampling interval: 35ms
  Thread calibration: mean lat.: 12.856ms, rate sampling interval: 36ms
  Thread calibration: mean lat.: 12.732ms, rate sampling interval: 37ms
  Thread calibration: mean lat.: 13.274ms, rate sampling interval: 35ms
  Thread calibration: mean lat.: 13.041ms, rate sampling interval: 37ms
  Thread calibration: mean lat.: 12.490ms, rate sampling interval: 34ms
Logging function completed.

-----------------------------------------------------------------------
Test Results @ http://ms1311.utah.cloudlab.us:8080/wrk2-api/post/compose 
  Thread Stats   Avg      Stdev     99%   +/- Stdev
    Latency    13.66ms    5.87ms  36.26ms   86.25%
    Req/Sec    24.57     27.29   111.00     80.11%
  Latency Distribution (HdrHistogram - Recorded Latency)
 50.000%   12.54ms
 75.000%   15.77ms
 90.000%   19.47ms
 99.000%   36.26ms
 99.900%   69.63ms
 99.990%   92.22ms
 99.999%   92.22ms
100.000%   92.22ms

  Detailed Percentile spectrum:
       Value   Percentile   TotalCount 1/(1-Percentile)

       4.815     0.000000            1         1.00
       8.783     0.100000          393         1.11
       9.623     0.200000          781         1.25
      10.415     0.300000         1171         1.43
      11.351     0.400000         1562         1.67
      12.543     0.500000         1951         2.00
      13.111     0.550000         2146         2.22
      13.703     0.600000         2340         2.50
      14.367     0.650000         2535         2.86
      14.999     0.700000         2729         3.33
      15.775     0.750000         2928         4.00
      16.159     0.775000         3021         4.44
      16.623     0.800000         3119         5.00
      17.087     0.825000         3217         5.71
      17.759     0.850000         3314         6.67
      18.431     0.875000         3413         8.00
      18.879     0.887500         3462         8.89
      19.487     0.900000         3510        10.00
      20.031     0.912500         3558        11.43
      20.607     0.925000         3607        13.33
      21.455     0.937500         3655        16.00
      21.743     0.943750         3680        17.78
      22.207     0.950000         3704        20.00
      22.671     0.956250         3729        22.86
      23.471     0.962500         3752        26.67
      24.511     0.968750         3777        32.00
      24.991     0.971875         3790        35.56
      25.599     0.975000         3801        40.00
      26.831     0.978125         3814        45.71
      28.111     0.981250         3825        53.33
      30.495     0.984375         3838        64.00
      31.439     0.985938         3844        71.11
      34.719     0.987500         3850        80.00
      35.679     0.989062         3856        91.43
      36.991     0.990625         3862       106.67
      41.535     0.992188         3868       128.00
      42.399     0.992969         3871       142.22
      44.447     0.993750         3874       160.00
      45.343     0.994531         3877       182.86
      47.295     0.995313         3880       213.33
      48.511     0.996094         3883       256.00
      52.031     0.996484         3885       284.44
      52.671     0.996875         3886       320.00
      54.047     0.997266         3888       365.71
      55.583     0.997656         3889       426.67
      56.511     0.998047         3891       512.00
      63.743     0.998242         3892       568.89
      63.743     0.998437         3892       640.00
      68.735     0.998633         3893       731.43
      69.631     0.998828         3894       853.33
      69.695     0.999023         3895      1024.00
      69.695     0.999121         3895      1137.78
      69.695     0.999219         3895      1280.00
      74.751     0.999316         3896      1462.86
      74.751     0.999414         3896      1706.67
      78.207     0.999512         3897      2048.00
      78.207     0.999561         3897      2275.56
      78.207     0.999609         3897      2560.00
      78.207     0.999658         3897      2925.71
      78.207     0.999707         3897      3413.33
      92.223     0.999756         3898      4096.00
      92.223     1.000000         3898          inf
#[Mean    =       13.660, StdDeviation   =        5.873]
#[Max     =       92.160, Total count    =         3898]
#[Buckets =           27, SubBuckets     =         2048]
-----------------------------------------------------------------------
  5818 requests in 30.08s, 1.19MB read
  Socket errors: connect 0, read 0, write 0, timeout 9503
Requests/sec:    193.40  
Transfer/sec:     40.61KB
