Running 30s test @ http://node0.krisub-247336.ldos-ut-pg0.wisc.cloudlab.us:8080/wrk2-api/post/compose
  8 threads and 1000 connections

  Thread calibration: mean lat.: 5.172ms, rate sampling interval: 12ms
  Thread calibration: mean lat.: 5.113ms, rate sampling interval: 12ms
  Thread calibration: mean lat.: 4.872ms, rate sampling interval: 12ms
  Thread calibration: mean lat.: 4.648ms, rate sampling interval: 11ms
  Thread calibration: mean lat.: 4.802ms, rate sampling interval: 11ms
  Thread calibration: mean lat.: 4.703ms, rate sampling interval: 11ms
  Thread calibration: mean lat.: 4.771ms, rate sampling interval: 11ms
  Thread calibration: mean lat.: 4.819ms, rate sampling interval: 11ms
Logging function completed.

-----------------------------------------------------------------------
Test Results @ http://node0.krisub-247336.ldos-ut-pg0.wisc.cloudlab.us:8080/wrk2-api/post/compose 
  Thread Stats   Avg      Stdev     99%   +/- Stdev
    Latency     4.63ms  652.57us   6.52ms   70.04%
    Req/Sec    25.41     48.21   200.00     75.59%
  Latency Distribution (HdrHistogram - Recorded Latency)
 50.000%    4.55ms
 75.000%    5.00ms
 90.000%    5.47ms
 99.000%    6.52ms
 99.900%    7.77ms
 99.990%    8.89ms
 99.999%    8.89ms
100.000%    8.89ms

  Detailed Percentile spectrum:
       Value   Percentile   TotalCount 1/(1-Percentile)

       3.241     0.000000            1         1.00
       3.867     0.100000          395         1.11
       4.065     0.200000          780         1.25
       4.231     0.300000         1171         1.43
       4.391     0.400000         1568         1.67
       4.555     0.500000         1950         2.00
       4.635     0.550000         2142         2.22
       4.719     0.600000         2336         2.50
       4.803     0.650000         2530         2.86
       4.891     0.700000         2725         3.33
       5.003     0.750000         2928         4.00
       5.055     0.775000         3018         4.44
       5.123     0.800000         3120         5.00
       5.211     0.825000         3216         5.71
       5.283     0.850000         3313         6.67
       5.367     0.875000         3406         8.00
       5.415     0.887500         3456         8.89
       5.467     0.900000         3503        10.00
       5.539     0.912500         3552        11.43
       5.599     0.925000         3602        13.33
       5.707     0.937500         3651        16.00
       5.759     0.943750         3674        17.78
       5.803     0.950000         3699        20.00
       5.867     0.956250         3724        22.86
       5.931     0.962500         3747        26.67
       6.031     0.968750         3771        32.00
       6.111     0.971875         3784        35.56
       6.143     0.975000         3796        40.00
       6.219     0.978125         3807        45.71
       6.279     0.981250         3821        53.33
       6.335     0.984375         3832        64.00
       6.399     0.985938         3838        71.11
       6.463     0.987500         3844        80.00
       6.483     0.989062         3850        91.43
       6.559     0.990625         3856       106.67
       6.571     0.992188         3863       128.00
       6.591     0.992969         3865       142.22
       6.727     0.993750         3868       160.00
       6.759     0.994531         3871       182.86
       6.771     0.995313         3875       213.33
       6.811     0.996094         3877       256.00
       6.899     0.996484         3879       284.44
       7.055     0.996875         3880       320.00
       7.127     0.997266         3882       365.71
       7.251     0.997656         3883       426.67
       7.383     0.998047         3885       512.00
       7.611     0.998242         3886       568.89
       7.611     0.998437         3886       640.00
       7.735     0.998633         3887       731.43
       7.767     0.998828         3888       853.33
       7.979     0.999023         3889      1024.00
       7.979     0.999121         3889      1137.78
       7.979     0.999219         3889      1280.00
       8.335     0.999316         3890      1462.86
       8.335     0.999414         3890      1706.67
       8.583     0.999512         3891      2048.00
       8.583     0.999561         3891      2275.56
       8.583     0.999609         3891      2560.00
       8.583     0.999658         3891      2925.71
       8.583     0.999707         3891      3413.33
       8.887     0.999756         3892      4096.00
       8.887     1.000000         3892          inf
#[Mean    =        4.628, StdDeviation   =        0.653]
#[Max     =        8.880, Total count    =         3892]
#[Buckets =           27, SubBuckets     =         2048]
-----------------------------------------------------------------------
  5824 requests in 30.06s, 1.19MB read
  Socket errors: connect 0, read 0, write 0, timeout 9507
Requests/sec:    193.77  
Transfer/sec:     40.68KB
