Running 30s test @ http://node0.krisub-247336.ldos-ut-pg0.wisc.cloudlab.us:8080/wrk2-api/post/compose
  8 threads and 1000 connections

  Thread calibration: mean lat.: 5.315ms, rate sampling interval: 12ms
  Thread calibration: mean lat.: 4.961ms, rate sampling interval: 12ms
  Thread calibration: mean lat.: 4.707ms, rate sampling interval: 11ms
  Thread calibration: mean lat.: 4.704ms, rate sampling interval: 11ms
  Thread calibration: mean lat.: 4.825ms, rate sampling interval: 11ms
  Thread calibration: mean lat.: 4.686ms, rate sampling interval: 11ms
  Thread calibration: mean lat.: 4.897ms, rate sampling interval: 12ms
  Thread calibration: mean lat.: 4.715ms, rate sampling interval: 11ms
Logging function completed.

-----------------------------------------------------------------------
Test Results @ http://node0.krisub-247336.ldos-ut-pg0.wisc.cloudlab.us:8080/wrk2-api/post/compose 
  Thread Stats   Avg      Stdev     99%   +/- Stdev
    Latency     4.68ms  679.94us   6.65ms   70.31%
    Req/Sec    25.44     48.69   200.00     75.71%
  Latency Distribution (HdrHistogram - Recorded Latency)
 50.000%    4.60ms
 75.000%    5.06ms
 90.000%    5.56ms
 99.000%    6.65ms
 99.900%    7.89ms
 99.990%   12.51ms
 99.999%   12.51ms
100.000%   12.51ms

  Detailed Percentile spectrum:
       Value   Percentile   TotalCount 1/(1-Percentile)

       3.259     0.000000            1         1.00
       3.899     0.100000          392         1.11
       4.093     0.200000          783         1.25
       4.271     0.300000         1173         1.43
       4.431     0.400000         1563         1.67
       4.603     0.500000         1957         2.00
       4.683     0.550000         2149         2.22
       4.767     0.600000         2341         2.50
       4.851     0.650000         2534         2.86
       4.947     0.700000         2730         3.33
       5.063     0.750000         2924         4.00
       5.131     0.775000         3035         4.44
       5.191     0.800000         3124         5.00
       5.279     0.825000         3220         5.71
       5.351     0.850000         3317         6.67
       5.447     0.875000         3410         8.00
       5.503     0.887500         3464         8.89
       5.567     0.900000         3510        10.00
       5.627     0.912500         3561        11.43
       5.691     0.925000         3608        13.33
       5.763     0.937500         3654        16.00
       5.811     0.943750         3678        17.78
       5.871     0.950000         3703        20.00
       5.919     0.956250         3727        22.86
       5.979     0.962500         3751        26.67
       6.087     0.968750         3776        32.00
       6.123     0.971875         3788        35.56
       6.187     0.975000         3802        40.00
       6.271     0.978125         3812        45.71
       6.375     0.981250         3824        53.33
       6.467     0.984375         3837        64.00
       6.503     0.985938         3843        71.11
       6.571     0.987500         3849        80.00
       6.627     0.989062         3855        91.43
       6.675     0.990625         3861       106.67
       6.759     0.992188         3867       128.00
       6.779     0.992969         3870       142.22
       6.855     0.993750         3873       160.00
       6.891     0.994531         3876       182.86
       6.935     0.995313         3879       213.33
       6.975     0.996094         3882       256.00
       7.051     0.996484         3884       284.44
       7.067     0.996875         3885       320.00
       7.155     0.997266         3887       365.71
       7.307     0.997656         3888       426.67
       7.603     0.998047         3890       512.00
       7.683     0.998242         3892       568.89
       7.683     0.998437         3892       640.00
       7.683     0.998633         3892       731.43
       7.887     0.998828         3893       853.33
       8.543     0.999023         3894      1024.00
       8.543     0.999121         3894      1137.78
       8.543     0.999219         3894      1280.00
       8.815     0.999316         3895      1462.86
       8.815     0.999414         3895      1706.67
       8.911     0.999512         3896      2048.00
       8.911     0.999561         3896      2275.56
       8.911     0.999609         3896      2560.00
       8.911     0.999658         3896      2925.71
       8.911     0.999707         3896      3413.33
      12.511     0.999756         3897      4096.00
      12.511     1.000000         3897          inf
#[Mean    =        4.677, StdDeviation   =        0.680]
#[Max     =       12.504, Total count    =         3897]
#[Buckets =           27, SubBuckets     =         2048]
-----------------------------------------------------------------------
  5826 requests in 30.13s, 1.19MB read
  Socket errors: connect 0, read 0, write 0, timeout 9602
Requests/sec:    193.37  
Transfer/sec:     40.60KB
