Running 30s test @ http://ms1311.utah.cloudlab.us:8080/wrk2-api/post/compose
  8 threads and 1000 connections

  Thread calibration: mean lat.: 12.805ms, rate sampling interval: 37ms
  Thread calibration: mean lat.: 12.455ms, rate sampling interval: 36ms
  Thread calibration: mean lat.: 12.466ms, rate sampling interval: 35ms
  Thread calibration: mean lat.: 12.254ms, rate sampling interval: 34ms
  Thread calibration: mean lat.: 12.816ms, rate sampling interval: 37ms
  Thread calibration: mean lat.: 12.641ms, rate sampling interval: 36ms
  Thread calibration: mean lat.: 12.676ms, rate sampling interval: 36ms
  Thread calibration: mean lat.: 13.859ms, rate sampling interval: 36ms
Logging function completed.

-----------------------------------------------------------------------
Test Results @ http://ms1311.utah.cloudlab.us:8080/wrk2-api/post/compose 
  Thread Stats   Avg      Stdev     99%   +/- Stdev
    Latency    13.36ms    4.87ms  30.86ms   80.61%
    Req/Sec    24.57     26.68   111.00     78.25%
  Latency Distribution (HdrHistogram - Recorded Latency)
 50.000%   12.40ms
 75.000%   15.63ms
 90.000%   19.01ms
 99.000%   30.86ms
 99.900%   49.12ms
 99.990%   62.46ms
 99.999%   62.46ms
100.000%   62.46ms

  Detailed Percentile spectrum:
       Value   Percentile   TotalCount 1/(1-Percentile)

       5.675     0.000000            1         1.00
       8.743     0.100000          390         1.11
       9.511     0.200000          781         1.25
      10.295     0.300000         1171         1.43
      11.287     0.400000         1558         1.67
      12.399     0.500000         1947         2.00
      12.967     0.550000         2145         2.22
      13.551     0.600000         2337         2.50
      14.167     0.650000         2532         2.86
      14.927     0.700000         2727         3.33
      15.631     0.750000         2924         4.00
      16.055     0.775000         3018         4.44
      16.463     0.800000         3118         5.00
      16.943     0.825000         3213         5.71
      17.423     0.850000         3312         6.67
      18.015     0.875000         3409         8.00
      18.479     0.887500         3456         8.89
      19.007     0.900000         3506        10.00
      19.487     0.912500         3554        11.43
      19.903     0.925000         3602        13.33
      20.543     0.937500         3653        16.00
      20.879     0.943750         3676        17.78
      21.359     0.950000         3701        20.00
      21.791     0.956250         3724        22.86
      22.511     0.962500         3748        26.67
      23.471     0.968750         3774        32.00
      24.127     0.971875         3785        35.56
      24.559     0.975000         3797        40.00
      25.071     0.978125         3809        45.71
      26.191     0.981250         3821        53.33
      27.807     0.984375         3834        64.00
      28.655     0.985938         3840        71.11
      29.375     0.987500         3846        80.00
      30.447     0.989062         3852        91.43
      31.087     0.990625         3858       106.67
      31.951     0.992188         3864       128.00
      32.959     0.992969         3867       142.22
      33.759     0.993750         3870       160.00
      35.199     0.994531         3873       182.86
      37.087     0.995313         3876       213.33
      39.135     0.996094         3879       256.00
      39.519     0.996484         3881       284.44
      39.583     0.996875         3882       320.00
      42.143     0.997266         3884       365.71
      42.431     0.997656         3885       426.67
      43.871     0.998047         3887       512.00
      46.943     0.998242         3888       568.89
      46.943     0.998437         3888       640.00
      47.167     0.998633         3889       731.43
      49.119     0.998828         3890       853.33
      52.479     0.999023         3891      1024.00
      52.479     0.999121         3891      1137.78
      52.479     0.999219         3891      1280.00
      53.407     0.999316         3892      1462.86
      53.407     0.999414         3892      1706.67
      62.271     0.999512         3893      2048.00
      62.271     0.999561         3893      2275.56
      62.271     0.999609         3893      2560.00
      62.271     0.999658         3893      2925.71
      62.271     0.999707         3893      3413.33
      62.463     0.999756         3894      4096.00
      62.463     1.000000         3894          inf
#[Mean    =       13.358, StdDeviation   =        4.868]
#[Max     =       62.432, Total count    =         3894]
#[Buckets =           27, SubBuckets     =         2048]
-----------------------------------------------------------------------
  5818 requests in 30.07s, 1.19MB read
  Socket errors: connect 0, read 0, write 0, timeout 9509
Requests/sec:    193.46  
Transfer/sec:     40.62KB
