Running 30s test @ http://ms1311.utah.cloudlab.us:8080/wrk2-api/post/compose
  8 threads and 1000 connections

  Thread calibration: mean lat.: 12.588ms, rate sampling interval: 35ms
  Thread calibration: mean lat.: 12.481ms, rate sampling interval: 34ms
  Thread calibration: mean lat.: 12.688ms, rate sampling interval: 34ms
  Thread calibration: mean lat.: 12.788ms, rate sampling interval: 37ms
  Thread calibration: mean lat.: 12.443ms, rate sampling interval: 36ms
  Thread calibration: mean lat.: 13.575ms, rate sampling interval: 36ms
  Thread calibration: mean lat.: 12.863ms, rate sampling interval: 36ms
  Thread calibration: mean lat.: 13.290ms, rate sampling interval: 35ms
Logging function completed.

-----------------------------------------------------------------------
Test Results @ http://ms1311.utah.cloudlab.us:8080/wrk2-api/post/compose 
  Thread Stats   Avg      Stdev     99%   +/- Stdev
    Latency    13.40ms    4.69ms  28.45ms   78.04%
    Req/Sec    24.57     26.33   108.00     78.88%
  Latency Distribution (HdrHistogram - Recorded Latency)
 50.000%   12.57ms
 75.000%   15.63ms
 90.000%   18.88ms
 99.000%   28.45ms
 99.900%   45.53ms
 99.990%   50.05ms
 99.999%   50.05ms
100.000%   50.05ms

  Detailed Percentile spectrum:
       Value   Percentile   TotalCount 1/(1-Percentile)

       5.019     0.000000            1         1.00
       8.759     0.100000          390         1.11
       9.567     0.200000          780         1.25
      10.391     0.300000         1175         1.43
      11.375     0.400000         1560         1.67
      12.567     0.500000         1952         2.00
      13.159     0.550000         2144         2.22
      13.719     0.600000         2340         2.50
      14.319     0.650000         2535         2.86
      14.999     0.700000         2729         3.33
      15.631     0.750000         2927         4.00
      16.007     0.775000         3021         4.44
      16.415     0.800000         3120         5.00
      16.911     0.825000         3217         5.71
      17.535     0.850000         3314         6.67
      18.047     0.875000         3412         8.00
      18.479     0.887500         3460         8.89
      18.879     0.900000         3510        10.00
      19.407     0.912500         3557        11.43
      19.951     0.925000         3606        13.33
      20.735     0.937500         3655        16.00
      21.295     0.943750         3679        17.78
      21.727     0.950000         3704        20.00
      22.367     0.956250         3728        22.86
      23.103     0.962500         3753        26.67
      24.191     0.968750         3777        32.00
      24.911     0.971875         3789        35.56
      25.167     0.975000         3801        40.00
      25.663     0.978125         3814        45.71
      26.463     0.981250         3825        53.33
      27.551     0.984375         3839        64.00
      27.695     0.985938         3844        71.11
      28.143     0.987500         3851        80.00
      28.287     0.989062         3857        91.43
      29.007     0.990625         3862       106.67
      30.223     0.992188         3868       128.00
      31.295     0.992969         3871       142.22
      31.695     0.993750         3874       160.00
      32.463     0.994531         3877       182.86
      32.927     0.995313         3880       213.33
      33.567     0.996094         3883       256.00
      35.679     0.996484         3885       284.44
      36.959     0.996875         3886       320.00
      37.663     0.997266         3888       365.71
      37.727     0.997656         3889       426.67
      41.471     0.998047         3891       512.00
      44.863     0.998242         3892       568.89
      44.863     0.998437         3892       640.00
      45.279     0.998633         3893       731.43
      45.535     0.998828         3894       853.33
      45.919     0.999023         3895      1024.00
      45.919     0.999121         3895      1137.78
      45.919     0.999219         3895      1280.00
      48.735     0.999316         3896      1462.86
      48.735     0.999414         3896      1706.67
      49.599     0.999512         3897      2048.00
      49.599     0.999561         3897      2275.56
      49.599     0.999609         3897      2560.00
      49.599     0.999658         3897      2925.71
      49.599     0.999707         3897      3413.33
      50.047     0.999756         3898      4096.00
      50.047     1.000000         3898          inf
#[Mean    =       13.395, StdDeviation   =        4.692]
#[Max     =       50.016, Total count    =         3898]
#[Buckets =           27, SubBuckets     =         2048]
-----------------------------------------------------------------------
  5803 requests in 30.11s, 1.19MB read
  Socket errors: connect 0, read 0, write 0, timeout 9504
Requests/sec:    192.75  
Transfer/sec:     40.47KB
