Running 30s test @ http://ms1311.utah.cloudlab.us:8080/wrk2-api/post/compose
  8 threads and 1000 connections

  Thread calibration: mean lat.: 12.890ms, rate sampling interval: 34ms
  Thread calibration: mean lat.: 12.079ms, rate sampling interval: 34ms
  Thread calibration: mean lat.: 12.467ms, rate sampling interval: 37ms
  Thread calibration: mean lat.: 12.223ms, rate sampling interval: 36ms
  Thread calibration: mean lat.: 11.782ms, rate sampling interval: 33ms
  Thread calibration: mean lat.: 12.328ms, rate sampling interval: 34ms
  Thread calibration: mean lat.: 12.051ms, rate sampling interval: 35ms
  Thread calibration: mean lat.: 12.045ms, rate sampling interval: 33ms
Logging function completed.

-----------------------------------------------------------------------
Test Results @ http://ms1311.utah.cloudlab.us:8080/wrk2-api/post/compose 
  Thread Stats   Avg      Stdev     99%   +/- Stdev
    Latency    13.27ms    4.44ms  27.53ms   72.07%
    Req/Sec    24.62     27.03   111.00     79.49%
  Latency Distribution (HdrHistogram - Recorded Latency)
 50.000%   12.54ms
 75.000%   15.91ms
 90.000%   18.93ms
 99.000%   27.53ms
 99.900%   32.65ms
 99.990%   39.68ms
 99.999%   39.68ms
100.000%   39.68ms

  Detailed Percentile spectrum:
       Value   Percentile   TotalCount 1/(1-Percentile)

       4.547     0.000000            1         1.00
       8.583     0.100000          392         1.11
       9.511     0.200000          786         1.25
      10.271     0.300000         1170         1.43
      11.391     0.400000         1561         1.67
      12.543     0.500000         1950         2.00
      13.199     0.550000         2146         2.22
      13.783     0.600000         2340         2.50
      14.383     0.650000         2535         2.86
      15.111     0.700000         2730         3.33
      15.911     0.750000         2925         4.00
      16.247     0.775000         3023         4.44
      16.687     0.800000         3122         5.00
      17.135     0.825000         3220         5.71
      17.791     0.850000         3317         6.67
      18.287     0.875000         3415         8.00
      18.607     0.887500         3462         8.89
      18.927     0.900000         3510        10.00
      19.439     0.912500         3559        11.43
      19.871     0.925000         3607        13.33
      20.479     0.937500         3656        16.00
      20.879     0.943750         3680        17.78
      21.311     0.950000         3705        20.00
      21.743     0.956250         3729        22.86
      22.207     0.962500         3753        26.67
      22.799     0.968750         3779        32.00
      23.071     0.971875         3790        35.56
      23.455     0.975000         3802        40.00
      23.935     0.978125         3815        45.71
      24.415     0.981250         3826        53.33
      25.231     0.984375         3839        64.00
      25.727     0.985938         3845        71.11
      26.575     0.987500         3851        80.00
      27.391     0.989062         3857        91.43
      27.663     0.990625         3863       106.67
      28.399     0.992188         3869       128.00
      28.671     0.992969         3872       142.22
      29.375     0.993750         3875       160.00
      29.999     0.994531         3878       182.86
      30.351     0.995313         3881       213.33
      30.911     0.996094         3884       256.00
      30.975     0.996484         3886       284.44
      31.087     0.996875         3887       320.00
      31.967     0.997266         3889       365.71
      32.031     0.997656         3890       426.67
      32.191     0.998047         3892       512.00
      32.271     0.998242         3893       568.89
      32.271     0.998437         3893       640.00
      32.511     0.998633         3894       731.43
      32.655     0.998828         3895       853.33
      36.511     0.999023         3896      1024.00
      36.511     0.999121         3896      1137.78
      36.511     0.999219         3896      1280.00
      36.927     0.999316         3897      1462.86
      36.927     0.999414         3897      1706.67
      38.015     0.999512         3898      2048.00
      38.015     0.999561         3898      2275.56
      38.015     0.999609         3898      2560.00
      38.015     0.999658         3898      2925.71
      38.015     0.999707         3898      3413.33
      39.679     0.999756         3899      4096.00
      39.679     1.000000         3899          inf
#[Mean    =       13.268, StdDeviation   =        4.440]
#[Max     =       39.648, Total count    =         3899]
#[Buckets =           27, SubBuckets     =         2048]
-----------------------------------------------------------------------
  5799 requests in 30.07s, 1.19MB read
  Socket errors: connect 0, read 0, write 0, timeout 9515
Requests/sec:    192.84  
Transfer/sec:     40.49KB
