Running 30s test @ http://ms1311.utah.cloudlab.us:8080/wrk2-api/post/compose
  8 threads and 1000 connections

  Thread calibration: mean lat.: 13.271ms, rate sampling interval: 38ms
  Thread calibration: mean lat.: 13.221ms, rate sampling interval: 37ms
  Thread calibration: mean lat.: 13.230ms, rate sampling interval: 36ms
  Thread calibration: mean lat.: 13.915ms, rate sampling interval: 40ms
  Thread calibration: mean lat.: 13.548ms, rate sampling interval: 38ms
  Thread calibration: mean lat.: 13.206ms, rate sampling interval: 37ms
  Thread calibration: mean lat.: 13.339ms, rate sampling interval: 37ms
  Thread calibration: mean lat.: 13.218ms, rate sampling interval: 37ms
Logging function completed.

-----------------------------------------------------------------------
Test Results @ http://ms1311.utah.cloudlab.us:8080/wrk2-api/post/compose 
  Thread Stats   Avg      Stdev     99%   +/- Stdev
    Latency    13.23ms    4.65ms  29.34ms   76.08%
    Req/Sec    24.68     25.85   105.00     79.05%
  Latency Distribution (HdrHistogram - Recorded Latency)
 50.000%   12.22ms
 75.000%   15.55ms
 90.000%   19.22ms
 99.000%   29.34ms
 99.900%   36.90ms
 99.990%   40.86ms
 99.999%   40.86ms
100.000%   40.86ms

  Detailed Percentile spectrum:
       Value   Percentile   TotalCount 1/(1-Percentile)

       4.367     0.000000            1         1.00
       8.599     0.100000          392         1.11
       9.423     0.200000          782         1.25
      10.119     0.300000         1172         1.43
      11.079     0.400000         1561         1.67
      12.223     0.500000         1954         2.00
      12.815     0.550000         2146         2.22
      13.527     0.600000         2342         2.50
      14.199     0.650000         2536         2.86
      14.895     0.700000         2732         3.33
      15.551     0.750000         2926         4.00
      16.039     0.775000         3024         4.44
      16.527     0.800000         3121         5.00
      17.039     0.825000         3220         5.71
      17.647     0.850000         3318         6.67
      18.415     0.875000         3415         8.00
      18.799     0.887500         3465         8.89
      19.215     0.900000         3511        10.00
      19.711     0.912500         3560        11.43
      20.447     0.925000         3609        13.33
      21.119     0.937500         3658        16.00
      21.583     0.943750         3682        17.78
      21.983     0.950000         3706        20.00
      22.479     0.956250         3731        22.86
      23.183     0.962500         3756        26.67
      24.239     0.968750         3780        32.00
      24.527     0.971875         3792        35.56
      24.879     0.975000         3804        40.00
      25.231     0.978125         3816        45.71
      25.935     0.981250         3828        53.33
      27.103     0.984375         3841        64.00
      27.855     0.985938         3847        71.11
      28.415     0.987500         3853        80.00
      28.783     0.989062         3859        91.43
      29.647     0.990625         3865       106.67
      30.127     0.992188         3871       128.00
      30.319     0.992969         3874       142.22
      30.655     0.993750         3877       160.00
      30.879     0.994531         3880       182.86
      31.887     0.995313         3884       213.33
      32.047     0.996094         3886       256.00
      32.287     0.996484         3888       284.44
      32.319     0.996875         3889       320.00
      32.863     0.997266         3891       365.71
      33.823     0.997656         3892       426.67
      34.847     0.998047         3894       512.00
      35.775     0.998242         3895       568.89
      35.775     0.998437         3895       640.00
      35.935     0.998633         3896       731.43
      36.895     0.998828         3897       853.33
      38.751     0.999023         3898      1024.00
      38.751     0.999121         3898      1137.78
      38.751     0.999219         3898      1280.00
      39.135     0.999316         3899      1462.86
      39.135     0.999414         3899      1706.67
      40.063     0.999512         3900      2048.00
      40.063     0.999561         3900      2275.56
      40.063     0.999609         3900      2560.00
      40.063     0.999658         3900      2925.71
      40.063     0.999707         3900      3413.33
      40.863     0.999756         3901      4096.00
      40.863     1.000000         3901          inf
#[Mean    =       13.230, StdDeviation   =        4.653]
#[Max     =       40.832, Total count    =         3901]
#[Buckets =           27, SubBuckets     =         2048]
-----------------------------------------------------------------------
  5863 requests in 30.05s, 1.20MB read
  Socket errors: connect 0, read 0, write 0, timeout 9480
Requests/sec:    195.10  
Transfer/sec:     40.96KB
