Running 30s test @ http://node0.krisub-247336.ldos-ut-pg0.wisc.cloudlab.us:8080/wrk2-api/post/compose
  8 threads and 1000 connections

  Thread calibration: mean lat.: 4.933ms, rate sampling interval: 11ms
  Thread calibration: mean lat.: 5.162ms, rate sampling interval: 12ms
  Thread calibration: mean lat.: 4.863ms, rate sampling interval: 11ms
  Thread calibration: mean lat.: 5.242ms, rate sampling interval: 12ms
  Thread calibration: mean lat.: 4.895ms, rate sampling interval: 11ms
  Thread calibration: mean lat.: 4.856ms, rate sampling interval: 11ms
  Thread calibration: mean lat.: 4.881ms, rate sampling interval: 11ms
  Thread calibration: mean lat.: 4.896ms, rate sampling interval: 11ms
Logging function completed.

-----------------------------------------------------------------------
Test Results @ http://node0.krisub-247336.ldos-ut-pg0.wisc.cloudlab.us:8080/wrk2-api/post/compose 
  Thread Stats   Avg      Stdev     99%   +/- Stdev
    Latency     4.66ms    0.86ms   6.60ms   83.17%
    Req/Sec    25.48     48.12   181.00     75.62%
  Latency Distribution (HdrHistogram - Recorded Latency)
 50.000%    4.55ms
 75.000%    5.05ms
 90.000%    5.53ms
 99.000%    6.60ms
 99.900%    9.19ms
 99.990%   24.53ms
 99.999%   24.53ms
100.000%   24.53ms

  Detailed Percentile spectrum:
       Value   Percentile   TotalCount 1/(1-Percentile)

       3.297     0.000000            1         1.00
       3.883     0.100000          392         1.11
       4.063     0.200000          780         1.25
       4.223     0.300000         1173         1.43
       4.387     0.400000         1563         1.67
       4.551     0.500000         1950         2.00
       4.639     0.550000         2151         2.22
       4.735     0.600000         2339         2.50
       4.839     0.650000         2535         2.86
       4.931     0.700000         2730         3.33
       5.055     0.750000         2931         4.00
       5.111     0.775000         3027         4.44
       5.179     0.800000         3122         5.00
       5.251     0.825000         3217         5.71
       5.343     0.850000         3314         6.67
       5.443     0.875000         3411         8.00
       5.487     0.887500         3459         8.89
       5.527     0.900000         3508        10.00
       5.595     0.912500         3560        11.43
       5.663     0.925000         3609        13.33
       5.735     0.937500         3656        16.00
       5.779     0.943750         3679        17.78
       5.843     0.950000         3705        20.00
       5.919     0.956250         3729        22.86
       5.999     0.962500         3754        26.67
       6.055     0.968750         3778        32.00
       6.099     0.971875         3788        35.56
       6.155     0.975000         3800        40.00
       6.211     0.978125         3812        45.71
       6.299     0.981250         3824        53.33
       6.367     0.984375         3837        64.00
       6.439     0.985938         3844        71.11
       6.495     0.987500         3849        80.00
       6.591     0.989062         3856        91.43
       6.647     0.990625         3861       106.67
       6.695     0.992188         3867       128.00
       6.723     0.992969         3870       142.22
       6.759     0.993750         3873       160.00
       6.915     0.994531         3876       182.86
       6.939     0.995313         3879       213.33
       7.063     0.996094         3882       256.00
       7.079     0.996484         3884       284.44
       7.167     0.996875         3885       320.00
       7.283     0.997266         3887       365.71
       7.371     0.997656         3888       426.67
       7.403     0.998047         3890       512.00
       7.439     0.998242         3891       568.89
       7.439     0.998437         3891       640.00
       7.831     0.998633         3892       731.43
       9.191     0.998828         3893       853.33
      15.447     0.999023         3894      1024.00
      15.447     0.999121         3894      1137.78
      15.447     0.999219         3894      1280.00
      21.407     0.999316         3895      1462.86
      21.407     0.999414         3895      1706.67
      24.175     0.999512         3896      2048.00
      24.175     0.999561         3896      2275.56
      24.175     0.999609         3896      2560.00
      24.175     0.999658         3896      2925.71
      24.175     0.999707         3896      3413.33
      24.527     0.999756         3897      4096.00
      24.527     1.000000         3897          inf
#[Mean    =        4.660, StdDeviation   =        0.860]
#[Max     =       24.512, Total count    =         3897]
#[Buckets =           27, SubBuckets     =         2048]
-----------------------------------------------------------------------
  5805 requests in 30.10s, 1.19MB read
  Socket errors: connect 0, read 0, write 0, timeout 9508
Requests/sec:    192.86  
Transfer/sec:     40.49KB
