Running 30s test @ http://node0.krisub-247336.ldos-ut-pg0.wisc.cloudlab.us:8080/wrk2-api/post/compose
  8 threads and 1000 connections

  Thread calibration: mean lat.: 4.522ms, rate sampling interval: 11ms
  Thread calibration: mean lat.: 5.307ms, rate sampling interval: 12ms
  Thread calibration: mean lat.: 4.615ms, rate sampling interval: 11ms
  Thread calibration: mean lat.: 4.778ms, rate sampling interval: 12ms
  Thread calibration: mean lat.: 4.564ms, rate sampling interval: 11ms
  Thread calibration: mean lat.: 4.717ms, rate sampling interval: 11ms
  Thread calibration: mean lat.: 4.571ms, rate sampling interval: 11ms
  Thread calibration: mean lat.: 4.792ms, rate sampling interval: 11ms
Logging function completed.

-----------------------------------------------------------------------
Test Results @ http://node0.krisub-247336.ldos-ut-pg0.wisc.cloudlab.us:8080/wrk2-api/post/compose 
  Thread Stats   Avg      Stdev     99%   +/- Stdev
    Latency     4.66ms  672.84us   6.55ms   69.20%
    Req/Sec    25.44     48.26   200.00     75.75%
  Latency Distribution (HdrHistogram - Recorded Latency)
 50.000%    4.58ms
 75.000%    5.05ms
 90.000%    5.55ms
 99.000%    6.55ms
 99.900%    7.73ms
 99.990%    8.70ms
 99.999%    8.70ms
100.000%    8.70ms

  Detailed Percentile spectrum:
       Value   Percentile   TotalCount 1/(1-Percentile)

       3.133     0.000000            1         1.00
       3.849     0.100000          391         1.11
       4.073     0.200000          780         1.25
       4.271     0.300000         1176         1.43
       4.423     0.400000         1566         1.67
       4.579     0.500000         1955         2.00
       4.663     0.550000         2144         2.22
       4.759     0.600000         2339         2.50
       4.843     0.650000         2536         2.86
       4.943     0.700000         2729         3.33
       5.051     0.750000         2926         4.00
       5.115     0.775000         3022         4.44
       5.175     0.800000         3119         5.00
       5.251     0.825000         3214         5.71
       5.339     0.850000         3310         6.67
       5.431     0.875000         3410         8.00
       5.491     0.887500         3456         8.89
       5.551     0.900000         3505        10.00
       5.611     0.912500         3553        11.43
       5.675     0.925000         3603        13.33
       5.755     0.937500         3650        16.00
       5.811     0.943750         3675        17.78
       5.871     0.950000         3700        20.00
       5.919     0.956250         3723        22.86
       5.995     0.962500         3749        26.67
       6.067     0.968750         3774        32.00
       6.099     0.971875         3785        35.56
       6.135     0.975000         3796        40.00
       6.203     0.978125         3808        45.71
       6.315     0.981250         3821        53.33
       6.371     0.984375         3833        64.00
       6.403     0.985938         3839        71.11
       6.439     0.987500         3845        80.00
       6.503     0.989062         3852        91.43
       6.563     0.990625         3857       106.67
       6.711     0.992188         3863       128.00
       6.775     0.992969         3866       142.22
       6.795     0.993750         3869       160.00
       6.923     0.994531         3872       182.86
       6.947     0.995313         3875       213.33
       7.051     0.996094         3878       256.00
       7.131     0.996484         3880       284.44
       7.143     0.996875         3881       320.00
       7.267     0.997266         3883       365.71
       7.311     0.997656         3884       426.67
       7.331     0.998047         3886       512.00
       7.375     0.998242         3887       568.89
       7.375     0.998437         3887       640.00
       7.379     0.998633         3888       731.43
       7.731     0.998828         3889       853.33
       7.867     0.999023         3890      1024.00
       7.867     0.999121         3890      1137.78
       7.867     0.999219         3890      1280.00
       8.007     0.999316         3891      1462.86
       8.007     0.999414         3891      1706.67
       8.163     0.999512         3892      2048.00
       8.163     0.999561         3892      2275.56
       8.163     0.999609         3892      2560.00
       8.163     0.999658         3892      2925.71
       8.163     0.999707         3892      3413.33
       8.703     0.999756         3893      4096.00
       8.703     1.000000         3893          inf
#[Mean    =        4.656, StdDeviation   =        0.673]
#[Max     =        8.696, Total count    =         3893]
#[Buckets =           27, SubBuckets     =         2048]
-----------------------------------------------------------------------
  5824 requests in 30.04s, 1.19MB read
  Socket errors: connect 0, read 0, write 0, timeout 9512
Requests/sec:    193.85  
Transfer/sec:     40.70KB
