Running 30s test @ http://node0.krisub-247336.ldos-ut-pg0.wisc.cloudlab.us:8080/wrk2-api/post/compose
  8 threads and 1000 connections

  Thread calibration: mean lat.: 5.256ms, rate sampling interval: 12ms
  Thread calibration: mean lat.: 5.883ms, rate sampling interval: 13ms
  Thread calibration: mean lat.: 5.367ms, rate sampling interval: 13ms
  Thread calibration: mean lat.: 5.043ms, rate sampling interval: 11ms
  Thread calibration: mean lat.: 5.137ms, rate sampling interval: 12ms
  Thread calibration: mean lat.: 5.000ms, rate sampling interval: 12ms
  Thread calibration: mean lat.: 5.119ms, rate sampling interval: 12ms
  Thread calibration: mean lat.: 5.076ms, rate sampling interval: 12ms
Logging function completed.

-----------------------------------------------------------------------
Test Results @ http://node0.krisub-247336.ldos-ut-pg0.wisc.cloudlab.us:8080/wrk2-api/post/compose 
  Thread Stats   Avg      Stdev     99%   +/- Stdev
    Latency     4.43ms  646.86us   6.26ms   71.87%
    Req/Sec    25.35     46.93   181.00     74.45%
  Latency Distribution (HdrHistogram - Recorded Latency)
 50.000%    4.30ms
 75.000%    4.80ms
 90.000%    5.34ms
 99.000%    6.26ms
 99.900%    7.80ms
 99.990%    9.17ms
 99.999%    9.17ms
100.000%    9.17ms

  Detailed Percentile spectrum:
       Value   Percentile   TotalCount 1/(1-Percentile)

       3.173     0.000000            1         1.00
       3.741     0.100000          391         1.11
       3.887     0.200000          788         1.25
       4.013     0.300000         1170         1.43
       4.143     0.400000         1561         1.67
       4.299     0.500000         1951         2.00
       4.383     0.550000         2143         2.22
       4.471     0.600000         2339         2.50
       4.571     0.650000         2533         2.86
       4.671     0.700000         2731         3.33
       4.799     0.750000         2926         4.00
       4.871     0.775000         3023         4.44
       4.939     0.800000         3120         5.00
       5.023     0.825000         3218         5.71
       5.107     0.850000         3313         6.67
       5.207     0.875000         3411         8.00
       5.267     0.887500         3459         8.89
       5.339     0.900000         3510        10.00
       5.407     0.912500         3557        11.43
       5.471     0.925000         3604        13.33
       5.567     0.937500         3653        16.00
       5.607     0.943750         3678        17.78
       5.663     0.950000         3702        20.00
       5.731     0.956250         3726        22.86
       5.779     0.962500         3752        26.67
       5.875     0.968750         3777        32.00
       5.923     0.971875         3787        35.56
       5.955     0.975000         3800        40.00
       6.003     0.978125         3813        45.71
       6.047     0.981250         3823        53.33
       6.123     0.984375         3836        64.00
       6.167     0.985938         3843        71.11
       6.191     0.987500         3850        80.00
       6.239     0.989062         3854        91.43
       6.307     0.990625         3860       106.67
       6.363     0.992188         3866       128.00
       6.403     0.992969         3870       142.22
       6.475     0.993750         3872       160.00
       6.563     0.994531         3875       182.86
       6.647     0.995313         3878       213.33
       6.719     0.996094         3881       256.00
       6.787     0.996484         3883       284.44
       6.811     0.996875         3884       320.00
       6.855     0.997266         3886       365.71
       6.927     0.997656         3887       426.67
       7.047     0.998047         3889       512.00
       7.179     0.998242         3890       568.89
       7.179     0.998437         3890       640.00
       7.391     0.998633         3891       731.43
       7.795     0.998828         3892       853.33
       8.171     0.999023         3893      1024.00
       8.171     0.999121         3893      1137.78
       8.171     0.999219         3893      1280.00
       8.183     0.999316         3894      1462.86
       8.183     0.999414         3894      1706.67
       8.983     0.999512         3895      2048.00
       8.983     0.999561         3895      2275.56
       8.983     0.999609         3895      2560.00
       8.983     0.999658         3895      2925.71
       8.983     0.999707         3895      3413.33
       9.167     0.999756         3896      4096.00
       9.167     1.000000         3896          inf
#[Mean    =        4.434, StdDeviation   =        0.647]
#[Max     =        9.160, Total count    =         3896]
#[Buckets =           27, SubBuckets     =         2048]
-----------------------------------------------------------------------
  5825 requests in 30.05s, 1.19MB read
  Socket errors: connect 0, read 0, write 0, timeout 9510
Requests/sec:    193.87  
Transfer/sec:     40.70KB
