Running 30s test @ http://ms1311.utah.cloudlab.us:8080/wrk2-api/post/compose
  8 threads and 1000 connections

  Thread calibration: mean lat.: 12.905ms, rate sampling interval: 36ms
  Thread calibration: mean lat.: 12.598ms, rate sampling interval: 36ms
  Thread calibration: mean lat.: 12.309ms, rate sampling interval: 34ms
  Thread calibration: mean lat.: 12.426ms, rate sampling interval: 35ms
  Thread calibration: mean lat.: 13.165ms, rate sampling interval: 35ms
  Thread calibration: mean lat.: 12.771ms, rate sampling interval: 35ms
  Thread calibration: mean lat.: 12.639ms, rate sampling interval: 34ms
  Thread calibration: mean lat.: 12.771ms, rate sampling interval: 35ms
Logging function completed.

-----------------------------------------------------------------------
Test Results @ http://ms1311.utah.cloudlab.us:8080/wrk2-api/post/compose 
  Thread Stats   Avg      Stdev     99%   +/- Stdev
    Latency    13.93ms    5.57ms  33.85ms   80.83%
    Req/Sec    24.54     26.60   102.00     78.69%
  Latency Distribution (HdrHistogram - Recorded Latency)
 50.000%   12.55ms
 75.000%   16.19ms
 90.000%   20.53ms
 99.000%   33.85ms
 99.900%   47.13ms
 99.990%   82.30ms
 99.999%   82.30ms
100.000%   82.30ms

  Detailed Percentile spectrum:
       Value   Percentile   TotalCount 1/(1-Percentile)

       4.951     0.000000            1         1.00
       8.815     0.100000          393         1.11
       9.679     0.200000          780         1.25
      10.447     0.300000         1170         1.43
      11.367     0.400000         1559         1.67
      12.551     0.500000         1948         2.00
      13.271     0.550000         2144         2.22
      13.975     0.600000         2338         2.50
      14.687     0.650000         2534         2.86
      15.383     0.700000         2728         3.33
      16.191     0.750000         2923         4.00
      16.735     0.775000         3020         4.44
      17.311     0.800000         3121         5.00
      17.935     0.825000         3215         5.71
      18.687     0.850000         3314         6.67
      19.599     0.875000         3409         8.00
      19.999     0.887500         3459         8.89
      20.543     0.900000         3507        10.00
      21.231     0.912500         3556        11.43
      21.983     0.925000         3604        13.33
      22.943     0.937500         3653        16.00
      23.599     0.943750         3677        17.78
      24.223     0.950000         3702        20.00
      24.815     0.956250         3726        22.86
      25.711     0.962500         3750        26.67
      26.863     0.968750         3776        32.00
      27.551     0.971875         3787        35.56
      28.527     0.975000         3799        40.00
      29.167     0.978125         3811        45.71
      30.127     0.981250         3823        53.33
      31.375     0.984375         3837        64.00
      31.791     0.985938         3842        71.11
      32.399     0.987500         3848        80.00
      33.087     0.989062         3854        91.43
      34.079     0.990625         3860       106.67
      35.231     0.992188         3866       128.00
      35.839     0.992969         3869       142.22
      37.695     0.993750         3872       160.00
      37.887     0.994531         3875       182.86
      38.399     0.995313         3878       213.33
      39.999     0.996094         3881       256.00
      40.831     0.996484         3883       284.44
      41.375     0.996875         3884       320.00
      42.495     0.997266         3886       365.71
      42.911     0.997656         3887       426.67
      44.607     0.998047         3889       512.00
      45.855     0.998242         3890       568.89
      45.855     0.998437         3890       640.00
      46.303     0.998633         3891       731.43
      47.135     0.998828         3892       853.33
      47.711     0.999023         3893      1024.00
      47.711     0.999121         3893      1137.78
      47.711     0.999219         3893      1280.00
      53.343     0.999316         3894      1462.86
      53.343     0.999414         3894      1706.67
      57.183     0.999512         3895      2048.00
      57.183     0.999561         3895      2275.56
      57.183     0.999609         3895      2560.00
      57.183     0.999658         3895      2925.71
      57.183     0.999707         3895      3413.33
      82.303     0.999756         3896      4096.00
      82.303     1.000000         3896          inf
#[Mean    =       13.929, StdDeviation   =        5.572]
#[Max     =       82.240, Total count    =         3896]
#[Buckets =           27, SubBuckets     =         2048]
-----------------------------------------------------------------------
  5863 requests in 30.13s, 1.20MB read
  Socket errors: connect 0, read 0, write 0, timeout 9571
Requests/sec:    194.59  
Transfer/sec:     40.86KB
