Running 30s test @ http://ms1311.utah.cloudlab.us:8080/wrk2-api/post/compose
  8 threads and 1000 connections

  Thread calibration: mean lat.: 12.145ms, rate sampling interval: 34ms
  Thread calibration: mean lat.: 12.387ms, rate sampling interval: 35ms
  Thread calibration: mean lat.: 12.154ms, rate sampling interval: 35ms
  Thread calibration: mean lat.: 12.099ms, rate sampling interval: 32ms
  Thread calibration: mean lat.: 12.108ms, rate sampling interval: 33ms
  Thread calibration: mean lat.: 12.865ms, rate sampling interval: 37ms
  Thread calibration: mean lat.: 12.508ms, rate sampling interval: 33ms
  Thread calibration: mean lat.: 12.850ms, rate sampling interval: 36ms
Logging function completed.

-----------------------------------------------------------------------
Test Results @ http://ms1311.utah.cloudlab.us:8080/wrk2-api/post/compose 
  Thread Stats   Avg      Stdev     99%   +/- Stdev
    Latency    13.92ms    4.55ms  28.33ms   72.70%
    Req/Sec    24.59     26.97   108.00     79.45%
  Latency Distribution (HdrHistogram - Recorded Latency)
 50.000%   13.19ms
 75.000%   16.51ms
 90.000%   19.76ms
 99.000%   28.33ms
 99.900%   40.54ms
 99.990%   45.79ms
 99.999%   45.79ms
100.000%   45.79ms

  Detailed Percentile spectrum:
       Value   Percentile   TotalCount 1/(1-Percentile)

       4.931     0.000000            1         1.00
       9.103     0.100000          393         1.11
       9.991     0.200000          780         1.25
      10.847     0.300000         1173         1.43
      11.927     0.400000         1561         1.67
      13.191     0.500000         1949         2.00
      13.831     0.550000         2144         2.22
      14.375     0.600000         2343         2.50
      14.991     0.650000         2534         2.86
      15.719     0.700000         2729         3.33
      16.511     0.750000         2924         4.00
      16.911     0.775000         3021         4.44
      17.343     0.800000         3120         5.00
      17.807     0.825000         3216         5.71
      18.415     0.850000         3314         6.67
      19.039     0.875000         3412         8.00
      19.327     0.887500         3459         8.89
      19.759     0.900000         3508        10.00
      20.207     0.912500         3558        11.43
      20.623     0.925000         3605        13.33
      21.151     0.937500         3654        16.00
      21.519     0.943750         3679        17.78
      22.063     0.950000         3703        20.00
      22.351     0.956250         3727        22.86
      22.751     0.962500         3751        26.67
      23.359     0.968750         3776        32.00
      23.759     0.971875         3788        35.56
      24.207     0.975000         3800        40.00
      25.071     0.978125         3812        45.71
      25.439     0.981250         3824        53.33
      26.463     0.984375         3837        64.00
      27.119     0.985938         3843        71.11
      27.455     0.987500         3849        80.00
      28.079     0.989062         3855        91.43
      28.879     0.990625         3861       106.67
      29.855     0.992188         3867       128.00
      30.191     0.992969         3870       142.22
      30.975     0.993750         3873       160.00
      31.519     0.994531         3876       182.86
      32.047     0.995313         3879       213.33
      32.319     0.996094         3882       256.00
      32.687     0.996484         3884       284.44
      32.703     0.996875         3885       320.00
      34.079     0.997266         3887       365.71
      34.655     0.997656         3888       426.67
      34.815     0.998047         3890       512.00
      36.351     0.998242         3891       568.89
      36.351     0.998437         3891       640.00
      37.631     0.998633         3892       731.43
      40.543     0.998828         3893       853.33
      42.591     0.999023         3894      1024.00
      42.591     0.999121         3894      1137.78
      42.591     0.999219         3894      1280.00
      44.063     0.999316         3895      1462.86
      44.063     0.999414         3895      1706.67
      45.087     0.999512         3896      2048.00
      45.087     0.999561         3896      2275.56
      45.087     0.999609         3896      2560.00
      45.087     0.999658         3896      2925.71
      45.087     0.999707         3896      3413.33
      45.791     0.999756         3897      4096.00
      45.791     1.000000         3897          inf
#[Mean    =       13.919, StdDeviation   =        4.551]
#[Max     =       45.760, Total count    =         3897]
#[Buckets =           27, SubBuckets     =         2048]
-----------------------------------------------------------------------
  5802 requests in 30.13s, 1.19MB read
  Socket errors: connect 0, read 0, write 0, timeout 9595
Requests/sec:    192.59  
Transfer/sec:     40.44KB
