Running 30s test @ http://ms1311.utah.cloudlab.us:8080/wrk2-api/post/compose
  8 threads and 1000 connections

  Thread calibration: mean lat.: 13.097ms, rate sampling interval: 37ms
  Thread calibration: mean lat.: 13.199ms, rate sampling interval: 37ms
  Thread calibration: mean lat.: 12.814ms, rate sampling interval: 36ms
  Thread calibration: mean lat.: 12.337ms, rate sampling interval: 34ms
  Thread calibration: mean lat.: 12.816ms, rate sampling interval: 37ms
  Thread calibration: mean lat.: 13.456ms, rate sampling interval: 35ms
  Thread calibration: mean lat.: 12.553ms, rate sampling interval: 34ms
  Thread calibration: mean lat.: 12.076ms, rate sampling interval: 34ms
Logging function completed.

-----------------------------------------------------------------------
Test Results @ http://ms1311.utah.cloudlab.us:8080/wrk2-api/post/compose 
  Thread Stats   Avg      Stdev     99%   +/- Stdev
    Latency    13.69ms    5.81ms  32.64ms   87.98%
    Req/Sec    24.59     26.17   108.00     78.79%
  Latency Distribution (HdrHistogram - Recorded Latency)
 50.000%   12.45ms
 75.000%   15.66ms
 90.000%   19.26ms
 99.000%   32.64ms
 99.900%   68.86ms
 99.990%   90.05ms
 99.999%   90.05ms
100.000%   90.05ms

  Detailed Percentile spectrum:
       Value   Percentile   TotalCount 1/(1-Percentile)

       5.623     0.000000            1         1.00
       9.039     0.100000          391         1.11
       9.823     0.200000          780         1.25
      10.535     0.300000         1169         1.43
      11.359     0.400000         1563         1.67
      12.455     0.500000         1950         2.00
      13.023     0.550000         2143         2.22
      13.575     0.600000         2339         2.50
      14.287     0.650000         2532         2.86
      14.927     0.700000         2728         3.33
      15.663     0.750000         2922         4.00
      16.055     0.775000         3019         4.44
      16.495     0.800000         3117         5.00
      17.023     0.825000         3215         5.71
      17.663     0.850000         3313         6.67
      18.415     0.875000         3411         8.00
      18.783     0.887500         3459         8.89
      19.263     0.900000         3506        10.00
      19.855     0.912500         3556        11.43
      20.463     0.925000         3603        13.33
      21.215     0.937500         3653        16.00
      21.519     0.943750         3676        17.78
      22.159     0.950000         3701        20.00
      22.735     0.956250         3726        22.86
      23.423     0.962500         3749        26.67
      24.287     0.968750         3774        32.00
      25.007     0.971875         3787        35.56
      26.015     0.975000         3798        40.00
      26.815     0.978125         3810        45.71
      27.663     0.981250         3822        53.33
      29.055     0.984375         3835        64.00
      29.391     0.985938         3842        71.11
      30.223     0.987500         3847        80.00
      31.919     0.989062         3853        91.43
      33.695     0.990625         3859       106.67
      36.671     0.992188         3865       128.00
      37.951     0.992969         3868       142.22
      43.743     0.993750         3871       160.00
      46.303     0.994531         3874       182.86
      48.959     0.995313         3877       213.33
      55.551     0.996094         3880       256.00
      57.279     0.996484         3882       284.44
      58.943     0.996875         3883       320.00
      60.255     0.997266         3885       365.71
      61.727     0.997656         3887       426.67
      62.847     0.998047         3888       512.00
      65.087     0.998242         3889       568.89
      65.087     0.998437         3889       640.00
      68.543     0.998633         3890       731.43
      68.863     0.998828         3891       853.33
      70.271     0.999023         3892      1024.00
      70.271     0.999121         3892      1137.78
      70.271     0.999219         3892      1280.00
      71.039     0.999316         3893      1462.86
      71.039     0.999414         3893      1706.67
      85.695     0.999512         3894      2048.00
      85.695     0.999561         3894      2275.56
      85.695     0.999609         3894      2560.00
      85.695     0.999658         3894      2925.71
      85.695     0.999707         3894      3413.33
      90.047     0.999756         3895      4096.00
      90.047     1.000000         3895          inf
#[Mean    =       13.687, StdDeviation   =        5.807]
#[Max     =       89.984, Total count    =         3895]
#[Buckets =           27, SubBuckets     =         2048]
-----------------------------------------------------------------------
  5817 requests in 30.12s, 1.19MB read
  Socket errors: connect 0, read 0, write 0, timeout 9595
Requests/sec:    193.10  
Transfer/sec:     40.54KB
