Running 30s test @ http://node0.krisub-247336.ldos-ut-pg0.wisc.cloudlab.us:8080/wrk2-api/post/compose
  8 threads and 1000 connections

  Thread calibration: mean lat.: 4.569ms, rate sampling interval: 10ms
  Thread calibration: mean lat.: 5.452ms, rate sampling interval: 12ms
  Thread calibration: mean lat.: 4.634ms, rate sampling interval: 11ms
  Thread calibration: mean lat.: 4.754ms, rate sampling interval: 11ms
  Thread calibration: mean lat.: 4.624ms, rate sampling interval: 11ms
  Thread calibration: mean lat.: 4.634ms, rate sampling interval: 11ms
  Thread calibration: mean lat.: 4.628ms, rate sampling interval: 10ms
  Thread calibration: mean lat.: 4.758ms, rate sampling interval: 11ms
Logging function completed.

-----------------------------------------------------------------------
Test Results @ http://node0.krisub-247336.ldos-ut-pg0.wisc.cloudlab.us:8080/wrk2-api/post/compose 
  Thread Stats   Avg      Stdev     99%   +/- Stdev
    Latency     4.54ms  668.96us   6.36ms   70.35%
    Req/Sec    25.56     49.95   200.00     76.78%
  Latency Distribution (HdrHistogram - Recorded Latency)
 50.000%    4.44ms
 75.000%    4.95ms
 90.000%    5.42ms
 99.000%    6.36ms
 99.900%    8.45ms
 99.990%   10.81ms
 99.999%   10.81ms
100.000%   10.81ms

  Detailed Percentile spectrum:
       Value   Percentile   TotalCount 1/(1-Percentile)

       3.135     0.000000            1         1.00
       3.801     0.100000          391         1.11
       3.967     0.200000          788         1.25
       4.119     0.300000         1179         1.43
       4.275     0.400000         1565         1.67
       4.439     0.500000         1950         2.00
       4.531     0.550000         2143         2.22
       4.619     0.600000         2343         2.50
       4.715     0.650000         2534         2.86
       4.827     0.700000         2730         3.33
       4.947     0.750000         2926         4.00
       5.019     0.775000         3026         4.44
       5.083     0.800000         3117         5.00
       5.159     0.825000         3223         5.71
       5.239     0.850000         3317         6.67
       5.327     0.875000         3409         8.00
       5.375     0.887500         3459         8.89
       5.423     0.900000         3507        10.00
       5.499     0.912500         3560        11.43
       5.575     0.925000         3607        13.33
       5.639     0.937500         3654        16.00
       5.683     0.943750         3677        17.78
       5.731     0.950000         3702        20.00
       5.779     0.956250         3726        22.86
       5.835     0.962500         3752        26.67
       5.907     0.968750         3775        32.00
       5.967     0.971875         3787        35.56
       6.015     0.975000         3800        40.00
       6.063     0.978125         3811        45.71
       6.143     0.981250         3823        53.33
       6.191     0.984375         3836        64.00
       6.235     0.985938         3843        71.11
       6.287     0.987500         3849        80.00
       6.315     0.989062         3854        91.43
       6.367     0.990625         3860       106.67
       6.415     0.992188         3866       128.00
       6.479     0.992969         3870       142.22
       6.503     0.993750         3872       160.00
       6.527     0.994531         3875       182.86
       6.703     0.995313         3878       213.33
       6.759     0.996094         3881       256.00
       6.879     0.996484         3883       284.44
       6.887     0.996875         3884       320.00
       7.835     0.997266         3886       365.71
       7.859     0.997656         3887       426.67
       7.915     0.998047         3889       512.00
       7.951     0.998242         3890       568.89
       7.951     0.998437         3890       640.00
       8.119     0.998633         3891       731.43
       8.447     0.998828         3892       853.33
       8.511     0.999023         3893      1024.00
       8.511     0.999121         3893      1137.78
       8.511     0.999219         3893      1280.00
       8.519     0.999316         3894      1462.86
       8.519     0.999414         3894      1706.67
       8.863     0.999512         3895      2048.00
       8.863     0.999561         3895      2275.56
       8.863     0.999609         3895      2560.00
       8.863     0.999658         3895      2925.71
       8.863     0.999707         3895      3413.33
      10.807     0.999756         3896      4096.00
      10.807     1.000000         3896          inf
#[Mean    =        4.545, StdDeviation   =        0.669]
#[Max     =       10.800, Total count    =         3896]
#[Buckets =           27, SubBuckets     =         2048]
-----------------------------------------------------------------------
  5826 requests in 30.05s, 1.19MB read
  Socket errors: connect 0, read 0, write 0, timeout 9511
Requests/sec:    193.85  
Transfer/sec:     40.70KB
