Running 30s test @ http://node0.krisub-247336.ldos-ut-pg0.wisc.cloudlab.us:8080/wrk2-api/post/compose
  8 threads and 1000 connections

  Thread calibration: mean lat.: 4.728ms, rate sampling interval: 11ms
  Thread calibration: mean lat.: 4.856ms, rate sampling interval: 12ms
  Thread calibration: mean lat.: 4.752ms, rate sampling interval: 11ms
  Thread calibration: mean lat.: 4.668ms, rate sampling interval: 10ms
  Thread calibration: mean lat.: 4.756ms, rate sampling interval: 11ms
  Thread calibration: mean lat.: 4.773ms, rate sampling interval: 11ms
  Thread calibration: mean lat.: 5.388ms, rate sampling interval: 12ms
  Thread calibration: mean lat.: 4.831ms, rate sampling interval: 11ms
Logging function completed.

-----------------------------------------------------------------------
Test Results @ http://node0.krisub-247336.ldos-ut-pg0.wisc.cloudlab.us:8080/wrk2-api/post/compose 
  Thread Stats   Avg      Stdev     99%   +/- Stdev
    Latency     4.58ms  811.35us   6.53ms   81.02%
    Req/Sec    25.56     48.96   200.00     76.03%
  Latency Distribution (HdrHistogram - Recorded Latency)
 50.000%    4.44ms
 75.000%    4.95ms
 90.000%    5.49ms
 99.000%    6.53ms
 99.900%   12.12ms
 99.990%   26.77ms
 99.999%   26.77ms
100.000%   26.77ms

  Detailed Percentile spectrum:
       Value   Percentile   TotalCount 1/(1-Percentile)

       3.287     0.000000            1         1.00
       3.831     0.100000          394         1.11
       3.999     0.200000          783         1.25
       4.139     0.300000         1170         1.43
       4.295     0.400000         1572         1.67
       4.443     0.500000         1956         2.00
       4.531     0.550000         2148         2.22
       4.615     0.600000         2343         2.50
       4.711     0.650000         2539         2.86
       4.831     0.700000         2732         3.33
       4.951     0.750000         2927         4.00
       5.019     0.775000         3026         4.44
       5.091     0.800000         3121         5.00
       5.171     0.825000         3217         5.71
       5.251     0.850000         3315         6.67
       5.355     0.875000         3415         8.00
       5.423     0.887500         3464         8.89
       5.491     0.900000         3511        10.00
       5.555     0.912500         3561        11.43
       5.615     0.925000         3608        13.33
       5.691     0.937500         3656        16.00
       5.739     0.943750         3683        17.78
       5.799     0.950000         3706        20.00
       5.851     0.956250         3729        22.86
       5.903     0.962500         3753        26.67
       6.063     0.968750         3779        32.00
       6.111     0.971875         3790        35.56
       6.179     0.975000         3802        40.00
       6.235     0.978125         3814        45.71
       6.295     0.981250         3826        53.33
       6.379     0.984375         3839        64.00
       6.415     0.985938         3845        71.11
       6.467     0.987500         3851        80.00
       6.515     0.989062         3857        91.43
       6.595     0.990625         3863       106.67
       6.647     0.992188         3869       128.00
       6.663     0.992969         3873       142.22
       6.839     0.993750         3875       160.00
       6.895     0.994531         3878       182.86
       6.975     0.995313         3881       213.33
       7.119     0.996094         3884       256.00
       7.223     0.996484         3886       284.44
       7.235     0.996875         3887       320.00
       7.299     0.997266         3889       365.71
       7.419     0.997656         3890       426.67
       7.679     0.998047         3892       512.00
       7.811     0.998242         3893       568.89
       7.811     0.998437         3893       640.00
       9.943     0.998633         3894       731.43
      12.119     0.998828         3895       853.33
      12.127     0.999023         3896      1024.00
      12.127     0.999121         3896      1137.78
      12.127     0.999219         3896      1280.00
      15.391     0.999316         3897      1462.86
      15.391     0.999414         3897      1706.67
      16.263     0.999512         3898      2048.00
      16.263     0.999561         3898      2275.56
      16.263     0.999609         3898      2560.00
      16.263     0.999658         3898      2925.71
      16.263     0.999707         3898      3413.33
      26.767     0.999756         3899      4096.00
      26.767     1.000000         3899          inf
#[Mean    =        4.579, StdDeviation   =        0.811]
#[Max     =       26.752, Total count    =         3899]
#[Buckets =           27, SubBuckets     =         2048]
-----------------------------------------------------------------------
  5805 requests in 30.09s, 1.19MB read
  Socket errors: connect 0, read 0, write 0, timeout 9511
Requests/sec:    192.89  
Transfer/sec:     40.50KB
