Running 30s test @ http://ms1311.utah.cloudlab.us:8080/wrk2-api/post/compose
  8 threads and 1000 connections

  Thread calibration: mean lat.: 12.445ms, rate sampling interval: 36ms
  Thread calibration: mean lat.: 12.712ms, rate sampling interval: 36ms
  Thread calibration: mean lat.: 12.114ms, rate sampling interval: 33ms
  Thread calibration: mean lat.: 12.892ms, rate sampling interval: 36ms
  Thread calibration: mean lat.: 12.132ms, rate sampling interval: 36ms
  Thread calibration: mean lat.: 12.113ms, rate sampling interval: 35ms
  Thread calibration: mean lat.: 13.320ms, rate sampling interval: 35ms
  Thread calibration: mean lat.: 12.851ms, rate sampling interval: 35ms
Logging function completed.

-----------------------------------------------------------------------
Test Results @ http://ms1311.utah.cloudlab.us:8080/wrk2-api/post/compose 
  Thread Stats   Avg      Stdev     99%   +/- Stdev
    Latency    13.77ms    4.77ms  30.74ms   77.13%
    Req/Sec    24.51     27.18   114.00     78.63%
  Latency Distribution (HdrHistogram - Recorded Latency)
 50.000%   12.74ms
 75.000%   16.06ms
 90.000%   19.85ms
 99.000%   30.74ms
 99.900%   38.30ms
 99.990%   43.13ms
 99.999%   43.13ms
100.000%   43.13ms

  Detailed Percentile spectrum:
       Value   Percentile   TotalCount 1/(1-Percentile)

       4.651     0.000000            1         1.00
       9.063     0.100000          392         1.11
       9.887     0.200000          784         1.25
      10.647     0.300000         1170         1.43
      11.575     0.400000         1557         1.67
      12.743     0.500000         1948         2.00
      13.359     0.550000         2141         2.22
      13.999     0.600000         2336         2.50
      14.655     0.650000         2531         2.86
      15.335     0.700000         2728         3.33
      16.063     0.750000         2919         4.00
      16.447     0.775000         3018         4.44
      17.007     0.800000         3117         5.00
      17.519     0.825000         3214         5.71
      18.159     0.850000         3311         6.67
      18.879     0.875000         3406         8.00
      19.279     0.887500         3455         8.89
      19.855     0.900000         3506        10.00
      20.351     0.912500         3553        11.43
      21.087     0.925000         3603        13.33
      21.695     0.937500         3649        16.00
      22.111     0.943750         3674        17.78
      22.511     0.950000         3699        20.00
      23.055     0.956250         3723        22.86
      23.727     0.962500         3747        26.67
      24.591     0.968750         3771        32.00
      24.911     0.971875         3783        35.56
      25.375     0.975000         3795        40.00
      25.999     0.978125         3809        45.71
      27.311     0.981250         3820        53.33
      28.703     0.984375         3833        64.00
      29.359     0.985938         3838        71.11
      29.823     0.987500         3844        80.00
      30.559     0.989062         3850        91.43
      31.151     0.990625         3856       106.67
      32.127     0.992188         3862       128.00
      32.655     0.992969         3865       142.22
      33.663     0.993750         3868       160.00
      34.175     0.994531         3871       182.86
      34.367     0.995313         3874       213.33
      35.391     0.996094         3877       256.00
      35.999     0.996484         3879       284.44
      36.063     0.996875         3880       320.00
      36.383     0.997266         3882       365.71
      36.767     0.997656         3883       426.67
      37.343     0.998047         3885       512.00
      38.239     0.998242         3886       568.89
      38.239     0.998437         3886       640.00
      38.303     0.998633         3888       731.43
      38.303     0.998828         3888       853.33
      39.103     0.999023         3889      1024.00
      39.103     0.999121         3889      1137.78
      39.103     0.999219         3889      1280.00
      40.767     0.999316         3890      1462.86
      40.767     0.999414         3890      1706.67
      42.975     0.999512         3891      2048.00
      42.975     0.999561         3891      2275.56
      42.975     0.999609         3891      2560.00
      42.975     0.999658         3891      2925.71
      42.975     0.999707         3891      3413.33
      43.135     0.999756         3892      4096.00
      43.135     1.000000         3892          inf
#[Mean    =       13.771, StdDeviation   =        4.770]
#[Max     =       43.104, Total count    =         3892]
#[Buckets =           27, SubBuckets     =         2048]
-----------------------------------------------------------------------
  5820 requests in 30.07s, 1.19MB read
  Socket errors: connect 0, read 0, write 0, timeout 9506
Requests/sec:    193.53  
Transfer/sec:     40.63KB
