Running 30s test @ http://ms1311.utah.cloudlab.us:8080/wrk2-api/post/compose
  8 threads and 1000 connections

  Thread calibration: mean lat.: 13.458ms, rate sampling interval: 39ms
  Thread calibration: mean lat.: 13.557ms, rate sampling interval: 40ms
  Thread calibration: mean lat.: 13.694ms, rate sampling interval: 38ms
  Thread calibration: mean lat.: 13.355ms, rate sampling interval: 38ms
  Thread calibration: mean lat.: 13.599ms, rate sampling interval: 39ms
  Thread calibration: mean lat.: 13.057ms, rate sampling interval: 38ms
  Thread calibration: mean lat.: 13.425ms, rate sampling interval: 38ms
  Thread calibration: mean lat.: 14.045ms, rate sampling interval: 40ms
Logging function completed.

-----------------------------------------------------------------------
Test Results @ http://ms1311.utah.cloudlab.us:8080/wrk2-api/post/compose 
  Thread Stats   Avg      Stdev     99%   +/- Stdev
    Latency    13.46ms    4.25ms  26.99ms   72.93%
    Req/Sec    24.62     25.55   105.00     83.23%
  Latency Distribution (HdrHistogram - Recorded Latency)
 50.000%   12.79ms
 75.000%   15.74ms
 90.000%   18.80ms
 99.000%   26.99ms
 99.900%   38.81ms
 99.990%   49.73ms
 99.999%   49.73ms
100.000%   49.73ms

  Detailed Percentile spectrum:
       Value   Percentile   TotalCount 1/(1-Percentile)

       5.187     0.000000            1         1.00
       8.935     0.100000          390         1.11
       9.831     0.200000          782         1.25
      10.663     0.300000         1172         1.43
      11.639     0.400000         1559         1.67
      12.791     0.500000         1951         2.00
      13.295     0.550000         2145         2.22
      13.911     0.600000         2339         2.50
      14.575     0.650000         2535         2.86
      15.175     0.700000         2729         3.33
      15.743     0.750000         2925         4.00
      16.151     0.775000         3021         4.44
      16.623     0.800000         3122         5.00
      17.055     0.825000         3219         5.71
      17.535     0.850000         3315         6.67
      18.111     0.875000         3411         8.00
      18.495     0.887500         3461         8.89
      18.799     0.900000         3509        10.00
      19.295     0.912500         3557        11.43
      19.775     0.925000         3606        13.33
      20.303     0.937500         3657        16.00
      20.639     0.943750         3678        17.78
      20.959     0.950000         3704        20.00
      21.359     0.956250         3727        22.86
      21.663     0.962500         3751        26.67
      22.127     0.968750         3776        32.00
      22.431     0.971875         3788        35.56
      23.055     0.975000         3800        40.00
      23.519     0.978125         3812        45.71
      24.079     0.981250         3824        53.33
      24.623     0.984375         3837        64.00
      25.119     0.985938         3843        71.11
      25.823     0.987500         3849        80.00
      26.319     0.989062         3855        91.43
      27.439     0.990625         3861       106.67
      28.239     0.992188         3867       128.00
      28.607     0.992969         3870       142.22
      28.863     0.993750         3873       160.00
      29.295     0.994531         3876       182.86
      30.847     0.995313         3879       213.33
      31.343     0.996094         3882       256.00
      32.303     0.996484         3884       284.44
      33.055     0.996875         3885       320.00
      33.791     0.997266         3887       365.71
      34.911     0.997656         3888       426.67
      35.679     0.998047         3890       512.00
      36.671     0.998242         3891       568.89
      36.671     0.998437         3891       640.00
      37.535     0.998633         3892       731.43
      38.815     0.998828         3893       853.33
      38.847     0.999023         3894      1024.00
      38.847     0.999121         3894      1137.78
      38.847     0.999219         3894      1280.00
      42.047     0.999316         3895      1462.86
      42.047     0.999414         3895      1706.67
      44.479     0.999512         3896      2048.00
      44.479     0.999561         3896      2275.56
      44.479     0.999609         3896      2560.00
      44.479     0.999658         3896      2925.71
      44.479     0.999707         3896      3413.33
      49.727     0.999756         3897      4096.00
      49.727     1.000000         3897          inf
#[Mean    =       13.465, StdDeviation   =        4.251]
#[Max     =       49.696, Total count    =         3897]
#[Buckets =           27, SubBuckets     =         2048]
-----------------------------------------------------------------------
  5863 requests in 30.13s, 1.20MB read
  Socket errors: connect 0, read 0, write 0, timeout 9566
Requests/sec:    194.62  
Transfer/sec:     40.86KB
