Running 30s test @ http://node0.krisub-247336.ldos-ut-pg0.wisc.cloudlab.us:8080/wrk2-api/post/compose
  8 threads and 1000 connections

  Thread calibration: mean lat.: 5.466ms, rate sampling interval: 13ms
  Thread calibration: mean lat.: 4.955ms, rate sampling interval: 11ms
  Thread calibration: mean lat.: 4.964ms, rate sampling interval: 12ms
  Thread calibration: mean lat.: 4.940ms, rate sampling interval: 11ms
  Thread calibration: mean lat.: 4.981ms, rate sampling interval: 11ms
  Thread calibration: mean lat.: 5.047ms, rate sampling interval: 12ms
  Thread calibration: mean lat.: 5.150ms, rate sampling interval: 12ms
  Thread calibration: mean lat.: 4.952ms, rate sampling interval: 12ms
Logging function completed.

-----------------------------------------------------------------------
Test Results @ http://node0.krisub-247336.ldos-ut-pg0.wisc.cloudlab.us:8080/wrk2-api/post/compose 
  Thread Stats   Avg      Stdev     99%   +/- Stdev
    Latency     4.59ms  687.81us   6.61ms   69.70%
    Req/Sec    25.46     47.41   181.00     74.83%
  Latency Distribution (HdrHistogram - Recorded Latency)
 50.000%    4.47ms
 75.000%    5.00ms
 90.000%    5.52ms
 99.000%    6.61ms
 99.900%    8.02ms
 99.990%    8.94ms
 99.999%    8.94ms
100.000%    8.94ms

  Detailed Percentile spectrum:
       Value   Percentile   TotalCount 1/(1-Percentile)

       3.221     0.000000            1         1.00
       3.819     0.100000          390         1.11
       3.985     0.200000          783         1.25
       4.147     0.300000         1181         1.43
       4.299     0.400000         1565         1.67
       4.467     0.500000         1954         2.00
       4.547     0.550000         2144         2.22
       4.651     0.600000         2340         2.50
       4.755     0.650000         2541         2.86
       4.871     0.700000         2732         3.33
       4.999     0.750000         2926         4.00
       5.075     0.775000         3025         4.44
       5.155     0.800000         3120         5.00
       5.235     0.825000         3221         5.71
       5.315     0.850000         3315         6.67
       5.419     0.875000         3411         8.00
       5.475     0.887500         3461         8.89
       5.523     0.900000         3510        10.00
       5.579     0.912500         3558        11.43
       5.651     0.925000         3606        13.33
       5.719     0.937500         3658        16.00
       5.759     0.943750         3681        17.78
       5.803     0.950000         3705        20.00
       5.875     0.956250         3729        22.86
       5.959     0.962500         3752        26.67
       6.043     0.968750         3779        32.00
       6.091     0.971875         3789        35.56
       6.147     0.975000         3802        40.00
       6.235     0.978125         3813        45.71
       6.339     0.981250         3826        53.33
       6.407     0.984375         3838        64.00
       6.451     0.985938         3845        71.11
       6.503     0.987500         3850        80.00
       6.575     0.989062         3856        91.43
       6.647     0.990625         3862       106.67
       6.711     0.992188         3868       128.00
       6.751     0.992969         3871       142.22
       6.887     0.993750         3874       160.00
       6.931     0.994531         3878       182.86
       6.959     0.995313         3880       213.33
       7.063     0.996094         3883       256.00
       7.103     0.996484         3885       284.44
       7.219     0.996875         3886       320.00
       7.299     0.997266         3888       365.71
       7.327     0.997656         3889       426.67
       7.375     0.998047         3891       512.00
       7.467     0.998242         3892       568.89
       7.467     0.998437         3892       640.00
       7.495     0.998633         3893       731.43
       8.019     0.998828         3894       853.33
       8.399     0.999023         3895      1024.00
       8.399     0.999121         3895      1137.78
       8.399     0.999219         3895      1280.00
       8.551     0.999316         3896      1462.86
       8.551     0.999414         3896      1706.67
       8.799     0.999512         3897      2048.00
       8.799     0.999561         3897      2275.56
       8.799     0.999609         3897      2560.00
       8.799     0.999658         3897      2925.71
       8.799     0.999707         3897      3413.33
       8.943     0.999756         3898      4096.00
       8.943     1.000000         3898          inf
#[Mean    =        4.588, StdDeviation   =        0.688]
#[Max     =        8.936, Total count    =         3898]
#[Buckets =           27, SubBuckets     =         2048]
-----------------------------------------------------------------------
  5805 requests in 30.08s, 1.19MB read
  Socket errors: connect 0, read 0, write 0, timeout 9510
Requests/sec:    193.00  
Transfer/sec:     40.52KB
