Running 30s test @ http://ms1311.utah.cloudlab.us:8080/wrk2-api/post/compose
  8 threads and 1000 connections

  Thread calibration: mean lat.: 12.445ms, rate sampling interval: 35ms
  Thread calibration: mean lat.: 12.402ms, rate sampling interval: 37ms
  Thread calibration: mean lat.: 12.247ms, rate sampling interval: 35ms
  Thread calibration: mean lat.: 12.839ms, rate sampling interval: 33ms
  Thread calibration: mean lat.: 11.552ms, rate sampling interval: 32ms
  Thread calibration: mean lat.: 12.027ms, rate sampling interval: 34ms
  Thread calibration: mean lat.: 12.228ms, rate sampling interval: 34ms
  Thread calibration: mean lat.: 11.857ms, rate sampling interval: 33ms
Logging function completed.

-----------------------------------------------------------------------
Test Results @ http://ms1311.utah.cloudlab.us:8080/wrk2-api/post/compose 
  Thread Stats   Avg      Stdev     99%   +/- Stdev
    Latency    13.89ms    6.47ms  36.42ms   87.97%
    Req/Sec    24.61     27.13   111.00     79.18%
  Latency Distribution (HdrHistogram - Recorded Latency)
 50.000%   12.41ms
 75.000%   15.85ms
 90.000%   20.32ms
 99.000%   36.42ms
 99.900%   80.83ms
 99.990%   92.29ms
 99.999%   92.29ms
100.000%   92.29ms

  Detailed Percentile spectrum:
       Value   Percentile   TotalCount 1/(1-Percentile)

       4.535     0.000000            1         1.00
       8.615     0.100000          390         1.11
       9.503     0.200000          782         1.25
      10.367     0.300000         1173         1.43
      11.415     0.400000         1565         1.67
      12.415     0.500000         1951         2.00
      12.999     0.550000         2146         2.22
      13.607     0.600000         2341         2.50
      14.303     0.650000         2535         2.86
      15.087     0.700000         2730         3.33
      15.855     0.750000         2927         4.00
      16.399     0.775000         3022         4.44
      16.927     0.800000         3125         5.00
      17.487     0.825000         3218         5.71
      18.191     0.850000         3316         6.67
      19.199     0.875000         3412         8.00
      19.663     0.887500         3461         8.89
      20.335     0.900000         3512        10.00
      21.071     0.912500         3558        11.43
      22.143     0.925000         3607        13.33
      23.199     0.937500         3658        16.00
      23.631     0.943750         3681        17.78
      24.239     0.950000         3706        20.00
      24.975     0.956250         3729        22.86
      26.319     0.962500         3753        26.67
      27.567     0.968750         3778        32.00
      28.175     0.971875         3790        35.56
      28.767     0.975000         3802        40.00
      29.999     0.978125         3814        45.71
      31.151     0.981250         3826        53.33
      32.655     0.984375         3839        64.00
      33.311     0.985938         3845        71.11
      34.623     0.987500         3851        80.00
      35.935     0.989062         3857        91.43
      37.119     0.990625         3864       106.67
      38.399     0.992188         3869       128.00
      40.255     0.992969         3872       142.22
      42.591     0.993750         3875       160.00
      43.775     0.994531         3878       182.86
      44.831     0.995313         3881       213.33
      47.359     0.996094         3884       256.00
      49.919     0.996484         3886       284.44
      58.975     0.996875         3887       320.00
      65.663     0.997266         3889       365.71
      69.119     0.997656         3890       426.67
      73.151     0.998047         3892       512.00
      75.647     0.998242         3893       568.89
      75.647     0.998437         3893       640.00
      77.631     0.998633         3894       731.43
      80.831     0.998828         3895       853.33
      81.215     0.999023         3896      1024.00
      81.215     0.999121         3896      1137.78
      81.215     0.999219         3896      1280.00
      81.599     0.999316         3897      1462.86
      81.599     0.999414         3897      1706.67
      84.415     0.999512         3898      2048.00
      84.415     0.999561         3898      2275.56
      84.415     0.999609         3898      2560.00
      84.415     0.999658         3898      2925.71
      84.415     0.999707         3898      3413.33
      92.287     0.999756         3899      4096.00
      92.287     1.000000         3899          inf
#[Mean    =       13.887, StdDeviation   =        6.468]
#[Max     =       92.224, Total count    =         3899]
#[Buckets =           27, SubBuckets     =         2048]
-----------------------------------------------------------------------
  5797 requests in 30.13s, 1.19MB read
  Socket errors: connect 0, read 0, write 0, timeout 9607
Requests/sec:    192.42  
Transfer/sec:     40.40KB
