Running 30s test @ http://ms1311.utah.cloudlab.us:8080/wrk2-api/post/compose
  8 threads and 1000 connections

  Thread calibration: mean lat.: 442.009ms, rate sampling interval: 1835ms
  Thread calibration: mean lat.: 546.584ms, rate sampling interval: 1973ms
  Thread calibration: mean lat.: 551.656ms, rate sampling interval: 2852ms
  Thread calibration: mean lat.: 501.104ms, rate sampling interval: 1955ms
  Thread calibration: mean lat.: 515.301ms, rate sampling interval: 1746ms
  Thread calibration: mean lat.: 574.383ms, rate sampling interval: 2127ms
  Thread calibration: mean lat.: 609.754ms, rate sampling interval: 2127ms
  Thread calibration: mean lat.: 506.390ms, rate sampling interval: 1701ms
Logging function completed.

-----------------------------------------------------------------------
Test Results @ http://ms1311.utah.cloudlab.us:8080/wrk2-api/post/compose 
  Thread Stats   Avg      Stdev     99%   +/- Stdev
    Latency     2.36s     3.72s   15.47s    84.63%
    Req/Sec    20.49      3.87    30.00     81.58%
  Latency Distribution (HdrHistogram - Recorded Latency)
 50.000%  446.98ms
 75.000%    2.95s 
 90.000%    9.55s 
 99.000%   15.47s 
 99.900%   20.43s 
 99.990%   23.51s 
 99.999%   23.51s 
100.000%   23.51s 

  Detailed Percentile spectrum:
       Value   Percentile   TotalCount 1/(1-Percentile)

       4.471     0.000000            1         1.00
      81.983     0.100000          336         1.11
     139.647     0.200000          672         1.25
     204.415     0.300000         1008         1.43
     298.495     0.400000         1344         1.67
     446.975     0.500000         1679         2.00
     574.463     0.550000         1847         2.22
     737.279     0.600000         2016         2.50
    1029.631     0.650000         2183         2.86
    1602.559     0.700000         2351         3.33
    2947.071     0.750000         2519         4.00
    3813.375     0.775000         2603         4.44
    4714.495     0.800000         2687         5.00
    5099.519     0.825000         2772         5.71
    6443.007     0.850000         2856         6.67
    7540.735     0.875000         2939         8.00
    8839.167     0.887500         2981         8.89
    9560.063     0.900000         3023        10.00
    9863.167     0.912500         3066        11.43
   10002.431     0.925000         3210        13.33
   10002.431     0.937500         3210        16.00
   10002.431     0.943750         3210        17.78
   10002.431     0.950000         3210        20.00
   10010.623     0.956250         3261        22.86
   10010.623     0.962500         3261        26.67
   10010.623     0.968750         3261        32.00
   10280.959     0.971875         3264        35.56
   11419.647     0.975000         3275        40.00
   12402.687     0.978125         3285        45.71
   13180.927     0.981250         3296        53.33
   13828.095     0.984375         3306        64.00
   14188.543     0.985938         3311        71.11
   14516.223     0.987500         3317        80.00
   15171.583     0.989062         3322        91.43
   16203.775     0.990625         3327       106.67
   16588.799     0.992188         3332       128.00
   17170.431     0.992969         3335       142.22
   17760.255     0.993750         3338       160.00
   18022.399     0.994531         3340       182.86
   18563.071     0.995313         3343       213.33
   19005.439     0.996094         3345       256.00
   19251.199     0.996484         3347       284.44
   19333.119     0.996875         3348       320.00
   19611.647     0.997266         3349       365.71
   19857.407     0.997656         3352       426.67
   19857.407     0.998047         3352       512.00
   19939.327     0.998242         3353       568.89
   19939.327     0.998437         3353       640.00
   19972.095     0.998633         3354       731.43
   20430.847     0.998828         3355       853.33
   20430.847     0.999023         3355      1024.00
   21905.407     0.999121         3356      1137.78
   21905.407     0.999219         3356      1280.00
   21905.407     0.999316         3356      1462.86
   22167.551     0.999414         3357      1706.67
   22167.551     0.999512         3357      2048.00
   22167.551     0.999561         3357      2275.56
   22167.551     0.999609         3357      2560.00
   22167.551     0.999658         3357      2925.71
   23511.039     0.999707         3358      3413.33
   23511.039     1.000000         3358          inf
#[Mean    =     2356.184, StdDeviation   =     3719.005]
#[Max     =    23494.656, Total count    =         3358]
#[Buckets =           27, SubBuckets     =         2048]
-----------------------------------------------------------------------
  4926 requests in 30.13s, 1.03MB read
  Socket errors: connect 0, read 0, write 0, timeout 9604
  Non-2xx or 3xx responses: 206
Requests/sec:    163.49  
Transfer/sec:     35.04KB
