Running 30s test @ http://ms1311.utah.cloudlab.us:8080/wrk2-api/post/compose
  8 threads and 1000 connections

  Thread calibration: mean lat.: 13.487ms, rate sampling interval: 40ms
  Thread calibration: mean lat.: 14.301ms, rate sampling interval: 43ms
  Thread calibration: mean lat.: 14.522ms, rate sampling interval: 41ms
  Thread calibration: mean lat.: 13.951ms, rate sampling interval: 38ms
  Thread calibration: mean lat.: 14.152ms, rate sampling interval: 43ms
  Thread calibration: mean lat.: 14.597ms, rate sampling interval: 43ms
  Thread calibration: mean lat.: 13.265ms, rate sampling interval: 38ms
  Thread calibration: mean lat.: 14.309ms, rate sampling interval: 39ms
Logging function completed.

-----------------------------------------------------------------------
Test Results @ http://ms1311.utah.cloudlab.us:8080/wrk2-api/post/compose 
  Thread Stats   Avg      Stdev     99%   +/- Stdev
    Latency    14.21ms    4.92ms  30.58ms   75.86%
    Req/Sec    24.53     24.82   100.00     84.69%
  Latency Distribution (HdrHistogram - Recorded Latency)
 50.000%   13.27ms
 75.000%   16.64ms
 90.000%   20.27ms
 99.000%   30.58ms
 99.900%   42.24ms
 99.990%   49.22ms
 99.999%   49.22ms
100.000%   49.22ms

  Detailed Percentile spectrum:
       Value   Percentile   TotalCount 1/(1-Percentile)

       5.595     0.000000            1         1.00
       9.215     0.100000          391         1.11
      10.151     0.200000          783         1.25
      11.039     0.300000         1171         1.43
      12.079     0.400000         1563         1.67
      13.271     0.500000         1952         2.00
      13.975     0.550000         2149         2.22
      14.599     0.600000         2343         2.50
      15.279     0.650000         2538         2.86
      15.951     0.700000         2734         3.33
      16.639     0.750000         2928         4.00
      17.135     0.775000         3026         4.44
      17.551     0.800000         3125         5.00
      17.983     0.825000         3221         5.71
      18.543     0.850000         3318         6.67
      19.311     0.875000         3416         8.00
      19.823     0.887500         3465         8.89
      20.271     0.900000         3513        10.00
      20.831     0.912500         3562        11.43
      21.823     0.925000         3611        13.33
      22.591     0.937500         3660        16.00
      22.863     0.943750         3685        17.78
      23.263     0.950000         3708        20.00
      23.743     0.956250         3733        22.86
      24.431     0.962500         3757        26.67
      25.311     0.968750         3782        32.00
      25.535     0.971875         3794        35.56
      25.887     0.975000         3806        40.00
      26.383     0.978125         3818        45.71
      27.391     0.981250         3830        53.33
      28.303     0.984375         3843        64.00
      28.847     0.985938         3849        71.11
      29.487     0.987500         3855        80.00
      30.287     0.989062         3861        91.43
      30.831     0.990625         3867       106.67
      31.775     0.992188         3873       128.00
      32.335     0.992969         3876       142.22
      33.279     0.993750         3879       160.00
      33.599     0.994531         3882       182.86
      35.295     0.995313         3885       213.33
      36.959     0.996094         3888       256.00
      37.695     0.996484         3890       284.44
      37.823     0.996875         3891       320.00
      38.719     0.997266         3893       365.71
      39.519     0.997656         3894       426.67
      41.311     0.998047         3896       512.00
      41.375     0.998242         3897       568.89
      41.375     0.998437         3897       640.00
      41.407     0.998633         3898       731.43
      42.239     0.998828         3899       853.33
      42.591     0.999023         3900      1024.00
      42.591     0.999121         3900      1137.78
      42.591     0.999219         3900      1280.00
      42.655     0.999316         3901      1462.86
      42.655     0.999414         3901      1706.67
      45.503     0.999512         3902      2048.00
      45.503     0.999561         3902      2275.56
      45.503     0.999609         3902      2560.00
      45.503     0.999658         3902      2925.71
      45.503     0.999707         3902      3413.33
      49.215     0.999756         3903      4096.00
      49.215     1.000000         3903          inf
#[Mean    =       14.209, StdDeviation   =        4.918]
#[Max     =       49.184, Total count    =         3903]
#[Buckets =           27, SubBuckets     =         2048]
-----------------------------------------------------------------------
  5883 requests in 30.09s, 1.21MB read
  Socket errors: connect 0, read 0, write 0, timeout 9448
Requests/sec:    195.49  
Transfer/sec:     41.05KB
