Running 30s test @ http://ms1311.utah.cloudlab.us:8080/wrk2-api/post/compose
  8 threads and 1000 connections

  Thread calibration: mean lat.: 78.353ms, rate sampling interval: 414ms
  Thread calibration: mean lat.: 78.507ms, rate sampling interval: 416ms
  Thread calibration: mean lat.: 81.718ms, rate sampling interval: 375ms
  Thread calibration: mean lat.: 88.390ms, rate sampling interval: 398ms
  Thread calibration: mean lat.: 102.007ms, rate sampling interval: 577ms
  Thread calibration: mean lat.: 92.288ms, rate sampling interval: 465ms
  Thread calibration: mean lat.: 72.530ms, rate sampling interval: 375ms
  Thread calibration: mean lat.: 78.457ms, rate sampling interval: 367ms
Logging function completed.

-----------------------------------------------------------------------
Test Results @ http://ms1311.utah.cloudlab.us:8080/wrk2-api/post/compose 
  Thread Stats   Avg      Stdev     99%   +/- Stdev
    Latency   110.27ms  149.94ms 653.31ms   87.45%
    Req/Sec    24.71      9.15    50.00     74.34%
  Latency Distribution (HdrHistogram - Recorded Latency)
 50.000%   44.80ms
 75.000%  158.08ms
 90.000%  296.96ms
 99.000%  653.31ms
 99.900%    1.16s 
 99.990%    1.32s 
 99.999%    1.32s 
100.000%    1.32s 

  Detailed Percentile spectrum:
       Value   Percentile   TotalCount 1/(1-Percentile)

       5.067     0.000000            1         1.00
      10.183     0.100000          396         1.11
      12.263     0.200000          794         1.25
      16.279     0.300000         1189         1.43
      23.935     0.400000         1585         1.67
      44.799     0.500000         1981         2.00
      57.663     0.550000         2178         2.22
      76.735     0.600000         2377         2.50
      98.687     0.650000         2574         2.86
     124.927     0.700000         2772         3.33
     158.079     0.750000         2970         4.00
     172.671     0.775000         3071         4.44
     187.519     0.800000         3168         5.00
     206.463     0.825000         3267         5.71
     234.111     0.850000         3366         6.67
     260.991     0.875000         3466         8.00
     277.759     0.887500         3515         8.89
     296.959     0.900000         3564        10.00
     319.999     0.912500         3616        11.43
     345.087     0.925000         3663        13.33
     375.807     0.937500         3713        16.00
     391.935     0.943750         3739        17.78
     409.343     0.950000         3762        20.00
     427.263     0.956250         3789        22.86
     458.495     0.962500         3812        26.67
     491.775     0.968750         3837        32.00
     511.743     0.971875         3849        35.56
     523.007     0.975000         3862        40.00
     539.135     0.978125         3874        45.71
     563.199     0.981250         3886        53.33
     592.383     0.984375         3899        64.00
     615.935     0.985938         3906        71.11
     627.199     0.987500         3911        80.00
     648.703     0.989062         3917        91.43
     674.303     0.990625         3923       106.67
     729.087     0.992188         3930       128.00
     737.279     0.992969         3933       142.22
     751.103     0.993750         3936       160.00
     787.455     0.994531         3939       182.86
     879.615     0.995313         3942       213.33
     966.655     0.996094         3945       256.00
     972.287     0.996484         3947       284.44
    1023.487     0.996875         3948       320.00
    1055.743     0.997266         3950       365.71
    1063.935     0.997656         3951       426.67
    1124.351     0.998047         3953       512.00
    1136.639     0.998242         3954       568.89
    1136.639     0.998437         3954       640.00
    1157.119     0.998633         3955       731.43
    1164.287     0.998828         3956       853.33
    1199.103     0.999023         3957      1024.00
    1199.103     0.999121         3957      1137.78
    1199.103     0.999219         3957      1280.00
    1235.967     0.999316         3958      1462.86
    1235.967     0.999414         3958      1706.67
    1252.351     0.999512         3959      2048.00
    1252.351     0.999561         3959      2275.56
    1252.351     0.999609         3959      2560.00
    1252.351     0.999658         3959      2925.71
    1252.351     0.999707         3959      3413.33
    1317.887     0.999756         3960      4096.00
    1317.887     1.000000         3960          inf
#[Mean    =      110.267, StdDeviation   =      149.943]
#[Max     =     1316.864, Total count    =         3960]
#[Buckets =           27, SubBuckets     =         2048]
-----------------------------------------------------------------------
  5829 requests in 30.06s, 1.20MB read
  Socket errors: connect 0, read 0, write 0, timeout 9503
Requests/sec:    193.93  
Transfer/sec:     40.72KB
