Running 30s test @ http://ms1311.utah.cloudlab.us:8080/wrk2-api/post/compose
  8 threads and 1000 connections

  Thread calibration: mean lat.: 12.953ms, rate sampling interval: 38ms
  Thread calibration: mean lat.: 12.919ms, rate sampling interval: 37ms
  Thread calibration: mean lat.: 12.975ms, rate sampling interval: 39ms
  Thread calibration: mean lat.: 12.945ms, rate sampling interval: 36ms
  Thread calibration: mean lat.: 13.515ms, rate sampling interval: 40ms
  Thread calibration: mean lat.: 13.981ms, rate sampling interval: 36ms
  Thread calibration: mean lat.: 13.048ms, rate sampling interval: 38ms
  Thread calibration: mean lat.: 13.051ms, rate sampling interval: 36ms
Logging function completed.

-----------------------------------------------------------------------
Test Results @ http://ms1311.utah.cloudlab.us:8080/wrk2-api/post/compose 
  Thread Stats   Avg      Stdev     99%   +/- Stdev
    Latency    13.98ms    4.56ms  27.84ms   73.04%
    Req/Sec    24.58     26.19   105.00     80.04%
  Latency Distribution (HdrHistogram - Recorded Latency)
 50.000%   13.12ms
 75.000%   16.54ms
 90.000%   19.92ms
 99.000%   27.84ms
 99.900%   37.41ms
 99.990%   39.17ms
 99.999%   39.17ms
100.000%   39.17ms

  Detailed Percentile spectrum:
       Value   Percentile   TotalCount 1/(1-Percentile)

       5.123     0.000000            1         1.00
       9.199     0.100000          392         1.11
      10.071     0.200000          783         1.25
      10.943     0.300000         1173         1.43
      11.903     0.400000         1560         1.67
      13.119     0.500000         1949         2.00
      13.727     0.550000         2145         2.22
      14.343     0.600000         2340         2.50
      15.031     0.650000         2534         2.86
      15.767     0.700000         2727         3.33
      16.543     0.750000         2922         4.00
      17.007     0.775000         3029         4.44
      17.439     0.800000         3118         5.00
      17.919     0.825000         3215         5.71
      18.415     0.850000         3313         6.67
      19.071     0.875000         3409         8.00
      19.423     0.887500         3457         8.89
      19.919     0.900000         3507        10.00
      20.415     0.912500         3556        11.43
      20.895     0.925000         3603        13.33
      21.583     0.937500         3655        16.00
      21.935     0.943750         3676        17.78
      22.351     0.950000         3701        20.00
      22.975     0.956250         3725        22.86
      23.647     0.962500         3749        26.67
      24.287     0.968750         3774        32.00
      24.735     0.971875         3786        35.56
      24.975     0.975000         3798        40.00
      25.487     0.978125         3810        45.71
      25.903     0.981250         3822        53.33
      26.415     0.984375         3836        64.00
      26.911     0.985938         3841        71.11
      27.263     0.987500         3848        80.00
      27.711     0.989062         3853        91.43
      27.983     0.990625         3859       106.67
      28.831     0.992188         3865       128.00
      29.519     0.992969         3868       142.22
      29.871     0.993750         3871       160.00
      30.719     0.994531         3874       182.86
      32.191     0.995313         3877       213.33
      32.351     0.996094         3880       256.00
      33.823     0.996484         3882       284.44
      34.111     0.996875         3883       320.00
      35.263     0.997266         3885       365.71
      35.423     0.997656         3886       426.67
      35.679     0.998047         3888       512.00
      36.063     0.998242         3889       568.89
      36.063     0.998437         3889       640.00
      36.479     0.998633         3890       731.43
      37.407     0.998828         3891       853.33
      37.727     0.999023         3892      1024.00
      37.727     0.999121         3892      1137.78
      37.727     0.999219         3892      1280.00
      38.271     0.999316         3893      1462.86
      38.271     0.999414         3893      1706.67
      38.975     0.999512         3894      2048.00
      38.975     0.999561         3894      2275.56
      38.975     0.999609         3894      2560.00
      38.975     0.999658         3894      2925.71
      38.975     0.999707         3894      3413.33
      39.167     0.999756         3895      4096.00
      39.167     1.000000         3895          inf
#[Mean    =       13.977, StdDeviation   =        4.560]
#[Max     =       39.136, Total count    =         3895]
#[Buckets =           27, SubBuckets     =         2048]
-----------------------------------------------------------------------
  5818 requests in 30.13s, 1.19MB read
  Socket errors: connect 0, read 0, write 0, timeout 9599
Requests/sec:    193.09  
Transfer/sec:     40.54KB
