Running 30s test @ http://ms1311.utah.cloudlab.us:8080/wrk2-api/post/compose
  8 threads and 1000 connections

  Thread calibration: mean lat.: 9223372036854776.000ms, rate sampling interval: 10ms
  Thread calibration: mean lat.: 9223372036854776.000ms, rate sampling interval: 10ms
  Thread calibration: mean lat.: 9141.686ms, rate sampling interval: 18497ms
  Thread calibration: mean lat.: 9223372036854776.000ms, rate sampling interval: 10ms
  Thread calibration: mean lat.: 9223372036854776.000ms, rate sampling interval: 10ms
  Thread calibration: mean lat.: 9255.594ms, rate sampling interval: 18743ms
  Thread calibration: mean lat.: 9223372036854776.000ms, rate sampling interval: 10ms
  Thread calibration: mean lat.: 9223372036854776.000ms, rate sampling interval: 10ms
Logging function completed.

-----------------------------------------------------------------------
Test Results @ http://ms1311.utah.cloudlab.us:8080/wrk2-api/post/compose 
  Thread Stats   Avg      Stdev     99%   +/- Stdev
    Latency    12.74s     3.69s   19.96s    74.97%
    Req/Sec    11.74     35.70   111.00     89.54%
  Latency Distribution (HdrHistogram - Recorded Latency)
 50.000%   10.01s 
 75.000%   16.46s 
 90.000%   18.84s 
 99.000%   19.96s 
 99.900%   22.48s 
 99.990%   24.99s 
 99.999%   24.99s 
100.000%   24.99s 

  Detailed Percentile spectrum:
       Value   Percentile   TotalCount 1/(1-Percentile)

    9265.151     0.000000            1         1.00
   10002.431     0.100000          861         1.11
   10002.431     0.200000          861         1.25
   10002.431     0.300000          861         1.43
   10002.431     0.400000          861         1.67
   10010.623     0.500000         1049         2.00
   10010.623     0.550000         1049         2.22
   10887.167     0.600000         1077         2.50
   13656.063     0.650000         1167         2.86
   15138.815     0.700000         1256         3.33
   16457.727     0.750000         1346         4.00
   16875.519     0.775000         1391         4.44
   17252.351     0.800000         1438         5.00
   17743.871     0.825000         1481         5.71
   18186.239     0.850000         1526         6.67
   18546.687     0.875000         1571         8.00
   18710.527     0.887500         1594         8.89
   18841.599     0.900000         1615        10.00
   19070.975     0.912500         1639        11.43
   19218.431     0.925000         1660        13.33
   19365.887     0.937500         1684        16.00
   19415.039     0.943750         1694        17.78
   19480.575     0.950000         1706        20.00
   19595.263     0.956250         1716        22.86
   19628.031     0.962500         1728        26.67
   19709.951     0.968750         1743        32.00
   19726.335     0.971875         1745        35.56
   19742.719     0.975000         1750        40.00
   19791.871     0.978125         1756        45.71
   19857.407     0.981250         1762        53.33
   19873.791     0.984375         1766        64.00
   19922.943     0.985938         1771        71.11
   19939.327     0.987500         1772        80.00
   19955.711     0.989062         1777        91.43
   19972.095     0.990625         1781       106.67
   19972.095     0.992188         1781       128.00
   19988.479     0.992969         1786       142.22
   19988.479     0.993750         1786       160.00
   19988.479     0.994531         1786       182.86
   19988.479     0.995313         1786       213.33
   20004.863     0.996094         1789       256.00
   20004.863     0.996484         1789       284.44
   20004.863     0.996875         1789       320.00
   20545.535     0.997266         1791       365.71
   20545.535     0.997656         1791       426.67
   20545.535     0.998047         1791       512.00
   20545.535     0.998242         1791       568.89
   22478.847     0.998437         1792       640.00
   22478.847     0.998633         1792       731.43
   22478.847     0.998828         1792       853.33
   24707.071     0.999023         1793      1024.00
   24707.071     0.999121         1793      1137.78
   24707.071     0.999219         1793      1280.00
   24707.071     0.999316         1793      1462.86
   24707.071     0.999414         1793      1706.67
   24985.599     0.999512         1794      2048.00
   24985.599     1.000000         1794          inf
#[Mean    =    12741.649, StdDeviation   =     3691.143]
#[Max     =    24969.216, Total count    =         1794]
#[Buckets =           27, SubBuckets     =         2048]
-----------------------------------------------------------------------
  1807 requests in 30.12s, 550.56KB read
  Socket errors: connect 0, read 0, write 0, timeout 9919
  Non-2xx or 3xx responses: 1638
Requests/sec:     59.99  
Transfer/sec:     18.28KB
