Running 30s test @ http://ms1311.utah.cloudlab.us:8080/wrk2-api/post/compose
  8 threads and 1000 connections

  Thread calibration: mean lat.: 14.293ms, rate sampling interval: 39ms
  Thread calibration: mean lat.: 14.158ms, rate sampling interval: 39ms
  Thread calibration: mean lat.: 14.611ms, rate sampling interval: 41ms
  Thread calibration: mean lat.: 14.467ms, rate sampling interval: 39ms
  Thread calibration: mean lat.: 15.135ms, rate sampling interval: 43ms
  Thread calibration: mean lat.: 14.781ms, rate sampling interval: 39ms
  Thread calibration: mean lat.: 14.142ms, rate sampling interval: 40ms
  Thread calibration: mean lat.: 13.736ms, rate sampling interval: 39ms
Logging function completed.

-----------------------------------------------------------------------
Test Results @ http://ms1311.utah.cloudlab.us:8080/wrk2-api/post/compose 
  Thread Stats   Avg      Stdev     99%   +/- Stdev
    Latency    14.56ms    9.14ms  33.92ms   94.82%
    Req/Sec    24.52     25.28   102.00     80.58%
  Latency Distribution (HdrHistogram - Recorded Latency)
 50.000%   12.94ms
 75.000%   16.51ms
 90.000%   20.56ms
 99.000%   33.92ms
 99.900%  135.17ms
 99.990%  150.40ms
 99.999%  150.40ms
100.000%  150.40ms

  Detailed Percentile spectrum:
       Value   Percentile   TotalCount 1/(1-Percentile)

       4.815     0.000000            1         1.00
       9.095     0.100000          391         1.11
      10.063     0.200000          780         1.25
      10.815     0.300000         1171         1.43
      11.711     0.400000         1560         1.67
      12.935     0.500000         1949         2.00
      13.599     0.550000         2146         2.22
      14.343     0.600000         2339         2.50
      14.951     0.650000         2535         2.86
      15.711     0.700000         2731         3.33
      16.511     0.750000         2925         4.00
      16.943     0.775000         3021         4.44
      17.519     0.800000         3123         5.00
      18.079     0.825000         3218         5.71
      18.751     0.850000         3313         6.67
      19.615     0.875000         3410         8.00
      19.999     0.887500         3460         8.89
      20.559     0.900000         3508        10.00
      21.311     0.912500         3558        11.43
      21.919     0.925000         3606        13.33
      22.815     0.937500         3654        16.00
      23.215     0.943750         3678        17.78
      23.839     0.950000         3703        20.00
      24.655     0.956250         3727        22.86
      25.119     0.962500         3751        26.67
      25.983     0.968750         3776        32.00
      26.511     0.971875         3788        35.56
      27.199     0.975000         3800        40.00
      27.967     0.978125         3812        45.71
      28.879     0.981250         3824        53.33
      29.903     0.984375         3837        64.00
      30.463     0.985938         3843        71.11
      31.871     0.987500         3849        80.00
      32.991     0.989062         3855        91.43
      35.295     0.990625         3861       106.67
      36.319     0.992188         3867       128.00
      41.055     0.992969         3870       142.22
      43.551     0.993750         3873       160.00
      59.231     0.994531         3876       182.86
      80.511     0.995313         3879       213.33
      92.863     0.996094         3882       256.00
     116.351     0.996484         3884       284.44
     120.191     0.996875         3885       320.00
     123.967     0.997266         3887       365.71
     125.311     0.997656         3888       426.67
     130.687     0.998047         3890       512.00
     131.839     0.998242         3891       568.89
     131.839     0.998437         3891       640.00
     134.015     0.998633         3892       731.43
     135.167     0.998828         3893       853.33
     141.695     0.999023         3894      1024.00
     141.695     0.999121         3894      1137.78
     141.695     0.999219         3894      1280.00
     142.463     0.999316         3895      1462.86
     142.463     0.999414         3895      1706.67
     150.015     0.999512         3896      2048.00
     150.015     0.999561         3896      2275.56
     150.015     0.999609         3896      2560.00
     150.015     0.999658         3896      2925.71
     150.015     0.999707         3896      3413.33
     150.399     0.999756         3897      4096.00
     150.399     1.000000         3897          inf
#[Mean    =       14.564, StdDeviation   =        9.143]
#[Max     =      150.272, Total count    =         3897]
#[Buckets =           27, SubBuckets     =         2048]
-----------------------------------------------------------------------
  5801 requests in 30.04s, 1.19MB read
  Socket errors: connect 0, read 0, write 0, timeout 9510
Requests/sec:    193.11  
Transfer/sec:     40.55KB
