Running 30s test @ http://ms1311.utah.cloudlab.us:8080/wrk2-api/post/compose
  8 threads and 1000 connections

  Thread calibration: mean lat.: 975.006ms, rate sampling interval: 2451ms
  Thread calibration: mean lat.: 1248.250ms, rate sampling interval: 8577ms
  Thread calibration: mean lat.: 1037.835ms, rate sampling interval: 2637ms
  Thread calibration: mean lat.: 1539.611ms, rate sampling interval: 12869ms
  Thread calibration: mean lat.: 1317.433ms, rate sampling interval: 7880ms
  Thread calibration: mean lat.: 792.383ms, rate sampling interval: 2217ms
  Thread calibration: mean lat.: 1170.011ms, rate sampling interval: 3880ms
  Thread calibration: mean lat.: 942.546ms, rate sampling interval: 2727ms
Logging function completed.

-----------------------------------------------------------------------
Test Results @ http://ms1311.utah.cloudlab.us:8080/wrk2-api/post/compose 
  Thread Stats   Avg      Stdev     99%   +/- Stdev
    Latency     7.90s     5.39s   20.30s    62.47%
    Req/Sec    14.57      5.93    30.00     82.50%
  Latency Distribution (HdrHistogram - Recorded Latency)
 50.000%    9.59s 
 75.000%   10.01s 
 90.000%   15.75s 
 99.000%   20.30s 
 99.900%   23.35s 
 99.990%   24.04s 
 99.999%   24.04s 
100.000%   24.04s 

  Detailed Percentile spectrum:
       Value   Percentile   TotalCount 1/(1-Percentile)

       6.003     0.000000            1         1.00
     669.695     0.100000          241         1.11
    2199.551     0.200000          481         1.25
    3706.879     0.300000          721         1.43
    6246.399     0.400000          961         1.67
    9592.831     0.500000         1201         2.00
   10002.431     0.550000         1668         2.22
   10002.431     0.600000         1668         2.50
   10002.431     0.650000         1668         2.86
   10010.623     0.700000         1843         3.33
   10010.623     0.750000         1843         4.00
   10231.807     0.775000         1862         4.44
   10944.511     0.800000         1921         5.00
   11788.287     0.825000         1981         5.71
   12771.327     0.850000         2042         6.67
   14016.511     0.875000         2102         8.00
   14753.791     0.887500         2131         8.89
   15745.023     0.900000         2161        10.00
   16441.343     0.912500         2191        11.43
   17268.735     0.925000         2221        13.33
   17907.711     0.937500         2252        16.00
   18169.855     0.943750         2266        17.78
   18481.151     0.950000         2281        20.00
   18841.599     0.956250         2296        22.86
   19054.591     0.962500         2312        26.67
   19267.583     0.968750         2328        32.00
   19398.655     0.971875         2335        35.56
   19464.191     0.975000         2341        40.00
   19578.879     0.978125         2349        45.71
   19726.335     0.981250         2358        53.33
   19857.407     0.984375         2366        64.00
   19890.175     0.985938         2369        71.11
   19939.327     0.987500         2371        80.00
   20004.863     0.989062         2375        91.43
   20479.999     0.990625         2379       106.67
   20774.911     0.992188         2383       128.00
   21184.511     0.992969         2385       142.22
   21315.583     0.993750         2386       160.00
   21463.039     0.994531         2388       182.86
   21741.567     0.995313         2390       213.33
   22282.239     0.996094         2392       256.00
   22495.231     0.996484         2393       284.44
   22544.383     0.996875         2394       320.00
   22626.303     0.997266         2395       365.71
   22675.455     0.997656         2396       426.67
   22855.679     0.998047         2397       512.00
   22855.679     0.998242         2397       568.89
   23330.815     0.998437         2398       640.00
   23330.815     0.998633         2398       731.43
   23347.199     0.998828         2399       853.33
   23347.199     0.999023         2399      1024.00
   23347.199     0.999121         2399      1137.78
   23363.583     0.999219         2400      1280.00
   23363.583     0.999316         2400      1462.86
   23363.583     0.999414         2400      1706.67
   23363.583     0.999512         2400      2048.00
   23363.583     0.999561         2400      2275.56
   24035.327     0.999609         2401      2560.00
   24035.327     1.000000         2401          inf
#[Mean    =     7903.375, StdDeviation   =     5388.971]
#[Max     =    24018.944, Total count    =         2401]
#[Buckets =           27, SubBuckets     =         2048]
-----------------------------------------------------------------------
  3231 requests in 30.13s, 770.86KB read
  Socket errors: connect 0, read 0, write 0, timeout 9799
  Non-2xx or 3xx responses: 885
Requests/sec:    107.24  
Transfer/sec:     25.58KB
