Running 30s test @ http://node0.krisub-247336.ldos-ut-pg0.wisc.cloudlab.us:8080/wrk2-api/post/compose
  8 threads and 1000 connections

  Thread calibration: mean lat.: 5.652ms, rate sampling interval: 12ms
  Thread calibration: mean lat.: 5.013ms, rate sampling interval: 11ms
  Thread calibration: mean lat.: 4.968ms, rate sampling interval: 11ms
  Thread calibration: mean lat.: 4.934ms, rate sampling interval: 11ms
  Thread calibration: mean lat.: 4.947ms, rate sampling interval: 11ms
  Thread calibration: mean lat.: 4.968ms, rate sampling interval: 11ms
  Thread calibration: mean lat.: 5.129ms, rate sampling interval: 12ms
  Thread calibration: mean lat.: 4.998ms, rate sampling interval: 11ms
Logging function completed.

-----------------------------------------------------------------------
Test Results @ http://node0.krisub-247336.ldos-ut-pg0.wisc.cloudlab.us:8080/wrk2-api/post/compose 
  Thread Stats   Avg      Stdev     99%   +/- Stdev
    Latency     4.82ms  674.38us   6.87ms   72.70%
    Req/Sec    25.50     48.58   200.00     75.84%
  Latency Distribution (HdrHistogram - Recorded Latency)
 50.000%    4.70ms
 75.000%    5.17ms
 90.000%    5.73ms
 99.000%    6.87ms
 99.900%    8.09ms
 99.990%   10.13ms
 99.999%   10.13ms
100.000%   10.13ms

  Detailed Percentile spectrum:
       Value   Percentile   TotalCount 1/(1-Percentile)

       3.481     0.000000            1         1.00
       4.099     0.100000          395         1.11
       4.271     0.200000          781         1.25
       4.427     0.300000         1177         1.43
       4.555     0.400000         1565         1.67
       4.699     0.500000         1959         2.00
       4.767     0.550000         2151         2.22
       4.863     0.600000         2339         2.50
       4.955     0.650000         2542         2.86
       5.043     0.700000         2739         3.33
       5.171     0.750000         2927         4.00
       5.227     0.775000         3029         4.44
       5.299     0.800000         3121         5.00
       5.395     0.825000         3218         5.71
       5.487     0.850000         3315         6.67
       5.599     0.875000         3414         8.00
       5.663     0.887500         3460         8.89
       5.727     0.900000         3509        10.00
       5.803     0.912500         3562        11.43
       5.875     0.925000         3607        13.33
       5.967     0.937500         3656        16.00
       6.031     0.943750         3680        17.78
       6.095     0.950000         3706        20.00
       6.187     0.956250         3728        22.86
       6.271     0.962500         3753        26.67
       6.359     0.968750         3777        32.00
       6.403     0.971875         3790        35.56
       6.427     0.975000         3802        40.00
       6.463     0.978125         3813        45.71
       6.547     0.981250         3825        53.33
       6.647     0.984375         3838        64.00
       6.731     0.985938         3844        71.11
       6.779     0.987500         3850        80.00
       6.835     0.989062         3856        91.43
       6.895     0.990625         3862       106.67
       7.023     0.992188         3868       128.00
       7.079     0.992969         3871       142.22
       7.099     0.993750         3874       160.00
       7.159     0.994531         3877       182.86
       7.223     0.995313         3880       213.33
       7.319     0.996094         3883       256.00
       7.643     0.996484         3885       284.44
       7.651     0.996875         3887       320.00
       7.655     0.997266         3888       365.71
       7.759     0.997656         3889       426.67
       7.899     0.998047         3891       512.00
       8.039     0.998242         3892       568.89
       8.039     0.998437         3892       640.00
       8.047     0.998633         3893       731.43
       8.091     0.998828         3894       853.33
       8.287     0.999023         3895      1024.00
       8.287     0.999121         3895      1137.78
       8.287     0.999219         3895      1280.00
       8.951     0.999316         3896      1462.86
       8.951     0.999414         3896      1706.67
       9.719     0.999512         3897      2048.00
       9.719     0.999561         3897      2275.56
       9.719     0.999609         3897      2560.00
       9.719     0.999658         3897      2925.71
       9.719     0.999707         3897      3413.33
      10.127     0.999756         3898      4096.00
      10.127     1.000000         3898          inf
#[Mean    =        4.823, StdDeviation   =        0.674]
#[Max     =       10.120, Total count    =         3898]
#[Buckets =           27, SubBuckets     =         2048]
-----------------------------------------------------------------------
  5826 requests in 30.08s, 1.19MB read
  Socket errors: connect 0, read 0, write 0, timeout 9509
Requests/sec:    193.67  
Transfer/sec:     40.66KB
