Running 30s test @ http://ms1311.utah.cloudlab.us:8080/wrk2-api/post/compose
  8 threads and 1000 connections

  Thread calibration: mean lat.: 13.276ms, rate sampling interval: 39ms
  Thread calibration: mean lat.: 13.024ms, rate sampling interval: 38ms
  Thread calibration: mean lat.: 12.915ms, rate sampling interval: 37ms
  Thread calibration: mean lat.: 13.391ms, rate sampling interval: 41ms
  Thread calibration: mean lat.: 13.320ms, rate sampling interval: 39ms
  Thread calibration: mean lat.: 12.779ms, rate sampling interval: 37ms
  Thread calibration: mean lat.: 13.291ms, rate sampling interval: 38ms
  Thread calibration: mean lat.: 14.008ms, rate sampling interval: 40ms
Logging function completed.

-----------------------------------------------------------------------
Test Results @ http://ms1311.utah.cloudlab.us:8080/wrk2-api/post/compose 
  Thread Stats   Avg      Stdev     99%   +/- Stdev
    Latency    13.80ms    4.39ms  28.14ms   76.49%
    Req/Sec    24.60     26.20   105.00     82.83%
  Latency Distribution (HdrHistogram - Recorded Latency)
 50.000%   12.79ms
 75.000%   16.06ms
 90.000%   19.53ms
 99.000%   28.14ms
 99.900%   39.42ms
 99.990%   47.10ms
 99.999%   47.10ms
100.000%   47.10ms

  Detailed Percentile spectrum:
       Value   Percentile   TotalCount 1/(1-Percentile)

       5.419     0.000000            1         1.00
       9.439     0.100000          391         1.11
      10.207     0.200000          780         1.25
      10.935     0.300000         1172         1.43
      11.727     0.400000         1560         1.67
      12.791     0.500000         1951         2.00
      13.407     0.550000         2144         2.22
      14.023     0.600000         2341         2.50
      14.647     0.650000         2535         2.86
      15.335     0.700000         2730         3.33
      16.063     0.750000         2925         4.00
      16.495     0.775000         3023         4.44
      16.831     0.800000         3118         5.00
      17.311     0.825000         3216         5.71
      17.887     0.850000         3314         6.67
      18.655     0.875000         3412         8.00
      19.135     0.887500         3459         8.89
      19.551     0.900000         3509        10.00
      20.047     0.912500         3558        11.43
      20.527     0.925000         3605        13.33
      21.279     0.937500         3654        16.00
      21.647     0.943750         3680        17.78
      22.095     0.950000         3703        20.00
      22.447     0.956250         3728        22.86
      22.847     0.962500         3751        26.67
      23.343     0.968750         3776        32.00
      23.711     0.971875         3788        35.56
      24.271     0.975000         3800        40.00
      24.975     0.978125         3812        45.71
      25.519     0.981250         3824        53.33
      26.399     0.984375         3837        64.00
      26.815     0.985938         3843        71.11
      27.439     0.987500         3849        80.00
      27.855     0.989062         3855        91.43
      28.303     0.990625         3861       106.67
      29.343     0.992188         3867       128.00
      29.807     0.992969         3870       142.22
      30.399     0.993750         3873       160.00
      31.135     0.994531         3876       182.86
      31.743     0.995313         3879       213.33
      32.191     0.996094         3882       256.00
      33.375     0.996484         3884       284.44
      33.439     0.996875         3885       320.00
      33.695     0.997266         3887       365.71
      34.015     0.997656         3888       426.67
      37.663     0.998047         3890       512.00
      38.015     0.998242         3891       568.89
      38.015     0.998437         3891       640.00
      38.431     0.998633         3892       731.43
      39.423     0.998828         3893       853.33
      39.743     0.999023         3894      1024.00
      39.743     0.999121         3894      1137.78
      39.743     0.999219         3894      1280.00
      41.503     0.999316         3895      1462.86
      41.503     0.999414         3895      1706.67
      45.119     0.999512         3896      2048.00
      45.119     0.999561         3896      2275.56
      45.119     0.999609         3896      2560.00
      45.119     0.999658         3896      2925.71
      45.119     0.999707         3896      3413.33
      47.103     0.999756         3897      4096.00
      47.103     1.000000         3897          inf
#[Mean    =       13.803, StdDeviation   =        4.386]
#[Max     =       47.072, Total count    =         3897]
#[Buckets =           27, SubBuckets     =         2048]
-----------------------------------------------------------------------
  5804 requests in 30.05s, 1.19MB read
  Socket errors: connect 0, read 0, write 0, timeout 9506
Requests/sec:    193.16  
Transfer/sec:     40.56KB
