Running 30s test @ http://ms1311.utah.cloudlab.us:8080/wrk2-api/post/compose
  8 threads and 1000 connections

  Thread calibration: mean lat.: 16.729ms, rate sampling interval: 48ms
  Thread calibration: mean lat.: 15.045ms, rate sampling interval: 45ms
  Thread calibration: mean lat.: 15.589ms, rate sampling interval: 44ms
  Thread calibration: mean lat.: 16.211ms, rate sampling interval: 45ms
  Thread calibration: mean lat.: 15.841ms, rate sampling interval: 47ms
  Thread calibration: mean lat.: 17.414ms, rate sampling interval: 50ms
  Thread calibration: mean lat.: 15.964ms, rate sampling interval: 51ms
  Thread calibration: mean lat.: 16.839ms, rate sampling interval: 53ms
Logging function completed.

-----------------------------------------------------------------------
Test Results @ http://ms1311.utah.cloudlab.us:8080/wrk2-api/post/compose 
  Thread Stats   Avg      Stdev     99%   +/- Stdev
    Latency    15.60ms   12.71ms  75.33ms   95.43%
    Req/Sec    24.43     23.23    94.00     57.06%
  Latency Distribution (HdrHistogram - Recorded Latency)
 50.000%   13.01ms
 75.000%   16.77ms
 90.000%   21.49ms
 99.000%   75.33ms
 99.900%  170.88ms
 99.990%  194.30ms
 99.999%  194.30ms
100.000%  194.30ms

  Detailed Percentile spectrum:
       Value   Percentile   TotalCount 1/(1-Percentile)

       5.455     0.000000            1         1.00
       9.271     0.100000          395         1.11
      10.127     0.200000          782         1.25
      10.831     0.300000         1170         1.43
      11.847     0.400000         1561         1.67
      13.007     0.500000         1949         2.00
      13.615     0.550000         2146         2.22
      14.279     0.600000         2339         2.50
      15.111     0.650000         2537         2.86
      15.847     0.700000         2728         3.33
      16.767     0.750000         2925         4.00
      17.183     0.775000         3022         4.44
      17.759     0.800000         3118         5.00
      18.319     0.825000         3216         5.71
      19.151     0.850000         3314         6.67
      20.111     0.875000         3410         8.00
      20.799     0.887500         3459         8.89
      21.487     0.900000         3508        10.00
      22.367     0.912500         3557        11.43
      23.615     0.925000         3606        13.33
      25.119     0.937500         3656        16.00
      26.271     0.943750         3678        17.78
      27.103     0.950000         3703        20.00
      28.703     0.956250         3727        22.86
      30.703     0.962500         3751        26.67
      33.215     0.968750         3776        32.00
      35.519     0.971875         3788        35.56
      37.215     0.975000         3800        40.00
      40.255     0.978125         3812        45.71
      45.279     0.981250         3824        53.33
      50.911     0.984375         3837        64.00
      56.607     0.985938         3843        71.11
      65.919     0.987500         3849        80.00
      71.871     0.989062         3855        91.43
      77.183     0.990625         3861       106.67
      83.775     0.992188         3867       128.00
      85.439     0.992969         3870       142.22
      91.775     0.993750         3873       160.00
      96.319     0.994531         3876       182.86
     106.239     0.995313         3879       213.33
     122.303     0.996094         3882       256.00
     133.759     0.996484         3884       284.44
     134.143     0.996875         3885       320.00
     148.223     0.997266         3887       365.71
     150.655     0.997656         3888       426.67
     154.879     0.998047         3890       512.00
     157.439     0.998242         3891       568.89
     157.439     0.998437         3891       640.00
     159.231     0.998633         3892       731.43
     170.879     0.998828         3893       853.33
     180.607     0.999023         3894      1024.00
     180.607     0.999121         3894      1137.78
     180.607     0.999219         3894      1280.00
     182.911     0.999316         3895      1462.86
     182.911     0.999414         3895      1706.67
     186.239     0.999512         3896      2048.00
     186.239     0.999561         3896      2275.56
     186.239     0.999609         3896      2560.00
     186.239     0.999658         3896      2925.71
     186.239     0.999707         3896      3413.33
     194.303     0.999756         3897      4096.00
     194.303     1.000000         3897          inf
#[Mean    =       15.602, StdDeviation   =       12.708]
#[Max     =      194.176, Total count    =         3897]
#[Buckets =           27, SubBuckets     =         2048]
-----------------------------------------------------------------------
  5818 requests in 30.07s, 1.19MB read
  Socket errors: connect 0, read 0, write 0, timeout 9505
Requests/sec:    193.46  
Transfer/sec:     40.62KB
