Running 30s test @ http://ms1311.utah.cloudlab.us:8080/wrk2-api/post/compose
  8 threads and 1000 connections

  Thread calibration: mean lat.: 13.202ms, rate sampling interval: 37ms
  Thread calibration: mean lat.: 13.575ms, rate sampling interval: 38ms
  Thread calibration: mean lat.: 13.095ms, rate sampling interval: 36ms
  Thread calibration: mean lat.: 13.854ms, rate sampling interval: 40ms
  Thread calibration: mean lat.: 13.266ms, rate sampling interval: 38ms
  Thread calibration: mean lat.: 13.450ms, rate sampling interval: 39ms
  Thread calibration: mean lat.: 13.897ms, rate sampling interval: 38ms
  Thread calibration: mean lat.: 13.104ms, rate sampling interval: 38ms
Logging function completed.

-----------------------------------------------------------------------
Test Results @ http://ms1311.utah.cloudlab.us:8080/wrk2-api/post/compose 
  Thread Stats   Avg      Stdev     99%   +/- Stdev
    Latency    15.36ms    5.29ms  34.14ms   76.55%
    Req/Sec    24.68     25.40   105.00     79.87%
  Latency Distribution (HdrHistogram - Recorded Latency)
 50.000%   14.37ms
 75.000%   17.98ms
 90.000%   21.93ms
 99.000%   34.14ms
 99.900%   44.90ms
 99.990%   50.43ms
 99.999%   50.43ms
100.000%   50.43ms

  Detailed Percentile spectrum:
       Value   Percentile   TotalCount 1/(1-Percentile)

       4.951     0.000000            1         1.00
      10.023     0.100000          391         1.11
      10.943     0.200000          781         1.25
      11.951     0.300000         1173         1.43
      13.239     0.400000         1561         1.67
      14.367     0.500000         1953         2.00
      14.991     0.550000         2149         2.22
      15.639     0.600000         2343         2.50
      16.327     0.650000         2539         2.86
      17.103     0.700000         2732         3.33
      17.983     0.750000         2929         4.00
      18.431     0.775000         3025         4.44
      18.927     0.800000         3126         5.00
      19.487     0.825000         3222         5.71
      20.111     0.850000         3320         6.67
      20.911     0.875000         3416         8.00
      21.295     0.887500         3464         8.89
      21.935     0.900000         3512        10.00
      22.607     0.912500         3561        11.43
      23.359     0.925000         3611        13.33
      24.223     0.937500         3659        16.00
      24.671     0.943750         3683        17.78
      25.263     0.950000         3707        20.00
      25.775     0.956250         3732        22.86
      26.527     0.962500         3756        26.67
      27.343     0.968750         3781        32.00
      27.647     0.971875         3794        35.56
      28.127     0.975000         3805        40.00
      28.623     0.978125         3817        45.71
      29.311     0.981250         3830        53.33
      30.623     0.984375         3843        64.00
      31.375     0.985938         3848        71.11
      32.303     0.987500         3854        80.00
      33.247     0.989062         3860        91.43
      34.399     0.990625         3866       106.67
      35.327     0.992188         3872       128.00
      36.895     0.992969         3875       142.22
      37.087     0.993750         3878       160.00
      37.759     0.994531         3881       182.86
      38.655     0.995313         3884       213.33
      39.935     0.996094         3887       256.00
      40.223     0.996484         3890       284.44
      40.223     0.996875         3890       320.00
      40.767     0.997266         3892       365.71
      41.119     0.997656         3893       426.67
      42.847     0.998047         3895       512.00
      42.879     0.998242         3896       568.89
      42.879     0.998437         3896       640.00
      44.159     0.998633         3897       731.43
      44.895     0.998828         3898       853.33
      45.407     0.999023         3899      1024.00
      45.407     0.999121         3899      1137.78
      45.407     0.999219         3899      1280.00
      47.711     0.999316         3900      1462.86
      47.711     0.999414         3900      1706.67
      48.511     0.999512         3901      2048.00
      48.511     0.999561         3901      2275.56
      48.511     0.999609         3901      2560.00
      48.511     0.999658         3901      2925.71
      48.511     0.999707         3901      3413.33
      50.431     0.999756         3902      4096.00
      50.431     1.000000         3902          inf
#[Mean    =       15.363, StdDeviation   =        5.291]
#[Max     =       50.400, Total count    =         3902]
#[Buckets =           27, SubBuckets     =         2048]
-----------------------------------------------------------------------
  5865 requests in 30.04s, 1.20MB read
  Socket errors: connect 0, read 0, write 0, timeout 9478
Requests/sec:    195.23  
Transfer/sec:     40.99KB
