Running 30s test @ http://node0.krisub-247336.ldos-ut-pg0.wisc.cloudlab.us:8080/wrk2-api/post/compose
  8 threads and 1000 connections

  Thread calibration: mean lat.: 4.897ms, rate sampling interval: 11ms
  Thread calibration: mean lat.: 4.980ms, rate sampling interval: 12ms
  Thread calibration: mean lat.: 4.890ms, rate sampling interval: 11ms
  Thread calibration: mean lat.: 4.906ms, rate sampling interval: 11ms
  Thread calibration: mean lat.: 5.257ms, rate sampling interval: 13ms
  Thread calibration: mean lat.: 5.891ms, rate sampling interval: 13ms
  Thread calibration: mean lat.: 4.940ms, rate sampling interval: 11ms
  Thread calibration: mean lat.: 4.860ms, rate sampling interval: 11ms
Logging function completed.

-----------------------------------------------------------------------
Test Results @ http://node0.krisub-247336.ldos-ut-pg0.wisc.cloudlab.us:8080/wrk2-api/post/compose 
  Thread Stats   Avg      Stdev     99%   +/- Stdev
    Latency     4.87ms  697.29us   6.96ms   75.21%
    Req/Sec    25.45     47.93   200.00     75.23%
  Latency Distribution (HdrHistogram - Recorded Latency)
 50.000%    4.74ms
 75.000%    5.21ms
 90.000%    5.74ms
 99.000%    6.96ms
 99.900%    9.79ms
 99.990%   13.38ms
 99.999%   13.38ms
100.000%   13.38ms

  Detailed Percentile spectrum:
       Value   Percentile   TotalCount 1/(1-Percentile)

       3.617     0.000000            1         1.00
       4.151     0.100000          391         1.11
       4.323     0.200000          781         1.25
       4.455     0.300000         1171         1.43
       4.595     0.400000         1566         1.67
       4.735     0.500000         1950         2.00
       4.819     0.550000         2156         2.22
       4.899     0.600000         2341         2.50
       4.991     0.650000         2541         2.86
       5.099     0.700000         2734         3.33
       5.207     0.750000         2926         4.00
       5.271     0.775000         3023         4.44
       5.343     0.800000         3123         5.00
       5.427     0.825000         3216         5.71
       5.519     0.850000         3314         6.67
       5.627     0.875000         3415         8.00
       5.683     0.887500         3459         8.89
       5.743     0.900000         3512        10.00
       5.831     0.912500         3559        11.43
       5.923     0.925000         3605        13.33
       6.023     0.937500         3654        16.00
       6.075     0.943750         3680        17.78
       6.143     0.950000         3705        20.00
       6.191     0.956250         3727        22.86
       6.271     0.962500         3751        26.67
       6.395     0.968750         3776        32.00
       6.463     0.971875         3788        35.56
       6.527     0.975000         3800        40.00
       6.583     0.978125         3812        45.71
       6.663     0.981250         3826        53.33
       6.775     0.984375         3837        64.00
       6.799     0.985938         3843        71.11
       6.851     0.987500         3850        80.00
       6.955     0.989062         3856        91.43
       6.995     0.990625         3861       106.67
       7.147     0.992188         3867       128.00
       7.179     0.992969         3870       142.22
       7.299     0.993750         3873       160.00
       7.391     0.994531         3876       182.86
       7.499     0.995313         3880       213.33
       7.603     0.996094         3882       256.00
       7.731     0.996484         3884       284.44
       7.911     0.996875         3885       320.00
       7.923     0.997266         3887       365.71
       7.955     0.997656         3888       426.67
       8.503     0.998047         3890       512.00
       8.575     0.998242         3891       568.89
       8.575     0.998437         3891       640.00
       8.959     0.998633         3892       731.43
       9.791     0.998828         3893       853.33
       9.799     0.999023         3894      1024.00
       9.799     0.999121         3894      1137.78
       9.799     0.999219         3894      1280.00
      10.583     0.999316         3895      1462.86
      10.583     0.999414         3895      1706.67
      11.111     0.999512         3896      2048.00
      11.111     0.999561         3896      2275.56
      11.111     0.999609         3896      2560.00
      11.111     0.999658         3896      2925.71
      11.111     0.999707         3896      3413.33
      13.375     0.999756         3897      4096.00
      13.375     1.000000         3897          inf
#[Mean    =        4.869, StdDeviation   =        0.697]
#[Max     =       13.368, Total count    =         3897]
#[Buckets =           27, SubBuckets     =         2048]
-----------------------------------------------------------------------
  5803 requests in 30.08s, 1.19MB read
  Socket errors: connect 0, read 0, write 0, timeout 9515
Requests/sec:    192.89  
Transfer/sec:     40.50KB
