Running 30s test @ http://node0.krisub-247336.ldos-ut-pg0.wisc.cloudlab.us:8080/wrk2-api/post/compose
  8 threads and 1000 connections

  Thread calibration: mean lat.: 4.810ms, rate sampling interval: 11ms
  Thread calibration: mean lat.: 4.871ms, rate sampling interval: 11ms
  Thread calibration: mean lat.: 4.904ms, rate sampling interval: 11ms
  Thread calibration: mean lat.: 4.994ms, rate sampling interval: 12ms
  Thread calibration: mean lat.: 4.877ms, rate sampling interval: 11ms
  Thread calibration: mean lat.: 4.910ms, rate sampling interval: 11ms
  Thread calibration: mean lat.: 4.982ms, rate sampling interval: 11ms
  Thread calibration: mean lat.: 5.382ms, rate sampling interval: 11ms
Logging function completed.

-----------------------------------------------------------------------
Test Results @ http://node0.krisub-247336.ldos-ut-pg0.wisc.cloudlab.us:8080/wrk2-api/post/compose 
  Thread Stats   Avg      Stdev     99%   +/- Stdev
    Latency     4.76ms  686.21us   6.76ms   76.98%
    Req/Sec    25.49     49.18   200.00     76.18%
  Latency Distribution (HdrHistogram - Recorded Latency)
 50.000%    4.63ms
 75.000%    5.06ms
 90.000%    5.61ms
 99.000%    6.76ms
 99.900%    9.33ms
 99.990%   12.93ms
 99.999%   12.93ms
100.000%   12.93ms

  Detailed Percentile spectrum:
       Value   Percentile   TotalCount 1/(1-Percentile)

       3.485     0.000000            1         1.00
       4.079     0.100000          390         1.11
       4.239     0.200000          784         1.25
       4.363     0.300000         1169         1.43
       4.495     0.400000         1561         1.67
       4.631     0.500000         1951         2.00
       4.703     0.550000         2150         2.22
       4.779     0.600000         2341         2.50
       4.855     0.650000         2534         2.86
       4.955     0.700000         2728         3.33
       5.063     0.750000         2925         4.00
       5.119     0.775000         3022         4.44
       5.191     0.800000         3119         5.00
       5.279     0.825000         3217         5.71
       5.367     0.850000         3312         6.67
       5.483     0.875000         3409         8.00
       5.551     0.887500         3459         8.89
       5.611     0.900000         3507        10.00
       5.707     0.912500         3558        11.43
       5.803     0.925000         3604        13.33
       5.895     0.937500         3654        16.00
       5.939     0.943750         3678        17.78
       5.991     0.950000         3703        20.00
       6.063     0.956250         3728        22.86
       6.123     0.962500         3750        26.67
       6.207     0.968750         3775        32.00
       6.251     0.971875         3787        35.56
       6.359     0.975000         3799        40.00
       6.411     0.978125         3811        45.71
       6.495     0.981250         3823        53.33
       6.599     0.984375         3836        64.00
       6.647     0.985938         3842        71.11
       6.671     0.987500         3849        80.00
       6.687     0.989062         3854        91.43
       6.775     0.990625         3860       106.67
       7.063     0.992188         3866       128.00
       7.219     0.992969         3869       142.22
       7.263     0.993750         3872       160.00
       7.447     0.994531         3875       182.86
       7.643     0.995313         3878       213.33
       7.715     0.996094         3881       256.00
       7.875     0.996484         3883       284.44
       7.907     0.996875         3884       320.00
       8.183     0.997266         3886       365.71
       8.191     0.997656         3887       426.67
       8.551     0.998047         3889       512.00
       8.719     0.998242         3890       568.89
       8.719     0.998437         3890       640.00
       8.863     0.998633         3891       731.43
       9.327     0.998828         3892       853.33
       9.367     0.999023         3893      1024.00
       9.367     0.999121         3893      1137.78
       9.367     0.999219         3893      1280.00
      12.303     0.999316         3894      1462.86
      12.303     0.999414         3894      1706.67
      12.495     0.999512         3895      2048.00
      12.495     0.999561         3895      2275.56
      12.495     0.999609         3895      2560.00
      12.495     0.999658         3895      2925.71
      12.495     0.999707         3895      3413.33
      12.927     0.999756         3896      4096.00
      12.927     1.000000         3896          inf
#[Mean    =        4.760, StdDeviation   =        0.686]
#[Max     =       12.920, Total count    =         3896]
#[Buckets =           27, SubBuckets     =         2048]
-----------------------------------------------------------------------
  5827 requests in 30.04s, 1.19MB read
  Socket errors: connect 0, read 0, write 0, timeout 9512
Requests/sec:    193.98  
Transfer/sec:     40.73KB
