Running 30s test @ http://ms1311.utah.cloudlab.us:8080/wrk2-api/post/compose
  8 threads and 1000 connections

  Thread calibration: mean lat.: 12.801ms, rate sampling interval: 35ms
  Thread calibration: mean lat.: 13.370ms, rate sampling interval: 37ms
  Thread calibration: mean lat.: 13.471ms, rate sampling interval: 39ms
  Thread calibration: mean lat.: 12.685ms, rate sampling interval: 36ms
  Thread calibration: mean lat.: 12.787ms, rate sampling interval: 35ms
  Thread calibration: mean lat.: 13.106ms, rate sampling interval: 36ms
  Thread calibration: mean lat.: 13.068ms, rate sampling interval: 35ms
  Thread calibration: mean lat.: 13.725ms, rate sampling interval: 39ms
Logging function completed.

-----------------------------------------------------------------------
Test Results @ http://ms1311.utah.cloudlab.us:8080/wrk2-api/post/compose 
  Thread Stats   Avg      Stdev     99%   +/- Stdev
    Latency    14.91ms    5.12ms  30.83ms   74.02%
    Req/Sec    24.58     26.04   102.00     79.97%
  Latency Distribution (HdrHistogram - Recorded Latency)
 50.000%   13.82ms
 75.000%   17.69ms
 90.000%   21.68ms
 99.000%   30.83ms
 99.900%   37.53ms
 99.990%   51.07ms
 99.999%   51.07ms
100.000%   51.07ms

  Detailed Percentile spectrum:
       Value   Percentile   TotalCount 1/(1-Percentile)

       5.487     0.000000            1         1.00
       9.655     0.100000          392         1.11
      10.615     0.200000          786         1.25
      11.535     0.300000         1173         1.43
      12.591     0.400000         1563         1.67
      13.823     0.500000         1954         2.00
      14.535     0.550000         2151         2.22
      15.271     0.600000         2345         2.50
      15.975     0.650000         2541         2.86
      16.767     0.700000         2738         3.33
      17.711     0.750000         2932         4.00
      18.175     0.775000         3029         4.44
      18.655     0.800000         3128         5.00
      19.375     0.825000         3226         5.71
      19.999     0.850000         3321         6.67
      20.799     0.875000         3419         8.00
      21.263     0.887500         3469         8.89
      21.679     0.900000         3518        10.00
      22.271     0.912500         3566        11.43
      22.863     0.925000         3614        13.33
      23.503     0.937500         3663        16.00
      24.127     0.943750         3688        17.78
      24.767     0.950000         3712        20.00
      25.263     0.956250         3738        22.86
      26.015     0.962500         3761        26.67
      26.687     0.968750         3785        32.00
      27.055     0.971875         3798        35.56
      27.455     0.975000         3810        40.00
      27.711     0.978125         3822        45.71
      28.591     0.981250         3834        53.33
      29.055     0.984375         3846        64.00
      29.599     0.985938         3853        71.11
      30.063     0.987500         3859        80.00
      30.703     0.989062         3865        91.43
      31.119     0.990625         3871       106.67
      31.983     0.992188         3877       128.00
      32.367     0.992969         3880       142.22
      32.607     0.993750         3883       160.00
      33.279     0.994531         3886       182.86
      33.791     0.995313         3889       213.33
      34.335     0.996094         3892       256.00
      35.295     0.996484         3894       284.44
      35.327     0.996875         3895       320.00
      35.423     0.997266         3897       365.71
      35.519     0.997656         3898       426.67
      35.967     0.998047         3900       512.00
      36.031     0.998242         3901       568.89
      36.031     0.998437         3901       640.00
      36.927     0.998633         3902       731.43
      37.535     0.998828         3903       853.33
      41.119     0.999023         3904      1024.00
      41.119     0.999121         3904      1137.78
      41.119     0.999219         3904      1280.00
      42.911     0.999316         3905      1462.86
      42.911     0.999414         3905      1706.67
      48.671     0.999512         3906      2048.00
      48.671     0.999561         3906      2275.56
      48.671     0.999609         3906      2560.00
      48.671     0.999658         3906      2925.71
      48.671     0.999707         3906      3413.33
      51.071     0.999756         3907      4096.00
      51.071     1.000000         3907          inf
#[Mean    =       14.911, StdDeviation   =        5.118]
#[Max     =       51.040, Total count    =         3907]
#[Buckets =           27, SubBuckets     =         2048]
-----------------------------------------------------------------------
  5862 requests in 30.12s, 1.20MB read
  Socket errors: connect 0, read 0, write 0, timeout 9483
Requests/sec:    194.61  
Transfer/sec:     40.86KB
