Running 30s test @ http://node0.krisub-247336.ldos-ut-pg0.wisc.cloudlab.us:8080/wrk2-api/post/compose
  8 threads and 1000 connections

  Thread calibration: mean lat.: 5.004ms, rate sampling interval: 12ms
  Thread calibration: mean lat.: 5.664ms, rate sampling interval: 13ms
  Thread calibration: mean lat.: 5.105ms, rate sampling interval: 12ms
  Thread calibration: mean lat.: 5.573ms, rate sampling interval: 13ms
  Thread calibration: mean lat.: 4.981ms, rate sampling interval: 11ms
  Thread calibration: mean lat.: 5.050ms, rate sampling interval: 12ms
  Thread calibration: mean lat.: 5.037ms, rate sampling interval: 12ms
  Thread calibration: mean lat.: 4.955ms, rate sampling interval: 11ms
Logging function completed.

-----------------------------------------------------------------------
Test Results @ http://node0.krisub-247336.ldos-ut-pg0.wisc.cloudlab.us:8080/wrk2-api/post/compose 
  Thread Stats   Avg      Stdev     99%   +/- Stdev
    Latency     4.82ms  825.38us   7.00ms   83.68%
    Req/Sec    25.41     46.84   181.00     74.45%
  Latency Distribution (HdrHistogram - Recorded Latency)
 50.000%    4.67ms
 75.000%    5.13ms
 90.000%    5.70ms
 99.000%    7.00ms
 99.900%   14.23ms
 99.990%   18.85ms
 99.999%   18.85ms
100.000%   18.85ms

  Detailed Percentile spectrum:
       Value   Percentile   TotalCount 1/(1-Percentile)

       3.543     0.000000            1         1.00
       4.103     0.100000          397         1.11
       4.251     0.200000          789         1.25
       4.387     0.300000         1180         1.43
       4.527     0.400000         1571         1.67
       4.667     0.500000         1953         2.00
       4.739     0.550000         2146         2.22
       4.823     0.600000         2339         2.50
       4.915     0.650000         2539         2.86
       5.019     0.700000         2731         3.33
       5.131     0.750000         2924         4.00
       5.195     0.775000         3024         4.44
       5.287     0.800000         3121         5.00
       5.359     0.825000         3220         5.71
       5.451     0.850000         3318         6.67
       5.567     0.875000         3413         8.00
       5.631     0.887500         3460         8.89
       5.699     0.900000         3509        10.00
       5.787     0.912500         3558        11.43
       5.879     0.925000         3606        13.33
       6.007     0.937500         3656        16.00
       6.071     0.943750         3680        17.78
       6.135     0.950000         3704        20.00
       6.223     0.956250         3729        22.86
       6.271     0.962500         3753        26.67
       6.395     0.968750         3777        32.00
       6.431     0.971875         3790        35.56
       6.523     0.975000         3802        40.00
       6.583     0.978125         3813        45.71
       6.643     0.981250         3825        53.33
       6.767     0.984375         3838        64.00
       6.827     0.985938         3844        71.11
       6.883     0.987500         3850        80.00
       6.963     0.989062         3857        91.43
       7.019     0.990625         3862       106.67
       7.155     0.992188         3868       128.00
       7.279     0.992969         3871       142.22
       7.395     0.993750         3874       160.00
       7.535     0.994531         3877       182.86
       7.615     0.995313         3880       213.33
       7.691     0.996094         3883       256.00
       7.767     0.996484         3885       284.44
       8.103     0.996875         3886       320.00
       9.367     0.997266         3888       365.71
       9.695     0.997656         3889       426.67
      11.743     0.998047         3891       512.00
      12.151     0.998242         3892       568.89
      12.151     0.998437         3892       640.00
      12.695     0.998633         3893       731.43
      14.231     0.998828         3894       853.33
      15.623     0.999023         3895      1024.00
      15.623     0.999121         3895      1137.78
      15.623     0.999219         3895      1280.00
      17.103     0.999316         3896      1462.86
      17.103     0.999414         3896      1706.67
      17.855     0.999512         3897      2048.00
      17.855     0.999561         3897      2275.56
      17.855     0.999609         3897      2560.00
      17.855     0.999658         3897      2925.71
      17.855     0.999707         3897      3413.33
      18.847     0.999756         3898      4096.00
      18.847     1.000000         3898          inf
#[Mean    =        4.821, StdDeviation   =        0.825]
#[Max     =       18.832, Total count    =         3898]
#[Buckets =           27, SubBuckets     =         2048]
-----------------------------------------------------------------------
  5805 requests in 30.02s, 1.19MB read
  Socket errors: connect 0, read 0, write 0, timeout 9509
Requests/sec:    193.34  
Transfer/sec:     40.59KB
