Running 30s test @ http://ms1311.utah.cloudlab.us:8080/wrk2-api/post/compose
  8 threads and 1000 connections

  Thread calibration: mean lat.: 13.126ms, rate sampling interval: 37ms
  Thread calibration: mean lat.: 13.797ms, rate sampling interval: 40ms
  Thread calibration: mean lat.: 13.735ms, rate sampling interval: 40ms
  Thread calibration: mean lat.: 13.727ms, rate sampling interval: 39ms
  Thread calibration: mean lat.: 14.130ms, rate sampling interval: 41ms
  Thread calibration: mean lat.: 13.899ms, rate sampling interval: 43ms
  Thread calibration: mean lat.: 14.563ms, rate sampling interval: 44ms
  Thread calibration: mean lat.: 13.638ms, rate sampling interval: 40ms
Logging function completed.

-----------------------------------------------------------------------
Test Results @ http://ms1311.utah.cloudlab.us:8080/wrk2-api/post/compose 
  Thread Stats   Avg      Stdev     99%   +/- Stdev
    Latency    14.36ms    5.64ms  33.28ms   81.17%
    Req/Sec    24.59     25.10   100.00     85.60%
  Latency Distribution (HdrHistogram - Recorded Latency)
 50.000%   13.14ms
 75.000%   16.86ms
 90.000%   20.56ms
 99.000%   33.28ms
 99.900%   58.17ms
 99.990%   72.13ms
 99.999%   72.13ms
100.000%   72.13ms

  Detailed Percentile spectrum:
       Value   Percentile   TotalCount 1/(1-Percentile)

       4.451     0.000000            1         1.00
       9.135     0.100000          393         1.11
      10.159     0.200000          781         1.25
      11.055     0.300000         1172         1.43
      12.023     0.400000         1565         1.67
      13.143     0.500000         1953         2.00
      13.807     0.550000         2149         2.22
      14.511     0.600000         2346         2.50
      15.215     0.650000         2541         2.86
      15.911     0.700000         2733         3.33
      16.863     0.750000         2930         4.00
      17.343     0.775000         3027         4.44
      17.871     0.800000         3124         5.00
      18.383     0.825000         3221         5.71
      19.023     0.850000         3320         6.67
      19.727     0.875000         3418         8.00
      20.095     0.887500         3465         8.89
      20.559     0.900000         3514        10.00
      21.167     0.912500         3564        11.43
      21.919     0.925000         3612        13.33
      22.671     0.937500         3660        16.00
      23.247     0.943750         3685        17.78
      23.743     0.950000         3710        20.00
      24.319     0.956250         3734        22.86
      25.135     0.962500         3759        26.67
      26.223     0.968750         3782        32.00
      27.167     0.971875         3795        35.56
      27.791     0.975000         3807        40.00
      28.655     0.978125         3819        45.71
      29.327     0.981250         3831        53.33
      30.255     0.984375         3843        64.00
      30.863     0.985938         3850        71.11
      31.711     0.987500         3856        80.00
      32.927     0.989062         3862        91.43
      34.207     0.990625         3868       106.67
      36.863     0.992188         3874       128.00
      38.111     0.992969         3877       142.22
      39.071     0.993750         3882       160.00
      39.231     0.994531         3883       182.86
      40.255     0.995313         3886       213.33
      42.047     0.996094         3889       256.00
      44.063     0.996484         3891       284.44
      46.463     0.996875         3892       320.00
      47.903     0.997266         3894       365.71
      51.583     0.997656         3895       426.67
      55.039     0.998047         3897       512.00
      57.471     0.998242         3898       568.89
      57.471     0.998437         3898       640.00
      58.047     0.998633         3899       731.43
      58.175     0.998828         3900       853.33
      59.679     0.999023         3901      1024.00
      59.679     0.999121         3901      1137.78
      59.679     0.999219         3901      1280.00
      64.927     0.999316         3902      1462.86
      64.927     0.999414         3902      1706.67
      71.359     0.999512         3903      2048.00
      71.359     0.999561         3903      2275.56
      71.359     0.999609         3903      2560.00
      71.359     0.999658         3903      2925.71
      71.359     0.999707         3903      3413.33
      72.127     0.999756         3904      4096.00
      72.127     1.000000         3904          inf
#[Mean    =       14.364, StdDeviation   =        5.640]
#[Max     =       72.064, Total count    =         3904]
#[Buckets =           27, SubBuckets     =         2048]
-----------------------------------------------------------------------
  5861 requests in 30.07s, 1.20MB read
  Socket errors: connect 0, read 0, write 0, timeout 9484
Requests/sec:    194.90  
Transfer/sec:     40.92KB
