Running 30s test @ http://node0.krisub-247336.ldos-ut-pg0.wisc.cloudlab.us:8080/wrk2-api/post/compose
  8 threads and 1000 connections

  Thread calibration: mean lat.: 5.226ms, rate sampling interval: 12ms
  Thread calibration: mean lat.: 5.094ms, rate sampling interval: 12ms
  Thread calibration: mean lat.: 4.997ms, rate sampling interval: 11ms
  Thread calibration: mean lat.: 4.929ms, rate sampling interval: 11ms
  Thread calibration: mean lat.: 4.892ms, rate sampling interval: 11ms
  Thread calibration: mean lat.: 5.101ms, rate sampling interval: 12ms
  Thread calibration: mean lat.: 4.978ms, rate sampling interval: 11ms
  Thread calibration: mean lat.: 5.165ms, rate sampling interval: 12ms
Logging function completed.

-----------------------------------------------------------------------
Test Results @ http://node0.krisub-247336.ldos-ut-pg0.wisc.cloudlab.us:8080/wrk2-api/post/compose 
  Thread Stats   Avg      Stdev     99%   +/- Stdev
    Latency     4.74ms  638.87us   6.61ms   72.64%
    Req/Sec    25.48     47.47   181.00     75.07%
  Latency Distribution (HdrHistogram - Recorded Latency)
 50.000%    4.60ms
 75.000%    5.05ms
 90.000%    5.62ms
 99.000%    6.61ms
 99.900%    8.00ms
 99.990%    8.86ms
 99.999%    8.86ms
100.000%    8.86ms

  Detailed Percentile spectrum:
       Value   Percentile   TotalCount 1/(1-Percentile)

       3.537     0.000000            1         1.00
       4.061     0.100000          392         1.11
       4.215     0.200000          790         1.25
       4.347     0.300000         1183         1.43
       4.467     0.400000         1564         1.67
       4.599     0.500000         1964         2.00
       4.667     0.550000         2147         2.22
       4.751     0.600000         2348         2.50
       4.839     0.650000         2538         2.86
       4.939     0.700000         2736         3.33
       5.047     0.750000         2932         4.00
       5.119     0.775000         3028         4.44
       5.191     0.800000         3126         5.00
       5.267     0.825000         3221         5.71
       5.383     0.850000         3320         6.67
       5.495     0.875000         3419         8.00
       5.559     0.887500         3464         8.89
       5.623     0.900000         3513        10.00
       5.711     0.912500         3562        11.43
       5.803     0.925000         3612        13.33
       5.911     0.937500         3661        16.00
       5.951     0.943750         3684        17.78
       5.999     0.950000         3708        20.00
       6.063     0.956250         3733        22.86
       6.139     0.962500         3757        26.67
       6.215     0.968750         3782        32.00
       6.275     0.971875         3795        35.56
       6.323     0.975000         3806        40.00
       6.383     0.978125         3818        45.71
       6.451     0.981250         3831        53.33
       6.515     0.984375         3843        64.00
       6.551     0.985938         3849        71.11
       6.571     0.987500         3855        80.00
       6.587     0.989062         3861        91.43
       6.631     0.990625         3867       106.67
       6.695     0.992188         3873       128.00
       6.771     0.992969         3876       142.22
       6.803     0.993750         3879       160.00
       6.831     0.994531         3882       182.86
       6.995     0.995313         3885       213.33
       7.107     0.996094         3888       256.00
       7.159     0.996484         3890       284.44
       7.195     0.996875         3892       320.00
       7.287     0.997266         3893       365.71
       7.543     0.997656         3894       426.67
       7.655     0.998047         3896       512.00
       7.803     0.998242         3897       568.89
       7.803     0.998437         3897       640.00
       7.987     0.998633         3898       731.43
       8.003     0.998828         3899       853.33
       8.007     0.999023         3900      1024.00
       8.007     0.999121         3900      1137.78
       8.007     0.999219         3900      1280.00
       8.159     0.999316         3901      1462.86
       8.159     0.999414         3901      1706.67
       8.287     0.999512         3902      2048.00
       8.287     0.999561         3902      2275.56
       8.287     0.999609         3902      2560.00
       8.287     0.999658         3902      2925.71
       8.287     0.999707         3902      3413.33
       8.863     0.999756         3903      4096.00
       8.863     1.000000         3903          inf
#[Mean    =        4.737, StdDeviation   =        0.639]
#[Max     =        8.856, Total count    =         3903]
#[Buckets =           27, SubBuckets     =         2048]
-----------------------------------------------------------------------
  5859 requests in 30.09s, 1.20MB read
  Socket errors: connect 0, read 0, write 0, timeout 9490
Requests/sec:    194.69  
Transfer/sec:     40.88KB
