Running 30s test @ http://ms1311.utah.cloudlab.us:8080/wrk2-api/post/compose
  8 threads and 1000 connections

  Thread calibration: mean lat.: 13.791ms, rate sampling interval: 40ms
  Thread calibration: mean lat.: 12.968ms, rate sampling interval: 36ms
  Thread calibration: mean lat.: 13.009ms, rate sampling interval: 33ms
  Thread calibration: mean lat.: 14.061ms, rate sampling interval: 39ms
  Thread calibration: mean lat.: 13.673ms, rate sampling interval: 37ms
  Thread calibration: mean lat.: 12.827ms, rate sampling interval: 34ms
  Thread calibration: mean lat.: 13.426ms, rate sampling interval: 38ms
  Thread calibration: mean lat.: 13.498ms, rate sampling interval: 36ms
Logging function completed.

-----------------------------------------------------------------------
Test Results @ http://ms1311.utah.cloudlab.us:8080/wrk2-api/post/compose 
  Thread Stats   Avg      Stdev     99%   +/- Stdev
    Latency    14.30ms    4.85ms  30.46ms   74.92%
    Req/Sec    24.59     26.07   105.00     80.52%
  Latency Distribution (HdrHistogram - Recorded Latency)
 50.000%   13.30ms
 75.000%   16.77ms
 90.000%   20.80ms
 99.000%   30.46ms
 99.900%   39.26ms
 99.990%   42.78ms
 99.999%   42.78ms
100.000%   42.78ms

  Detailed Percentile spectrum:
       Value   Percentile   TotalCount 1/(1-Percentile)

       5.383     0.000000            1         1.00
       9.399     0.100000          394         1.11
      10.247     0.200000          780         1.25
      11.071     0.300000         1171         1.43
      12.063     0.400000         1558         1.67
      13.303     0.500000         1952         2.00
      13.871     0.550000         2144         2.22
      14.527     0.600000         2337         2.50
      15.207     0.650000         2533         2.86
      15.943     0.700000         2729         3.33
      16.767     0.750000         2923         4.00
      17.247     0.775000         3019         4.44
      17.775     0.800000         3119         5.00
      18.271     0.825000         3216         5.71
      19.007     0.850000         3311         6.67
      19.807     0.875000         3409         8.00
      20.303     0.887500         3457         8.89
      20.799     0.900000         3507        10.00
      21.327     0.912500         3555        11.43
      21.791     0.925000         3603        13.33
      22.511     0.937500         3653        16.00
      22.879     0.943750         3676        17.78
      23.263     0.950000         3701        20.00
      23.935     0.956250         3726        22.86
      24.607     0.962500         3749        26.67
      25.231     0.968750         3774        32.00
      25.679     0.971875         3786        35.56
      25.887     0.975000         3798        40.00
      26.687     0.978125         3810        45.71
      27.407     0.981250         3822        53.33
      28.687     0.984375         3835        64.00
      29.215     0.985938         3841        71.11
      29.599     0.987500         3847        80.00
      30.095     0.989062         3853        91.43
      30.751     0.990625         3859       106.67
      31.855     0.992188         3865       128.00
      32.399     0.992969         3868       142.22
      32.959     0.993750         3872       160.00
      33.119     0.994531         3874       182.86
      33.503     0.995313         3877       213.33
      33.983     0.996094         3880       256.00
      35.871     0.996484         3882       284.44
      36.255     0.996875         3883       320.00
      37.055     0.997266         3885       365.71
      37.247     0.997656         3886       426.67
      37.535     0.998047         3888       512.00
      38.207     0.998242         3889       568.89
      38.207     0.998437         3889       640.00
      38.847     0.998633         3890       731.43
      39.263     0.998828         3891       853.33
      39.743     0.999023         3892      1024.00
      39.743     0.999121         3892      1137.78
      39.743     0.999219         3892      1280.00
      40.063     0.999316         3893      1462.86
      40.063     0.999414         3893      1706.67
      40.575     0.999512         3894      2048.00
      40.575     0.999561         3894      2275.56
      40.575     0.999609         3894      2560.00
      40.575     0.999658         3894      2925.71
      40.575     0.999707         3894      3413.33
      42.783     0.999756         3895      4096.00
      42.783     1.000000         3895          inf
#[Mean    =       14.296, StdDeviation   =        4.853]
#[Max     =       42.752, Total count    =         3895]
#[Buckets =           27, SubBuckets     =         2048]
-----------------------------------------------------------------------
  5840 requests in 30.11s, 1.20MB read
  Socket errors: connect 0, read 0, write 0, timeout 9505
Requests/sec:    193.98  
Transfer/sec:     40.73KB
