Running 30s test @ http://ms1311.utah.cloudlab.us:8080/wrk2-api/post/compose
  8 threads and 1000 connections

  Thread calibration: mean lat.: 12.983ms, rate sampling interval: 36ms
  Thread calibration: mean lat.: 13.221ms, rate sampling interval: 38ms
  Thread calibration: mean lat.: 13.137ms, rate sampling interval: 37ms
  Thread calibration: mean lat.: 13.504ms, rate sampling interval: 36ms
  Thread calibration: mean lat.: 12.999ms, rate sampling interval: 39ms
  Thread calibration: mean lat.: 12.831ms, rate sampling interval: 36ms
  Thread calibration: mean lat.: 13.385ms, rate sampling interval: 37ms
  Thread calibration: mean lat.: 13.141ms, rate sampling interval: 37ms
Logging function completed.

-----------------------------------------------------------------------
Test Results @ http://ms1311.utah.cloudlab.us:8080/wrk2-api/post/compose 
  Thread Stats   Avg      Stdev     99%   +/- Stdev
    Latency    14.34ms    4.87ms  30.21ms   74.76%
    Req/Sec    24.57     25.92   108.00     77.78%
  Latency Distribution (HdrHistogram - Recorded Latency)
 50.000%   13.41ms
 75.000%   16.85ms
 90.000%   20.69ms
 99.000%   30.21ms
 99.900%   38.75ms
 99.990%   46.46ms
 99.999%   46.46ms
100.000%   46.46ms

  Detailed Percentile spectrum:
       Value   Percentile   TotalCount 1/(1-Percentile)

       5.059     0.000000            1         1.00
       9.319     0.100000          390         1.11
      10.175     0.200000          781         1.25
      11.119     0.300000         1171         1.43
      12.191     0.400000         1560         1.67
      13.407     0.500000         1951         2.00
      14.055     0.550000         2146         2.22
      14.743     0.600000         2340         2.50
      15.399     0.650000         2534         2.86
      16.015     0.700000         2729         3.33
      16.847     0.750000         2926         4.00
      17.263     0.775000         3022         4.44
      17.791     0.800000         3122         5.00
      18.335     0.825000         3217         5.71
      18.943     0.850000         3315         6.67
      19.743     0.875000         3413         8.00
      20.191     0.887500         3460         8.89
      20.687     0.900000         3509        10.00
      21.183     0.912500         3557        11.43
      21.887     0.925000         3606        13.33
      22.479     0.937500         3655        16.00
      22.847     0.943750         3680        17.78
      23.407     0.950000         3704        20.00
      23.999     0.956250         3728        22.86
      24.655     0.962500         3752        26.67
      25.487     0.968750         3779        32.00
      25.871     0.971875         3789        35.56
      26.671     0.975000         3801        40.00
      27.055     0.978125         3813        45.71
      27.759     0.981250         3825        53.33
      28.463     0.984375         3838        64.00
      28.671     0.985938         3845        71.11
      29.327     0.987500         3850        80.00
      29.759     0.989062         3856        91.43
      30.991     0.990625         3862       106.67
      31.551     0.992188         3868       128.00
      31.919     0.992969         3871       142.22
      32.287     0.993750         3874       160.00
      32.895     0.994531         3877       182.86
      33.183     0.995313         3880       213.33
      33.855     0.996094         3883       256.00
      34.303     0.996484         3885       284.44
      34.559     0.996875         3886       320.00
      34.943     0.997266         3888       365.71
      35.135     0.997656         3889       426.67
      37.023     0.998047         3891       512.00
      37.727     0.998242         3892       568.89
      37.727     0.998437         3892       640.00
      38.111     0.998633         3893       731.43
      38.751     0.998828         3894       853.33
      39.263     0.999023         3895      1024.00
      39.263     0.999121         3895      1137.78
      39.263     0.999219         3895      1280.00
      39.775     0.999316         3896      1462.86
      39.775     0.999414         3896      1706.67
      42.367     0.999512         3897      2048.00
      42.367     0.999561         3897      2275.56
      42.367     0.999609         3897      2560.00
      42.367     0.999658         3897      2925.71
      42.367     0.999707         3897      3413.33
      46.463     0.999756         3898      4096.00
      46.463     1.000000         3898          inf
#[Mean    =       14.336, StdDeviation   =        4.872]
#[Max     =       46.432, Total count    =         3898]
#[Buckets =           27, SubBuckets     =         2048]
-----------------------------------------------------------------------
  5802 requests in 30.12s, 1.19MB read
  Socket errors: connect 0, read 0, write 0, timeout 9591
Requests/sec:    192.61  
Transfer/sec:     40.44KB
