Running 30s test @ http://ms1311.utah.cloudlab.us:8080/wrk2-api/post/compose
  8 threads and 1000 connections

  Thread calibration: mean lat.: 13.544ms, rate sampling interval: 41ms
  Thread calibration: mean lat.: 14.218ms, rate sampling interval: 38ms
  Thread calibration: mean lat.: 13.919ms, rate sampling interval: 41ms
  Thread calibration: mean lat.: 13.914ms, rate sampling interval: 39ms
  Thread calibration: mean lat.: 12.945ms, rate sampling interval: 37ms
  Thread calibration: mean lat.: 13.760ms, rate sampling interval: 39ms
  Thread calibration: mean lat.: 14.448ms, rate sampling interval: 42ms
  Thread calibration: mean lat.: 14.005ms, rate sampling interval: 41ms
Logging function completed.

-----------------------------------------------------------------------
Test Results @ http://ms1311.utah.cloudlab.us:8080/wrk2-api/post/compose 
  Thread Stats   Avg      Stdev     99%   +/- Stdev
    Latency    14.28ms    5.45ms  33.85ms   81.46%
    Req/Sec    24.57     24.97   100.00     83.66%
  Latency Distribution (HdrHistogram - Recorded Latency)
 50.000%   13.00ms
 75.000%   16.48ms
 90.000%   20.40ms
 99.000%   33.85ms
 99.900%   48.93ms
 99.990%   88.19ms
 99.999%   88.19ms
100.000%   88.19ms

  Detailed Percentile spectrum:
       Value   Percentile   TotalCount 1/(1-Percentile)

       5.355     0.000000            1         1.00
       9.239     0.100000          393         1.11
      10.263     0.200000          782         1.25
      11.087     0.300000         1171         1.43
      11.927     0.400000         1565         1.67
      12.999     0.500000         1950         2.00
      13.631     0.550000         2145         2.22
      14.279     0.600000         2341         2.50
      14.927     0.650000         2536         2.86
      15.655     0.700000         2730         3.33
      16.479     0.750000         2929         4.00
      16.943     0.775000         3024         4.44
      17.455     0.800000         3124         5.00
      17.999     0.825000         3220         5.71
      18.575     0.850000         3315         6.67
      19.391     0.875000         3414         8.00
      19.855     0.887500         3463         8.89
      20.415     0.900000         3510        10.00
      20.991     0.912500         3559        11.43
      21.839     0.925000         3607        13.33
      22.815     0.937500         3656        16.00
      23.615     0.943750         3681        17.78
      24.463     0.950000         3705        20.00
      25.007     0.956250         3729        22.86
      26.095     0.962500         3753        26.67
      26.911     0.968750         3779        32.00
      27.759     0.971875         3790        35.56
      28.287     0.975000         3802        40.00
      29.039     0.978125         3814        45.71
      30.143     0.981250         3826        53.33
      30.735     0.984375         3840        64.00
      31.167     0.985938         3845        71.11
      31.887     0.987500         3851        80.00
      32.799     0.989062         3857        91.43
      34.719     0.990625         3863       106.67
      35.935     0.992188         3869       128.00
      36.223     0.992969         3872       142.22
      36.799     0.993750         3875       160.00
      38.527     0.994531         3878       182.86
      39.199     0.995313         3881       213.33
      41.055     0.996094         3884       256.00
      41.567     0.996484         3886       284.44
      42.111     0.996875         3887       320.00
      42.335     0.997266         3889       365.71
      42.687     0.997656         3890       426.67
      44.095     0.998047         3892       512.00
      45.535     0.998242         3893       568.89
      45.535     0.998437         3893       640.00
      48.255     0.998633         3894       731.43
      48.927     0.998828         3895       853.33
      50.367     0.999023         3896      1024.00
      50.367     0.999121         3896      1137.78
      50.367     0.999219         3896      1280.00
      54.719     0.999316         3897      1462.86
      54.719     0.999414         3897      1706.67
      68.287     0.999512         3898      2048.00
      68.287     0.999561         3898      2275.56
      68.287     0.999609         3898      2560.00
      68.287     0.999658         3898      2925.71
      68.287     0.999707         3898      3413.33
      88.191     0.999756         3899      4096.00
      88.191     1.000000         3899          inf
#[Mean    =       14.278, StdDeviation   =        5.452]
#[Max     =       88.128, Total count    =         3899]
#[Buckets =           27, SubBuckets     =         2048]
-----------------------------------------------------------------------
  5846 requests in 30.05s, 1.20MB read
  Socket errors: connect 0, read 0, write 0, timeout 9503
Requests/sec:    194.55  
Transfer/sec:     40.85KB
