Running 30s test @ http://ms1311.utah.cloudlab.us:8080/wrk2-api/post/compose
  8 threads and 1000 connections

  Thread calibration: mean lat.: 14.952ms, rate sampling interval: 42ms
  Thread calibration: mean lat.: 18.481ms, rate sampling interval: 43ms
  Thread calibration: mean lat.: 17.032ms, rate sampling interval: 40ms
  Thread calibration: mean lat.: 18.485ms, rate sampling interval: 45ms
  Thread calibration: mean lat.: 16.291ms, rate sampling interval: 44ms
  Thread calibration: mean lat.: 16.653ms, rate sampling interval: 40ms
  Thread calibration: mean lat.: 16.425ms, rate sampling interval: 39ms
  Thread calibration: mean lat.: 19.666ms, rate sampling interval: 46ms
Logging function completed.

-----------------------------------------------------------------------
Test Results @ http://ms1311.utah.cloudlab.us:8080/wrk2-api/post/compose 
  Thread Stats   Avg      Stdev     99%   +/- Stdev
    Latency    13.91ms    5.10ms  31.36ms   77.42%
    Req/Sec    24.48     24.10    97.00     84.65%
  Latency Distribution (HdrHistogram - Recorded Latency)
 50.000%   12.54ms
 75.000%   16.30ms
 90.000%   20.59ms
 99.000%   31.36ms
 99.900%   43.01ms
 99.990%   49.41ms
 99.999%   49.41ms
100.000%   49.41ms

  Detailed Percentile spectrum:
       Value   Percentile   TotalCount 1/(1-Percentile)

       6.163     0.000000            1         1.00
       8.999     0.100000          395         1.11
       9.919     0.200000          781         1.25
      10.695     0.300000         1175         1.43
      11.519     0.400000         1561         1.67
      12.543     0.500000         1951         2.00
      13.127     0.550000         2146         2.22
      13.823     0.600000         2339         2.50
      14.607     0.650000         2534         2.86
      15.447     0.700000         2729         3.33
      16.303     0.750000         2923         4.00
      16.783     0.775000         3022         4.44
      17.311     0.800000         3118         5.00
      17.935     0.825000         3216         5.71
      18.719     0.850000         3313         6.67
      19.615     0.875000         3410         8.00
      20.111     0.887500         3459         8.89
      20.591     0.900000         3508        10.00
      21.167     0.912500         3557        11.43
      21.743     0.925000         3605        13.33
      22.543     0.937500         3658        16.00
      23.055     0.943750         3678        17.78
      23.503     0.950000         3705        20.00
      24.063     0.956250         3727        22.86
      24.959     0.962500         3752        26.67
      25.983     0.968750         3778        32.00
      26.351     0.971875         3788        35.56
      26.975     0.975000         3800        40.00
      27.599     0.978125         3812        45.71
      28.063     0.981250         3824        53.33
      28.703     0.984375         3837        64.00
      29.199     0.985938         3843        71.11
      29.951     0.987500         3849        80.00
      30.735     0.989062         3855        91.43
      31.935     0.990625         3861       106.67
      32.687     0.992188         3867       128.00
      33.631     0.992969         3870       142.22
      34.591     0.993750         3873       160.00
      34.815     0.994531         3877       182.86
      35.487     0.995313         3879       213.33
      35.871     0.996094         3882       256.00
      37.855     0.996484         3884       284.44
      38.047     0.996875         3885       320.00
      38.623     0.997266         3887       365.71
      38.847     0.997656         3888       426.67
      39.647     0.998047         3890       512.00
      40.447     0.998242         3891       568.89
      40.447     0.998437         3891       640.00
      42.367     0.998633         3892       731.43
      43.007     0.998828         3893       853.33
      45.535     0.999023         3894      1024.00
      45.535     0.999121         3894      1137.78
      45.535     0.999219         3894      1280.00
      46.623     0.999316         3895      1462.86
      46.623     0.999414         3895      1706.67
      48.735     0.999512         3896      2048.00
      48.735     0.999561         3896      2275.56
      48.735     0.999609         3896      2560.00
      48.735     0.999658         3896      2925.71
      48.735     0.999707         3896      3413.33
      49.407     0.999756         3897      4096.00
      49.407     1.000000         3897          inf
#[Mean    =       13.908, StdDeviation   =        5.095]
#[Max     =       49.376, Total count    =         3897]
#[Buckets =           27, SubBuckets     =         2048]
-----------------------------------------------------------------------
  5846 requests in 30.10s, 1.20MB read
  Socket errors: connect 0, read 0, write 0, timeout 9504
Requests/sec:    194.23  
Transfer/sec:     40.78KB
