Running 30s test @ http://node0.krisub-247336.ldos-ut-pg0.wisc.cloudlab.us:8080/wrk2-api/post/compose
  8 threads and 1000 connections

  Thread calibration: mean lat.: 5.132ms, rate sampling interval: 12ms
  Thread calibration: mean lat.: 5.019ms, rate sampling interval: 12ms
  Thread calibration: mean lat.: 5.090ms, rate sampling interval: 12ms
  Thread calibration: mean lat.: 5.138ms, rate sampling interval: 12ms
  Thread calibration: mean lat.: 5.125ms, rate sampling interval: 12ms
  Thread calibration: mean lat.: 5.025ms, rate sampling interval: 11ms
  Thread calibration: mean lat.: 5.629ms, rate sampling interval: 13ms
  Thread calibration: mean lat.: 5.399ms, rate sampling interval: 13ms
Logging function completed.

-----------------------------------------------------------------------
Test Results @ http://node0.krisub-247336.ldos-ut-pg0.wisc.cloudlab.us:8080/wrk2-api/post/compose 
  Thread Stats   Avg      Stdev     99%   +/- Stdev
    Latency     4.90ms  708.97us   6.92ms   79.54%
    Req/Sec    25.38     46.77   181.00     74.30%
  Latency Distribution (HdrHistogram - Recorded Latency)
 50.000%    4.78ms
 75.000%    5.19ms
 90.000%    5.72ms
 99.000%    6.92ms
 99.900%    9.07ms
 99.990%   23.73ms
 99.999%   23.73ms
100.000%   23.73ms

  Detailed Percentile spectrum:
       Value   Percentile   TotalCount 1/(1-Percentile)

       3.581     0.000000            1         1.00
       4.227     0.100000          394         1.11
       4.403     0.200000          791         1.25
       4.519     0.300000         1170         1.43
       4.643     0.400000         1563         1.67
       4.775     0.500000         1954         2.00
       4.847     0.550000         2144         2.22
       4.927     0.600000         2348         2.50
       4.991     0.650000         2533         2.86
       5.091     0.700000         2733         3.33
       5.191     0.750000         2922         4.00
       5.263     0.775000         3026         4.44
       5.331     0.800000         3119         5.00
       5.415     0.825000         3218         5.71
       5.491     0.850000         3316         6.67
       5.583     0.875000         3410         8.00
       5.651     0.887500         3458         8.89
       5.723     0.900000         3507        10.00
       5.795     0.912500         3556        11.43
       5.883     0.925000         3604        13.33
       6.007     0.937500         3654        16.00
       6.055     0.943750         3678        17.78
       6.131     0.950000         3703        20.00
       6.175     0.956250         3726        22.86
       6.275     0.962500         3751        26.67
       6.359     0.968750         3776        32.00
       6.403     0.971875         3788        35.56
       6.471     0.975000         3801        40.00
       6.511     0.978125         3811        45.71
       6.583     0.981250         3823        53.33
       6.659     0.984375         3836        64.00
       6.755     0.985938         3842        71.11
       6.807     0.987500         3848        80.00
       6.875     0.989062         3855        91.43
       6.931     0.990625         3861       106.67
       6.995     0.992188         3866       128.00
       7.015     0.992969         3869       142.22
       7.151     0.993750         3872       160.00
       7.295     0.994531         3875       182.86
       7.499     0.995313         3878       213.33
       7.531     0.996094         3881       256.00
       7.671     0.996484         3883       284.44
       7.827     0.996875         3884       320.00
       7.875     0.997266         3886       365.71
       8.011     0.997656         3887       426.67
       8.391     0.998047         3889       512.00
       8.759     0.998242         3890       568.89
       8.759     0.998437         3890       640.00
       8.831     0.998633         3891       731.43
       9.071     0.998828         3892       853.33
       9.335     0.999023         3893      1024.00
       9.335     0.999121         3893      1137.78
       9.335     0.999219         3893      1280.00
       9.703     0.999316         3894      1462.86
       9.703     0.999414         3894      1706.67
      10.695     0.999512         3895      2048.00
      10.695     0.999561         3895      2275.56
      10.695     0.999609         3895      2560.00
      10.695     0.999658         3895      2925.71
      10.695     0.999707         3895      3413.33
      23.727     0.999756         3896      4096.00
      23.727     1.000000         3896          inf
#[Mean    =        4.902, StdDeviation   =        0.709]
#[Max     =       23.712, Total count    =         3896]
#[Buckets =           27, SubBuckets     =         2048]
-----------------------------------------------------------------------
  5805 requests in 30.06s, 1.19MB read
  Socket errors: connect 0, read 0, write 0, timeout 9506
Requests/sec:    193.11  
Transfer/sec:     40.55KB
