Running 30s test @ http://ms1311.utah.cloudlab.us:8080/wrk2-api/post/compose
  8 threads and 1000 connections

  Thread calibration: mean lat.: 12.982ms, rate sampling interval: 39ms
  Thread calibration: mean lat.: 12.811ms, rate sampling interval: 36ms
  Thread calibration: mean lat.: 13.608ms, rate sampling interval: 40ms
  Thread calibration: mean lat.: 14.350ms, rate sampling interval: 41ms
  Thread calibration: mean lat.: 14.328ms, rate sampling interval: 38ms
  Thread calibration: mean lat.: 13.954ms, rate sampling interval: 41ms
  Thread calibration: mean lat.: 13.129ms, rate sampling interval: 38ms
  Thread calibration: mean lat.: 13.658ms, rate sampling interval: 39ms
Logging function completed.

-----------------------------------------------------------------------
Test Results @ http://ms1311.utah.cloudlab.us:8080/wrk2-api/post/compose 
  Thread Stats   Avg      Stdev     99%   +/- Stdev
    Latency    16.33ms   18.09ms  61.25ms   98.05%
    Req/Sec    24.55     26.33   105.00     84.72%
  Latency Distribution (HdrHistogram - Recorded Latency)
 50.000%   13.55ms
 75.000%   17.23ms
 90.000%   21.92ms
 99.000%   61.25ms
 99.900%  247.04ms
 99.990%  281.09ms
 99.999%  281.09ms
100.000%  281.09ms

  Detailed Percentile spectrum:
       Value   Percentile   TotalCount 1/(1-Percentile)

       5.039     0.000000            1         1.00
       9.463     0.100000          392         1.11
      10.423     0.200000          781         1.25
      11.271     0.300000         1169         1.43
      12.287     0.400000         1561         1.67
      13.551     0.500000         1950         2.00
      14.215     0.550000         2146         2.22
      14.879     0.600000         2339         2.50
      15.655     0.650000         2532         2.86
      16.399     0.700000         2730         3.33
      17.247     0.750000         2925         4.00
      17.775     0.775000         3019         4.44
      18.351     0.800000         3116         5.00
      19.023     0.825000         3214         5.71
      19.855     0.850000         3312         6.67
      20.831     0.875000         3411         8.00
      21.295     0.887500         3459         8.89
      21.919     0.900000         3507        10.00
      22.687     0.912500         3555        11.43
      23.423     0.925000         3603        13.33
      24.399     0.937500         3652        16.00
      25.103     0.943750         3677        17.78
      25.951     0.950000         3701        20.00
      26.559     0.956250         3725        22.86
      27.583     0.962500         3749        26.67
      29.311     0.968750         3774        32.00
      30.271     0.971875         3786        35.56
      31.615     0.975000         3798        40.00
      33.407     0.978125         3810        45.71
      34.751     0.981250         3822        53.33
      38.047     0.984375         3835        64.00
      40.511     0.985938         3841        71.11
      43.391     0.987500         3847        80.00
      46.879     0.989062         3853        91.43
      74.111     0.990625         3859       106.67
     117.759     0.992188         3865       128.00
     130.111     0.992969         3868       142.22
     158.847     0.993750         3871       160.00
     174.335     0.994531         3874       182.86
     187.007     0.995313         3877       213.33
     203.135     0.996094         3880       256.00
     216.703     0.996484         3882       284.44
     218.239     0.996875         3883       320.00
     227.711     0.997266         3885       365.71
     230.527     0.997656         3886       426.67
     232.703     0.998047         3888       512.00
     238.463     0.998242         3889       568.89
     238.463     0.998437         3889       640.00
     242.047     0.998633         3890       731.43
     247.039     0.998828         3891       853.33
     260.735     0.999023         3892      1024.00
     260.735     0.999121         3892      1137.78
     260.735     0.999219         3892      1280.00
     260.863     0.999316         3893      1462.86
     260.863     0.999414         3893      1706.67
     261.119     0.999512         3894      2048.00
     261.119     0.999561         3894      2275.56
     261.119     0.999609         3894      2560.00
     261.119     0.999658         3894      2925.71
     261.119     0.999707         3894      3413.33
     281.087     0.999756         3895      4096.00
     281.087     1.000000         3895          inf
#[Mean    =       16.333, StdDeviation   =       18.089]
#[Max     =      280.832, Total count    =         3895]
#[Buckets =           27, SubBuckets     =         2048]
-----------------------------------------------------------------------
  5818 requests in 30.09s, 1.19MB read
  Socket errors: connect 0, read 0, write 0, timeout 9506
Requests/sec:    193.38  
Transfer/sec:     40.60KB
