Running 30s test @ http://node0.krisub-247336.ldos-ut-pg0.wisc.cloudlab.us:8080/wrk2-api/post/compose
  8 threads and 1000 connections

  Thread calibration: mean lat.: 3004.865ms, rate sampling interval: 7290ms
  Thread calibration: mean lat.: 3035.708ms, rate sampling interval: 7389ms
  Thread calibration: mean lat.: 2992.678ms, rate sampling interval: 7286ms
  Thread calibration: mean lat.: 2935.355ms, rate sampling interval: 7143ms
  Thread calibration: mean lat.: 2895.336ms, rate sampling interval: 7475ms
  Thread calibration: mean lat.: 2941.912ms, rate sampling interval: 6995ms
  Thread calibration: mean lat.: 2944.095ms, rate sampling interval: 7450ms
  Thread calibration: mean lat.: 2932.243ms, rate sampling interval: 7270ms
Logging function completed.

-----------------------------------------------------------------------
Test Results @ http://node0.krisub-247336.ldos-ut-pg0.wisc.cloudlab.us:8080/wrk2-api/post/compose 
  Thread Stats   Avg      Stdev     99%   +/- Stdev
    Latency     9.82s     4.68s   21.18s    60.61%
    Req/Sec    15.94      0.97    17.00    100.00%
  Latency Distribution (HdrHistogram - Recorded Latency)
 50.000%   10.00s 
 75.000%   12.30s 
 90.000%   16.58s 
 99.000%   21.18s 
 99.900%   23.79s 
 99.990%   24.41s 
 99.999%   24.41s 
100.000%   24.41s 

  Detailed Percentile spectrum:
       Value   Percentile   TotalCount 1/(1-Percentile)

     447.743     0.000000            1         1.00
    3309.567     0.100000          224         1.11
    4788.223     0.200000          448         1.25
    7073.791     0.300000          672         1.43
   10002.431     0.400000         1307         1.67
   10002.431     0.500000         1307         2.00
   10002.431     0.550000         1307         2.22
   10010.623     0.600000         1403         2.50
   10493.951     0.650000         1456         2.86
   11485.183     0.700000         1569         3.33
   12296.191     0.750000         1680         4.00
   12812.287     0.775000         1738         4.44
   13336.575     0.800000         1792         5.00
   14057.471     0.825000         1849         5.71
   14704.639     0.850000         1904         6.67
   15646.719     0.875000         1961         8.00
   15998.975     0.887500         1988         8.89
   16588.799     0.900000         2016        10.00
   17121.279     0.912500         2044        11.43
   17661.951     0.925000         2072        13.33
   18055.167     0.937500         2100        16.00
   18431.999     0.943750         2114        17.78
   18661.375     0.950000         2128        20.00
   18939.903     0.956250         2143        22.86
   19267.583     0.962500         2157        26.67
   19529.727     0.968750         2170        32.00
   19660.799     0.971875         2178        35.56
   19759.103     0.975000         2184        40.00
   19906.559     0.978125         2191        45.71
   20004.863     0.981250         2198        53.33
   20414.463     0.984375         2205        64.00
   20660.223     0.985938         2208        71.11
   20709.375     0.987500         2212        80.00
   20971.519     0.989062         2215        91.43
   21299.199     0.990625         2219       106.67
   21610.495     0.992188         2222       128.00
   21626.879     0.992969         2224       142.22
   21938.175     0.993750         2226       160.00
   22020.095     0.994531         2228       182.86
   22577.151     0.995313         2229       213.33
   22724.607     0.996094         2231       256.00
   22773.759     0.996484         2232       284.44
   23216.127     0.996875         2233       320.00
   23216.127     0.997266         2233       365.71
   23298.047     0.997656         2234       426.67
   23347.199     0.998047         2235       512.00
   23707.647     0.998242         2236       568.89
   23707.647     0.998437         2236       640.00
   23707.647     0.998633         2236       731.43
   23789.567     0.998828         2237       853.33
   23789.567     0.999023         2237      1024.00
   24051.711     0.999121         2238      1137.78
   24051.711     0.999219         2238      1280.00
   24051.711     0.999316         2238      1462.86
   24051.711     0.999414         2238      1706.67
   24051.711     0.999512         2238      2048.00
   24412.159     0.999561         2239      2275.56
   24412.159     1.000000         2239          inf
#[Mean    =     9821.034, StdDeviation   =     4680.209]
#[Max     =    24395.776, Total count    =         2239]
#[Buckets =           27, SubBuckets     =         2048]
-----------------------------------------------------------------------
  2649 requests in 30.13s, 661.10KB read
  Socket errors: connect 0, read 0, write 0, timeout 9595
  Non-2xx or 3xx responses: 1004
Requests/sec:     87.92  
Transfer/sec:     21.94KB
