Running 30s test @ http://ms1311.utah.cloudlab.us:8080/wrk2-api/post/compose
  8 threads and 1000 connections

  Thread calibration: mean lat.: 14.296ms, rate sampling interval: 40ms
  Thread calibration: mean lat.: 13.786ms, rate sampling interval: 39ms
  Thread calibration: mean lat.: 14.162ms, rate sampling interval: 38ms
  Thread calibration: mean lat.: 14.362ms, rate sampling interval: 43ms
  Thread calibration: mean lat.: 13.664ms, rate sampling interval: 38ms
  Thread calibration: mean lat.: 14.259ms, rate sampling interval: 41ms
  Thread calibration: mean lat.: 15.081ms, rate sampling interval: 40ms
  Thread calibration: mean lat.: 14.561ms, rate sampling interval: 41ms
Logging function completed.

-----------------------------------------------------------------------
Test Results @ http://ms1311.utah.cloudlab.us:8080/wrk2-api/post/compose 
  Thread Stats   Avg      Stdev     99%   +/- Stdev
    Latency    15.24ms    5.08ms  30.98ms   75.48%
    Req/Sec    24.58     25.38   100.00     84.04%
  Latency Distribution (HdrHistogram - Recorded Latency)
 50.000%   14.26ms
 75.000%   17.92ms
 90.000%   21.77ms
 99.000%   30.98ms
 99.900%   43.81ms
 99.990%   58.27ms
 99.999%   58.27ms
100.000%   58.27ms

  Detailed Percentile spectrum:
       Value   Percentile   TotalCount 1/(1-Percentile)

       4.299     0.000000            1         1.00
      10.143     0.100000          394         1.11
      11.135     0.200000          780         1.25
      11.983     0.300000         1171         1.43
      12.967     0.400000         1558         1.67
      14.263     0.500000         1949         2.00
      14.895     0.550000         2143         2.22
      15.559     0.600000         2338         2.50
      16.239     0.650000         2533         2.86
      17.039     0.700000         2729         3.33
      17.919     0.750000         2926         4.00
      18.367     0.775000         3023         4.44
      18.895     0.800000         3118         5.00
      19.455     0.825000         3214         5.71
      20.079     0.850000         3311         6.67
      20.927     0.875000         3409         8.00
      21.311     0.887500         3457         8.89
      21.775     0.900000         3506        10.00
      22.575     0.912500         3556        11.43
      23.343     0.925000         3603        13.33
      23.919     0.937500         3653        16.00
      24.239     0.943750         3676        17.78
      24.831     0.950000         3701        20.00
      25.455     0.956250         3726        22.86
      26.159     0.962500         3750        26.67
      26.831     0.968750         3774        32.00
      27.151     0.971875         3786        35.56
      27.439     0.975000         3800        40.00
      27.711     0.978125         3811        45.71
      28.175     0.981250         3823        53.33
      29.055     0.984375         3835        64.00
      29.327     0.985938         3841        71.11
      30.079     0.987500         3848        80.00
      30.463     0.989062         3853        91.43
      31.199     0.990625         3859       106.67
      31.583     0.992188         3865       128.00
      31.935     0.992969         3868       142.22
      32.575     0.993750         3871       160.00
      33.599     0.994531         3874       182.86
      33.823     0.995313         3877       213.33
      34.463     0.996094         3880       256.00
      35.487     0.996484         3882       284.44
      38.175     0.996875         3883       320.00
      38.911     0.997266         3885       365.71
      38.943     0.997656         3886       426.67
      39.103     0.998047         3888       512.00
      39.807     0.998242         3889       568.89
      39.807     0.998437         3889       640.00
      40.927     0.998633         3890       731.43
      43.807     0.998828         3891       853.33
      43.967     0.999023         3892      1024.00
      43.967     0.999121         3892      1137.78
      43.967     0.999219         3892      1280.00
      44.607     0.999316         3893      1462.86
      44.607     0.999414         3893      1706.67
      44.703     0.999512         3894      2048.00
      44.703     0.999561         3894      2275.56
      44.703     0.999609         3894      2560.00
      44.703     0.999658         3894      2925.71
      44.703     0.999707         3894      3413.33
      58.271     0.999756         3895      4096.00
      58.271     1.000000         3895          inf
#[Mean    =       15.242, StdDeviation   =        5.078]
#[Max     =       58.240, Total count    =         3895]
#[Buckets =           27, SubBuckets     =         2048]
-----------------------------------------------------------------------
  5818 requests in 30.07s, 1.19MB read
  Socket errors: connect 0, read 0, write 0, timeout 9511
Requests/sec:    193.47  
Transfer/sec:     40.62KB
