Running 30s test @ http://ms1311.utah.cloudlab.us:8080/wrk2-api/post/compose
  8 threads and 1000 connections

  Thread calibration: mean lat.: 14.904ms, rate sampling interval: 46ms
  Thread calibration: mean lat.: 17.149ms, rate sampling interval: 54ms
  Thread calibration: mean lat.: 16.398ms, rate sampling interval: 54ms
  Thread calibration: mean lat.: 16.501ms, rate sampling interval: 53ms
  Thread calibration: mean lat.: 14.801ms, rate sampling interval: 45ms
  Thread calibration: mean lat.: 15.080ms, rate sampling interval: 47ms
  Thread calibration: mean lat.: 16.280ms, rate sampling interval: 47ms
  Thread calibration: mean lat.: 16.986ms, rate sampling interval: 52ms
Logging function completed.

-----------------------------------------------------------------------
Test Results @ http://ms1311.utah.cloudlab.us:8080/wrk2-api/post/compose 
  Thread Stats   Avg      Stdev     99%   +/- Stdev
    Latency    16.19ms    8.50ms  53.22ms   90.20%
    Req/Sec    24.39     22.54    88.00     56.15%
  Latency Distribution (HdrHistogram - Recorded Latency)
 50.000%   14.12ms
 75.000%   18.46ms
 90.000%   23.82ms
 99.000%   53.22ms
 99.900%   83.52ms
 99.990%  101.95ms
 99.999%  101.95ms
100.000%  101.95ms

  Detailed Percentile spectrum:
       Value   Percentile   TotalCount 1/(1-Percentile)

       5.987     0.000000            1         1.00
       9.623     0.100000          390         1.11
      10.583     0.200000          780         1.25
      11.543     0.300000         1170         1.43
      12.839     0.400000         1561         1.67
      14.119     0.500000         1949         2.00
      14.863     0.550000         2144         2.22
      15.695     0.600000         2340         2.50
      16.559     0.650000         2534         2.86
      17.487     0.700000         2730         3.33
      18.463     0.750000         2925         4.00
      19.039     0.775000         3021         4.44
      19.695     0.800000         3118         5.00
      20.559     0.825000         3217         5.71
      21.439     0.850000         3315         6.67
      22.575     0.875000         3410         8.00
      23.263     0.887500         3459         8.89
      23.823     0.900000         3509        10.00
      24.591     0.912500         3557        11.43
      25.647     0.925000         3605        13.33
      27.183     0.937500         3654        16.00
      27.887     0.943750         3678        17.78
      29.119     0.950000         3703        20.00
      30.959     0.956250         3728        22.86
      32.479     0.962500         3751        26.67
      34.559     0.968750         3777        32.00
      36.319     0.971875         3788        35.56
      38.111     0.975000         3800        40.00
      40.351     0.978125         3812        45.71
      43.903     0.981250         3824        53.33
      47.999     0.984375         3837        64.00
      49.823     0.985938         3843        71.11
      51.487     0.987500         3849        80.00
      52.607     0.989062         3855        91.43
      56.127     0.990625         3861       106.67
      58.303     0.992188         3867       128.00
      60.351     0.992969         3870       142.22
      60.863     0.993750         3873       160.00
      62.207     0.994531         3876       182.86
      65.343     0.995313         3879       213.33
      68.543     0.996094         3882       256.00
      68.927     0.996484         3884       284.44
      70.143     0.996875         3885       320.00
      73.727     0.997266         3887       365.71
      74.303     0.997656         3888       426.67
      77.119     0.998047         3890       512.00
      77.183     0.998242         3891       568.89
      77.183     0.998437         3891       640.00
      78.399     0.998633         3892       731.43
      83.519     0.998828         3893       853.33
      91.135     0.999023         3894      1024.00
      91.135     0.999121         3894      1137.78
      91.135     0.999219         3894      1280.00
      99.007     0.999316         3895      1462.86
      99.007     0.999414         3895      1706.67
      99.903     0.999512         3896      2048.00
      99.903     0.999561         3896      2275.56
      99.903     0.999609         3896      2560.00
      99.903     0.999658         3896      2925.71
      99.903     0.999707         3896      3413.33
     101.951     0.999756         3897      4096.00
     101.951     1.000000         3897          inf
#[Mean    =       16.192, StdDeviation   =        8.500]
#[Max     =      101.888, Total count    =         3897]
#[Buckets =           27, SubBuckets     =         2048]
-----------------------------------------------------------------------
  5846 requests in 30.09s, 1.20MB read
  Socket errors: connect 0, read 0, write 0, timeout 9506
Requests/sec:    194.31  
Transfer/sec:     40.80KB
