Running 30s test @ http://node0.krisub-247336.ldos-ut-pg0.wisc.cloudlab.us:8080/wrk2-api/post/compose
  8 threads and 1000 connections

  Thread calibration: mean lat.: 5.164ms, rate sampling interval: 12ms
  Thread calibration: mean lat.: 5.098ms, rate sampling interval: 12ms
  Thread calibration: mean lat.: 5.066ms, rate sampling interval: 12ms
  Thread calibration: mean lat.: 5.086ms, rate sampling interval: 11ms
  Thread calibration: mean lat.: 5.613ms, rate sampling interval: 15ms
  Thread calibration: mean lat.: 5.136ms, rate sampling interval: 12ms
  Thread calibration: mean lat.: 5.136ms, rate sampling interval: 12ms
  Thread calibration: mean lat.: 5.072ms, rate sampling interval: 12ms
Logging function completed.

-----------------------------------------------------------------------
Test Results @ http://node0.krisub-247336.ldos-ut-pg0.wisc.cloudlab.us:8080/wrk2-api/post/compose 
  Thread Stats   Avg      Stdev     99%   +/- Stdev
    Latency     5.01ms  642.84us   7.05ms   76.21%
    Req/Sec    25.39     46.28   181.00     76.44%
  Latency Distribution (HdrHistogram - Recorded Latency)
 50.000%    4.88ms
 75.000%    5.29ms
 90.000%    5.84ms
 99.000%    7.05ms
 99.900%    8.69ms
 99.990%   10.94ms
 99.999%   10.94ms
100.000%   10.94ms

  Detailed Percentile spectrum:
       Value   Percentile   TotalCount 1/(1-Percentile)

       3.707     0.000000            1         1.00
       4.355     0.100000          396         1.11
       4.511     0.200000          788         1.25
       4.639     0.300000         1184         1.43
       4.755     0.400000         1570         1.67
       4.883     0.500000         1967         2.00
       4.947     0.550000         2151         2.22
       5.019     0.600000         2344         2.50
       5.103     0.650000         2540         2.86
       5.195     0.700000         2738         3.33
       5.287     0.750000         2928         4.00
       5.339     0.775000         3030         4.44
       5.411     0.800000         3125         5.00
       5.495     0.825000         3221         5.71
       5.571     0.850000         3317         6.67
       5.687     0.875000         3419         8.00
       5.751     0.887500         3464         8.89
       5.835     0.900000         3512        10.00
       5.927     0.912500         3561        11.43
       6.015     0.925000         3609        13.33
       6.123     0.937500         3659        16.00
       6.167     0.943750         3682        17.78
       6.235     0.950000         3706        20.00
       6.323     0.956250         3732        22.86
       6.431     0.962500         3756        26.67
       6.531     0.968750         3780        32.00
       6.583     0.971875         3792        35.56
       6.623     0.975000         3804        40.00
       6.703     0.978125         3816        45.71
       6.739     0.981250         3828        53.33
       6.847     0.984375         3841        64.00
       6.911     0.985938         3848        71.11
       6.979     0.987500         3853        80.00
       7.031     0.989062         3859        91.43
       7.131     0.990625         3865       106.67
       7.191     0.992188         3871       128.00
       7.271     0.992969         3874       142.22
       7.327     0.993750         3877       160.00
       7.455     0.994531         3880       182.86
       7.539     0.995313         3883       213.33
       7.667     0.996094         3886       256.00
       7.755     0.996484         3888       284.44
       7.779     0.996875         3889       320.00
       7.959     0.997266         3891       365.71
       8.043     0.997656         3892       426.67
       8.311     0.998047         3894       512.00
       8.551     0.998242         3895       568.89
       8.551     0.998437         3895       640.00
       8.655     0.998633         3896       731.43
       8.687     0.998828         3897       853.33
       8.735     0.999023         3898      1024.00
       8.735     0.999121         3898      1137.78
       8.735     0.999219         3898      1280.00
       8.999     0.999316         3899      1462.86
       8.999     0.999414         3899      1706.67
      10.103     0.999512         3900      2048.00
      10.103     0.999561         3900      2275.56
      10.103     0.999609         3900      2560.00
      10.103     0.999658         3900      2925.71
      10.103     0.999707         3900      3413.33
      10.935     0.999756         3901      4096.00
      10.935     1.000000         3901          inf
#[Mean    =        5.007, StdDeviation   =        0.643]
#[Max     =       10.928, Total count    =         3901]
#[Buckets =           27, SubBuckets     =         2048]
-----------------------------------------------------------------------
  5780 requests in 30.10s, 1.19MB read
  Socket errors: connect 0, read 0, write 0, timeout 9497
Requests/sec:    192.05  
Transfer/sec:     40.32KB
