Running 30s test @ http://node0.krisub-247336.ldos-ut-pg0.wisc.cloudlab.us:8080/wrk2-api/post/compose
  8 threads and 1000 connections

  Thread calibration: mean lat.: 5.156ms, rate sampling interval: 12ms
  Thread calibration: mean lat.: 5.188ms, rate sampling interval: 12ms
  Thread calibration: mean lat.: 5.696ms, rate sampling interval: 15ms
  Thread calibration: mean lat.: 5.182ms, rate sampling interval: 12ms
  Thread calibration: mean lat.: 5.167ms, rate sampling interval: 12ms
  Thread calibration: mean lat.: 5.263ms, rate sampling interval: 12ms
  Thread calibration: mean lat.: 5.141ms, rate sampling interval: 12ms
  Thread calibration: mean lat.: 5.082ms, rate sampling interval: 12ms
Logging function completed.

-----------------------------------------------------------------------
Test Results @ http://node0.krisub-247336.ldos-ut-pg0.wisc.cloudlab.us:8080/wrk2-api/post/compose 
  Thread Stats   Avg      Stdev     99%   +/- Stdev
    Latency     5.04ms  666.40us   7.19ms   75.79%
    Req/Sec    25.39     45.96   181.00     76.29%
  Latency Distribution (HdrHistogram - Recorded Latency)
 50.000%    4.90ms
 75.000%    5.34ms
 90.000%    5.89ms
 99.000%    7.19ms
 99.900%    9.38ms
 99.990%   11.27ms
 99.999%   11.27ms
100.000%   11.27ms

  Detailed Percentile spectrum:
       Value   Percentile   TotalCount 1/(1-Percentile)

       3.649     0.000000            1         1.00
       4.355     0.100000          390         1.11
       4.523     0.200000          788         1.25
       4.651     0.300000         1174         1.43
       4.775     0.400000         1572         1.67
       4.903     0.500000         1953         2.00
       4.979     0.550000         2157         2.22
       5.055     0.600000         2345         2.50
       5.139     0.650000         2543         2.86
       5.231     0.700000         2734         3.33
       5.343     0.750000         2927         4.00
       5.407     0.775000         3025         4.44
       5.475     0.800000         3121         5.00
       5.547     0.825000         3221         5.71
       5.631     0.850000         3315         6.67
       5.763     0.875000         3412         8.00
       5.823     0.887500         3462         8.89
       5.895     0.900000         3514        10.00
       5.963     0.912500         3559        11.43
       6.043     0.925000         3609        13.33
       6.135     0.937500         3657        16.00
       6.191     0.943750         3681        17.78
       6.255     0.950000         3707        20.00
       6.303     0.956250         3729        22.86
       6.411     0.962500         3753        26.67
       6.547     0.968750         3780        32.00
       6.595     0.971875         3791        35.56
       6.659     0.975000         3803        40.00
       6.707     0.978125         3814        45.71
       6.779     0.981250         3826        53.33
       6.915     0.984375         3840        64.00
       6.987     0.985938         3845        71.11
       7.075     0.987500         3852        80.00
       7.147     0.989062         3857        91.43
       7.275     0.990625         3863       106.67
       7.371     0.992188         3869       128.00
       7.467     0.992969         3872       142.22
       7.531     0.993750         3875       160.00
       7.651     0.994531         3878       182.86
       7.719     0.995313         3881       213.33
       7.947     0.996094         3884       256.00
       8.075     0.996484         3886       284.44
       8.115     0.996875         3887       320.00
       8.303     0.997266         3889       365.71
       8.343     0.997656         3890       426.67
       8.639     0.998047         3892       512.00
       9.039     0.998242         3893       568.89
       9.039     0.998437         3893       640.00
       9.103     0.998633         3894       731.43
       9.383     0.998828         3895       853.33
       9.623     0.999023         3896      1024.00
       9.623     0.999121         3896      1137.78
       9.623     0.999219         3896      1280.00
       9.671     0.999316         3897      1462.86
       9.671     0.999414         3897      1706.67
      10.359     0.999512         3898      2048.00
      10.359     0.999561         3898      2275.56
      10.359     0.999609         3898      2560.00
      10.359     0.999658         3898      2925.71
      10.359     0.999707         3898      3413.33
      11.271     0.999756         3899      4096.00
      11.271     1.000000         3899          inf
#[Mean    =        5.036, StdDeviation   =        0.666]
#[Max     =       11.264, Total count    =         3899]
#[Buckets =           27, SubBuckets     =         2048]
-----------------------------------------------------------------------
  5785 requests in 30.10s, 1.19MB read
  Socket errors: connect 0, read 0, write 0, timeout 9497
Requests/sec:    192.17  
Transfer/sec:     40.35KB
