Running 30s test @ http://node0.krisub-247336.ldos-ut-pg0.wisc.cloudlab.us:8080/wrk2-api/post/compose
  8 threads and 1000 connections

  Thread calibration: mean lat.: 4.859ms, rate sampling interval: 11ms
  Thread calibration: mean lat.: 4.867ms, rate sampling interval: 11ms
  Thread calibration: mean lat.: 5.478ms, rate sampling interval: 11ms
  Thread calibration: mean lat.: 4.920ms, rate sampling interval: 11ms
  Thread calibration: mean lat.: 4.839ms, rate sampling interval: 11ms
  Thread calibration: mean lat.: 4.998ms, rate sampling interval: 11ms
  Thread calibration: mean lat.: 4.995ms, rate sampling interval: 11ms
  Thread calibration: mean lat.: 4.867ms, rate sampling interval: 11ms
Logging function completed.

-----------------------------------------------------------------------
Test Results @ http://node0.krisub-247336.ldos-ut-pg0.wisc.cloudlab.us:8080/wrk2-api/post/compose 
  Thread Stats   Avg      Stdev     99%   +/- Stdev
    Latency     4.94ms  699.10us   7.06ms   77.78%
    Req/Sec    25.53     49.38   200.00     76.37%
  Latency Distribution (HdrHistogram - Recorded Latency)
 50.000%    4.81ms
 75.000%    5.24ms
 90.000%    5.78ms
 99.000%    7.06ms
 99.900%    9.92ms
 99.990%   16.56ms
 99.999%   16.56ms
100.000%   16.56ms

  Detailed Percentile spectrum:
       Value   Percentile   TotalCount 1/(1-Percentile)

       3.649     0.000000            1         1.00
       4.247     0.100000          392         1.11
       4.419     0.200000          783         1.25
       4.543     0.300000         1172         1.43
       4.667     0.400000         1562         1.67
       4.807     0.500000         1960         2.00
       4.879     0.550000         2148         2.22
       4.955     0.600000         2339         2.50
       5.039     0.650000         2540         2.86
       5.131     0.700000         2729         3.33
       5.243     0.750000         2922         4.00
       5.311     0.775000         3026         4.44
       5.379     0.800000         3115         5.00
       5.447     0.825000         3212         5.71
       5.535     0.850000         3310         6.67
       5.639     0.875000         3408         8.00
       5.699     0.887500         3457         8.89
       5.779     0.900000         3509        10.00
       5.851     0.912500         3553        11.43
       5.931     0.925000         3603        13.33
       6.039     0.937500         3650        16.00
       6.095     0.943750         3675        17.78
       6.199     0.950000         3700        20.00
       6.291     0.956250         3723        22.86
       6.367     0.962500         3748        26.67
       6.467     0.968750         3773        32.00
       6.519     0.971875         3784        35.56
       6.583     0.975000         3796        40.00
       6.639     0.978125         3809        45.71
       6.723     0.981250         3821        53.33
       6.799     0.984375         3833        64.00
       6.875     0.985938         3839        71.11
       6.975     0.987500         3845        80.00
       7.031     0.989062         3851        91.43
       7.123     0.990625         3857       106.67
       7.223     0.992188         3863       128.00
       7.303     0.992969         3866       142.22
       7.315     0.993750         3869       160.00
       7.375     0.994531         3872       182.86
       7.567     0.995313         3875       213.33
       7.807     0.996094         3878       256.00
       7.875     0.996484         3880       284.44
       7.931     0.996875         3881       320.00
       7.979     0.997266         3883       365.71
       8.367     0.997656         3884       426.67
       8.439     0.998047         3886       512.00
       8.927     0.998242         3887       568.89
       8.927     0.998437         3887       640.00
       9.799     0.998633         3888       731.43
       9.919     0.998828         3889       853.33
      10.335     0.999023         3890      1024.00
      10.335     0.999121         3890      1137.78
      10.335     0.999219         3890      1280.00
      10.703     0.999316         3891      1462.86
      10.703     0.999414         3891      1706.67
      12.591     0.999512         3892      2048.00
      12.591     0.999561         3892      2275.56
      12.591     0.999609         3892      2560.00
      12.591     0.999658         3892      2925.71
      12.591     0.999707         3892      3413.33
      16.559     0.999756         3893      4096.00
      16.559     1.000000         3893          inf
#[Mean    =        4.937, StdDeviation   =        0.699]
#[Max     =       16.544, Total count    =         3893]
#[Buckets =           27, SubBuckets     =         2048]
-----------------------------------------------------------------------
  5824 requests in 30.06s, 1.19MB read
  Socket errors: connect 0, read 0, write 0, timeout 9509
Requests/sec:    193.75  
Transfer/sec:     40.68KB
