Running 30s test @ http://ms1311.utah.cloudlab.us:8080/wrk2-api/post/compose
  8 threads and 1000 connections

  Thread calibration: mean lat.: 21.840ms, rate sampling interval: 44ms
  Thread calibration: mean lat.: 17.199ms, rate sampling interval: 44ms
  Thread calibration: mean lat.: 17.846ms, rate sampling interval: 40ms
  Thread calibration: mean lat.: 20.988ms, rate sampling interval: 48ms
  Thread calibration: mean lat.: 18.040ms, rate sampling interval: 44ms
  Thread calibration: mean lat.: 14.836ms, rate sampling interval: 38ms
  Thread calibration: mean lat.: 18.443ms, rate sampling interval: 43ms
  Thread calibration: mean lat.: 16.315ms, rate sampling interval: 41ms
Logging function completed.

-----------------------------------------------------------------------
Test Results @ http://ms1311.utah.cloudlab.us:8080/wrk2-api/post/compose 
  Thread Stats   Avg      Stdev     99%   +/- Stdev
    Latency    14.67ms    6.23ms  38.56ms   84.38%
    Req/Sec    24.52     23.84   100.00     86.17%
  Latency Distribution (HdrHistogram - Recorded Latency)
 50.000%   13.08ms
 75.000%   17.30ms
 90.000%   21.69ms
 99.000%   38.56ms
 99.900%   59.62ms
 99.990%   67.71ms
 99.999%   67.71ms
100.000%   67.71ms

  Detailed Percentile spectrum:
       Value   Percentile   TotalCount 1/(1-Percentile)

       6.115     0.000000            1         1.00
       9.167     0.100000          391         1.11
       9.983     0.200000          783         1.25
      10.847     0.300000         1172         1.43
      11.831     0.400000         1562         1.67
      13.079     0.500000         1950         2.00
      13.823     0.550000         2144         2.22
      14.575     0.600000         2339         2.50
      15.367     0.650000         2534         2.86
      16.247     0.700000         2729         3.33
      17.295     0.750000         2925         4.00
      17.775     0.775000         3024         4.44
      18.367     0.800000         3120         5.00
      18.975     0.825000         3218         5.71
      19.759     0.850000         3314         6.67
      20.671     0.875000         3413         8.00
      21.071     0.887500         3460         8.89
      21.711     0.900000         3509        10.00
      22.399     0.912500         3558        11.43
      23.215     0.925000         3607        13.33
      24.191     0.937500         3655        16.00
      24.655     0.943750         3679        17.78
      25.311     0.950000         3704        20.00
      26.063     0.956250         3728        22.86
      27.103     0.962500         3753        26.67
      28.367     0.968750         3777        32.00
      29.087     0.971875         3789        35.56
      30.287     0.975000         3801        40.00
      31.167     0.978125         3813        45.71
      32.271     0.981250         3825        53.33
      34.207     0.984375         3838        64.00
      35.167     0.985938         3844        71.11
      36.191     0.987500         3850        80.00
      37.951     0.989062         3856        91.43
      38.847     0.990625         3863       106.67
      40.383     0.992188         3868       128.00
      42.047     0.992969         3871       142.22
      42.879     0.993750         3874       160.00
      44.287     0.994531         3877       182.86
      45.119     0.995313         3880       213.33
      49.439     0.996094         3883       256.00
      51.679     0.996484         3885       284.44
      51.967     0.996875         3887       320.00
      52.255     0.997266         3888       365.71
      54.111     0.997656         3889       426.67
      57.119     0.998047         3891       512.00
      58.335     0.998242         3892       568.89
      58.335     0.998437         3892       640.00
      59.199     0.998633         3893       731.43
      59.615     0.998828         3894       853.33
      61.631     0.999023         3895      1024.00
      61.631     0.999121         3895      1137.78
      61.631     0.999219         3895      1280.00
      63.775     0.999316         3896      1462.86
      63.775     0.999414         3896      1706.67
      67.199     0.999512         3897      2048.00
      67.199     0.999561         3897      2275.56
      67.199     0.999609         3897      2560.00
      67.199     0.999658         3897      2925.71
      67.199     0.999707         3897      3413.33
      67.711     0.999756         3898      4096.00
      67.711     1.000000         3898          inf
#[Mean    =       14.671, StdDeviation   =        6.230]
#[Max     =       67.648, Total count    =         3898]
#[Buckets =           27, SubBuckets     =         2048]
-----------------------------------------------------------------------
  5798 requests in 30.06s, 1.19MB read
  Socket errors: connect 0, read 0, write 0, timeout 9524
Requests/sec:    192.87  
Transfer/sec:     40.50KB
