Running 30s test @ http://node0.krisub-247336.ldos-ut-pg0.wisc.cloudlab.us:8080/wrk2-api/post/compose
  8 threads and 1000 connections

  Thread calibration: mean lat.: 5.136ms, rate sampling interval: 12ms
  Thread calibration: mean lat.: 4.908ms, rate sampling interval: 12ms
  Thread calibration: mean lat.: 4.964ms, rate sampling interval: 11ms
  Thread calibration: mean lat.: 5.215ms, rate sampling interval: 12ms
  Thread calibration: mean lat.: 4.975ms, rate sampling interval: 11ms
  Thread calibration: mean lat.: 5.205ms, rate sampling interval: 12ms
  Thread calibration: mean lat.: 5.022ms, rate sampling interval: 12ms
  Thread calibration: mean lat.: 4.879ms, rate sampling interval: 11ms
Logging function completed.

-----------------------------------------------------------------------
Test Results @ http://node0.krisub-247336.ldos-ut-pg0.wisc.cloudlab.us:8080/wrk2-api/post/compose 
  Thread Stats   Avg      Stdev     99%   +/- Stdev
    Latency     4.77ms  734.00us   6.93ms   72.07%
    Req/Sec    25.49     48.29   181.00     75.40%
  Latency Distribution (HdrHistogram - Recorded Latency)
 50.000%    4.60ms
 75.000%    5.17ms
 90.000%    5.82ms
 99.000%    6.93ms
 99.900%    8.02ms
 99.990%    9.69ms
 99.999%    9.69ms
100.000%    9.69ms

  Detailed Percentile spectrum:
       Value   Percentile   TotalCount 1/(1-Percentile)

       3.469     0.000000            1         1.00
       4.003     0.100000          392         1.11
       4.151     0.200000          783         1.25
       4.291     0.300000         1179         1.43
       4.431     0.400000         1565         1.67
       4.599     0.500000         1955         2.00
       4.695     0.550000         2151         2.22
       4.795     0.600000         2343         2.50
       4.899     0.650000         2538         2.86
       5.031     0.700000         2740         3.33
       5.171     0.750000         2934         4.00
       5.251     0.775000         3027         4.44
       5.343     0.800000         3124         5.00
       5.443     0.825000         3220         5.71
       5.543     0.850000         3318         6.67
       5.675     0.875000         3417         8.00
       5.743     0.887500         3466         8.89
       5.819     0.900000         3514        10.00
       5.903     0.912500         3562        11.43
       5.979     0.925000         3611        13.33
       6.079     0.937500         3662        16.00
       6.135     0.943750         3685        17.78
       6.187     0.950000         3709        20.00
       6.243     0.956250         3734        22.86
       6.307     0.962500         3757        26.67
       6.407     0.968750         3783        32.00
       6.475     0.971875         3795        35.56
       6.519     0.975000         3806        40.00
       6.563     0.978125         3818        45.71
       6.651     0.981250         3830        53.33
       6.763     0.984375         3844        64.00
       6.831     0.985938         3849        71.11
       6.867     0.987500         3855        80.00
       6.911     0.989062         3862        91.43
       7.071     0.990625         3867       106.67
       7.167     0.992188         3873       128.00
       7.207     0.992969         3876       142.22
       7.235     0.993750         3879       160.00
       7.239     0.994531         3882       182.86
       7.335     0.995313         3885       213.33
       7.451     0.996094         3888       256.00
       7.499     0.996484         3890       284.44
       7.507     0.996875         3891       320.00
       7.639     0.997266         3893       365.71
       7.647     0.997656         3894       426.67
       7.755     0.998047         3896       512.00
       7.911     0.998242         3897       568.89
       7.911     0.998437         3897       640.00
       7.955     0.998633         3898       731.43
       8.019     0.998828         3899       853.33
       8.091     0.999023         3900      1024.00
       8.091     0.999121         3900      1137.78
       8.091     0.999219         3900      1280.00
       8.171     0.999316         3901      1462.86
       8.171     0.999414         3901      1706.67
       8.823     0.999512         3902      2048.00
       8.823     0.999561         3902      2275.56
       8.823     0.999609         3902      2560.00
       8.823     0.999658         3902      2925.71
       8.823     0.999707         3902      3413.33
       9.687     0.999756         3903      4096.00
       9.687     1.000000         3903          inf
#[Mean    =        4.770, StdDeviation   =        0.734]
#[Max     =        9.680, Total count    =         3903]
#[Buckets =           27, SubBuckets     =         2048]
-----------------------------------------------------------------------
  5858 requests in 30.13s, 1.20MB read
  Socket errors: connect 0, read 0, write 0, timeout 9585
Requests/sec:    194.45  
Transfer/sec:     40.83KB
