Running 30s test @ http://ms1311.utah.cloudlab.us:8080/wrk2-api/post/compose
  8 threads and 1000 connections

  Thread calibration: mean lat.: 15.774ms, rate sampling interval: 39ms
  Thread calibration: mean lat.: 20.504ms, rate sampling interval: 40ms
  Thread calibration: mean lat.: 16.696ms, rate sampling interval: 35ms
  Thread calibration: mean lat.: 16.131ms, rate sampling interval: 45ms
  Thread calibration: mean lat.: 17.171ms, rate sampling interval: 42ms
  Thread calibration: mean lat.: 17.438ms, rate sampling interval: 44ms
  Thread calibration: mean lat.: 15.831ms, rate sampling interval: 41ms
  Thread calibration: mean lat.: 19.488ms, rate sampling interval: 41ms
Logging function completed.

-----------------------------------------------------------------------
Test Results @ http://ms1311.utah.cloudlab.us:8080/wrk2-api/post/compose 
  Thread Stats   Avg      Stdev     99%   +/- Stdev
    Latency    14.43ms    4.69ms  29.44ms   74.44%
    Req/Sec    24.53     25.10   100.00     86.50%
  Latency Distribution (HdrHistogram - Recorded Latency)
 50.000%   13.53ms
 75.000%   16.98ms
 90.000%   20.70ms
 99.000%   29.44ms
 99.900%   39.36ms
 99.990%   48.64ms
 99.999%   48.64ms
100.000%   48.64ms

  Detailed Percentile spectrum:
       Value   Percentile   TotalCount 1/(1-Percentile)

       5.259     0.000000            1         1.00
       9.639     0.100000          392         1.11
      10.511     0.200000          783         1.25
      11.279     0.300000         1169         1.43
      12.191     0.400000         1559         1.67
      13.535     0.500000         1952         2.00
      14.111     0.550000         2143         2.22
      14.767     0.600000         2338         2.50
      15.439     0.650000         2533         2.86
      16.127     0.700000         2729         3.33
      16.975     0.750000         2929         4.00
      17.471     0.775000         3025         4.44
      17.871     0.800000         3117         5.00
      18.447     0.825000         3219         5.71
      19.071     0.850000         3312         6.67
      19.711     0.875000         3410         8.00
      20.175     0.887500         3458         8.89
      20.719     0.900000         3507        10.00
      21.151     0.912500         3556        11.43
      21.695     0.925000         3604        13.33
      22.399     0.937500         3653        16.00
      22.719     0.943750         3677        17.78
      23.007     0.950000         3703        20.00
      23.423     0.956250         3727        22.86
      23.903     0.962500         3750        26.67
      24.703     0.968750         3776        32.00
      24.895     0.971875         3788        35.56
      25.327     0.975000         3799        40.00
      26.031     0.978125         3812        45.71
      26.623     0.981250         3823        53.33
      27.311     0.984375         3836        64.00
      28.111     0.985938         3842        71.11
      28.783     0.987500         3848        80.00
      29.151     0.989062         3854        91.43
      29.775     0.990625         3860       106.67
      30.431     0.992188         3866       128.00
      30.959     0.992969         3869       142.22
      31.263     0.993750         3873       160.00
      31.679     0.994531         3875       182.86
      32.831     0.995313         3878       213.33
      33.311     0.996094         3881       256.00
      33.951     0.996484         3883       284.44
      34.271     0.996875         3884       320.00
      34.815     0.997266         3886       365.71
      34.911     0.997656         3887       426.67
      36.703     0.998047         3889       512.00
      37.119     0.998242         3890       568.89
      37.119     0.998437         3890       640.00
      38.751     0.998633         3891       731.43
      39.359     0.998828         3892       853.33
      41.087     0.999023         3893      1024.00
      41.087     0.999121         3893      1137.78
      41.087     0.999219         3893      1280.00
      44.159     0.999316         3894      1462.86
      44.159     0.999414         3894      1706.67
      47.903     0.999512         3895      2048.00
      47.903     0.999561         3895      2275.56
      47.903     0.999609         3895      2560.00
      47.903     0.999658         3895      2925.71
      47.903     0.999707         3895      3413.33
      48.639     0.999756         3896      4096.00
      48.639     1.000000         3896          inf
#[Mean    =       14.427, StdDeviation   =        4.691]
#[Max     =       48.608, Total count    =         3896]
#[Buckets =           27, SubBuckets     =         2048]
-----------------------------------------------------------------------
  5818 requests in 30.06s, 1.19MB read
  Socket errors: connect 0, read 0, write 0, timeout 9509
Requests/sec:    193.53  
Transfer/sec:     40.63KB
