Running 30s test @ http://ms1311.utah.cloudlab.us:8080/wrk2-api/post/compose
  8 threads and 1000 connections

  Thread calibration: mean lat.: 13.987ms, rate sampling interval: 41ms
  Thread calibration: mean lat.: 13.929ms, rate sampling interval: 42ms
  Thread calibration: mean lat.: 13.483ms, rate sampling interval: 39ms
  Thread calibration: mean lat.: 13.485ms, rate sampling interval: 39ms
  Thread calibration: mean lat.: 14.581ms, rate sampling interval: 43ms
  Thread calibration: mean lat.: 13.724ms, rate sampling interval: 43ms
  Thread calibration: mean lat.: 13.576ms, rate sampling interval: 40ms
  Thread calibration: mean lat.: 13.842ms, rate sampling interval: 46ms
Logging function completed.

-----------------------------------------------------------------------
Test Results @ http://ms1311.utah.cloudlab.us:8080/wrk2-api/post/compose 
  Thread Stats   Avg      Stdev     99%   +/- Stdev
    Latency    15.01ms    4.86ms  30.62ms   73.16%
    Req/Sec    24.53     24.47    97.00     83.53%
  Latency Distribution (HdrHistogram - Recorded Latency)
 50.000%   14.19ms
 75.000%   17.55ms
 90.000%   21.44ms
 99.000%   30.62ms
 99.900%   37.85ms
 99.990%   50.17ms
 99.999%   50.17ms
100.000%   50.17ms

  Detailed Percentile spectrum:
       Value   Percentile   TotalCount 1/(1-Percentile)

       5.615     0.000000            1         1.00
       9.895     0.100000          390         1.11
      10.831     0.200000          779         1.25
      11.807     0.300000         1169         1.43
      12.919     0.400000         1558         1.67
      14.191     0.500000         1949         2.00
      14.871     0.550000         2144         2.22
      15.487     0.600000         2337         2.50
      16.103     0.650000         2531         2.86
      16.767     0.700000         2728         3.33
      17.551     0.750000         2920         4.00
      17.919     0.775000         3018         4.44
      18.527     0.800000         3118         5.00
      19.055     0.825000         3212         5.71
      19.743     0.850000         3311         6.67
      20.431     0.875000         3407         8.00
      20.815     0.887500         3457         8.89
      21.439     0.900000         3504        10.00
      22.031     0.912500         3553        11.43
      22.607     0.925000         3602        13.33
      23.215     0.937500         3650        16.00
      23.535     0.943750         3675        17.78
      24.143     0.950000         3699        20.00
      24.639     0.956250         3723        22.86
      25.215     0.962500         3748        26.67
      25.967     0.968750         3772        32.00
      26.447     0.971875         3785        35.56
      26.959     0.975000         3797        40.00
      27.503     0.978125         3808        45.71
      28.271     0.981250         3821        53.33
      28.863     0.984375         3833        64.00
      29.103     0.985938         3839        71.11
      29.727     0.987500         3845        80.00
      30.447     0.989062         3851        91.43
      30.735     0.990625         3857       106.67
      31.439     0.992188         3863       128.00
      32.159     0.992969         3866       142.22
      32.543     0.993750         3869       160.00
      33.055     0.994531         3872       182.86
      33.471     0.995313         3875       213.33
      34.015     0.996094         3878       256.00
      34.527     0.996484         3880       284.44
      34.559     0.996875         3881       320.00
      34.655     0.997266         3883       365.71
      35.231     0.997656         3884       426.67
      37.023     0.998047         3886       512.00
      37.631     0.998242         3887       568.89
      37.631     0.998437         3887       640.00
      37.663     0.998633         3888       731.43
      37.855     0.998828         3889       853.33
      38.591     0.999023         3890      1024.00
      38.591     0.999121         3890      1137.78
      38.591     0.999219         3890      1280.00
      42.719     0.999316         3891      1462.86
      42.719     0.999414         3891      1706.67
      45.951     0.999512         3892      2048.00
      45.951     0.999561         3892      2275.56
      45.951     0.999609         3892      2560.00
      45.951     0.999658         3892      2925.71
      45.951     0.999707         3892      3413.33
      50.175     0.999756         3893      4096.00
      50.175     1.000000         3893          inf
#[Mean    =       15.013, StdDeviation   =        4.859]
#[Max     =       50.144, Total count    =         3893]
#[Buckets =           27, SubBuckets     =         2048]
-----------------------------------------------------------------------
  5830 requests in 30.03s, 1.20MB read
  Socket errors: connect 0, read 0, write 0, timeout 9516
Requests/sec:    194.11  
Transfer/sec:     40.76KB
