Running 30s test @ http://ms1311.utah.cloudlab.us:8080/wrk2-api/post/compose
  8 threads and 1000 connections

  Thread calibration: mean lat.: 15.229ms, rate sampling interval: 45ms
  Thread calibration: mean lat.: 14.135ms, rate sampling interval: 40ms
  Thread calibration: mean lat.: 16.136ms, rate sampling interval: 48ms
  Thread calibration: mean lat.: 15.068ms, rate sampling interval: 47ms
  Thread calibration: mean lat.: 15.375ms, rate sampling interval: 40ms
  Thread calibration: mean lat.: 15.888ms, rate sampling interval: 41ms
  Thread calibration: mean lat.: 15.610ms, rate sampling interval: 45ms
  Thread calibration: mean lat.: 15.229ms, rate sampling interval: 49ms
Logging function completed.

-----------------------------------------------------------------------
Test Results @ http://ms1311.utah.cloudlab.us:8080/wrk2-api/post/compose 
  Thread Stats   Avg      Stdev     99%   +/- Stdev
    Latency    15.18ms   10.57ms  37.82ms   96.20%
    Req/Sec    24.49     24.29   100.00     85.05%
  Latency Distribution (HdrHistogram - Recorded Latency)
 50.000%   13.56ms
 75.000%   17.01ms
 90.000%   21.02ms
 99.000%   37.82ms
 99.900%  167.93ms
 99.990%  182.53ms
 99.999%  182.53ms
100.000%  182.53ms

  Detailed Percentile spectrum:
       Value   Percentile   TotalCount 1/(1-Percentile)

       5.727     0.000000            1         1.00
       9.359     0.100000          390         1.11
      10.319     0.200000          779         1.25
      11.279     0.300000         1169         1.43
      12.279     0.400000         1561         1.67
      13.559     0.500000         1950         2.00
      14.191     0.550000         2146         2.22
      14.831     0.600000         2338         2.50
      15.511     0.650000         2535         2.86
      16.207     0.700000         2727         3.33
      17.007     0.750000         2924         4.00
      17.423     0.775000         3019         4.44
      17.967     0.800000         3118         5.00
      18.511     0.825000         3214         5.71
      19.135     0.850000         3312         6.67
      19.951     0.875000         3409         8.00
      20.479     0.887500         3457         8.89
      21.023     0.900000         3506        10.00
      21.567     0.912500         3555        11.43
      22.367     0.925000         3604        13.33
      23.471     0.937500         3653        16.00
      23.887     0.943750         3676        17.78
      24.415     0.950000         3703        20.00
      25.103     0.956250         3725        22.86
      25.871     0.962500         3749        26.67
      26.943     0.968750         3774        32.00
      27.551     0.971875         3786        35.56
      28.319     0.975000         3798        40.00
      29.231     0.978125         3810        45.71
      30.335     0.981250         3822        53.33
      32.639     0.984375         3835        64.00
      33.759     0.985938         3841        71.11
      35.455     0.987500         3848        80.00
      36.415     0.989062         3853        91.43
      39.199     0.990625         3859       106.67
      43.103     0.992188         3865       128.00
      50.303     0.992969         3868       142.22
      68.479     0.993750         3871       160.00
      79.295     0.994531         3874       182.86
      84.223     0.995313         3877       213.33
      99.839     0.996094         3880       256.00
     126.079     0.996484         3882       284.44
     129.407     0.996875         3883       320.00
     132.863     0.997266         3885       365.71
     138.751     0.997656         3886       426.67
     153.471     0.998047         3888       512.00
     155.263     0.998242         3889       568.89
     155.263     0.998437         3889       640.00
     165.759     0.998633         3890       731.43
     167.935     0.998828         3891       853.33
     171.391     0.999023         3892      1024.00
     171.391     0.999121         3892      1137.78
     171.391     0.999219         3892      1280.00
     177.023     0.999316         3893      1462.86
     177.023     0.999414         3893      1706.67
     179.839     0.999512         3894      2048.00
     179.839     0.999561         3894      2275.56
     179.839     0.999609         3894      2560.00
     179.839     0.999658         3894      2925.71
     179.839     0.999707         3894      3413.33
     182.527     0.999756         3895      4096.00
     182.527     1.000000         3895          inf
#[Mean    =       15.177, StdDeviation   =       10.572]
#[Max     =      182.400, Total count    =         3895]
#[Buckets =           27, SubBuckets     =         2048]
-----------------------------------------------------------------------
  5819 requests in 30.07s, 1.19MB read
  Socket errors: connect 0, read 0, write 0, timeout 9509
Requests/sec:    193.50  
Transfer/sec:     40.63KB
