Running 30s test @ http://ms1311.utah.cloudlab.us:8080/wrk2-api/post/compose
  8 threads and 1000 connections

  Thread calibration: mean lat.: 1673.721ms, rate sampling interval: 5787ms
  Thread calibration: mean lat.: 2072.002ms, rate sampling interval: 11231ms
  Thread calibration: mean lat.: 1455.030ms, rate sampling interval: 4407ms
  Thread calibration: mean lat.: 1557.820ms, rate sampling interval: 5345ms
  Thread calibration: mean lat.: 1185.736ms, rate sampling interval: 4100ms
  Thread calibration: mean lat.: 1282.345ms, rate sampling interval: 4763ms
  Thread calibration: mean lat.: 1640.811ms, rate sampling interval: 9617ms
  Thread calibration: mean lat.: 2634.470ms, rate sampling interval: 12812ms
Logging function completed.

-----------------------------------------------------------------------
Test Results @ http://ms1311.utah.cloudlab.us:8080/wrk2-api/post/compose 
  Thread Stats   Avg      Stdev     99%   +/- Stdev
    Latency     8.05s     5.61s   21.61s    62.84%
    Req/Sec    15.36      5.36    26.00     72.73%
  Latency Distribution (HdrHistogram - Recorded Latency)
 50.000%    9.67s 
 75.000%   10.21s 
 90.000%   16.59s 
 99.000%   21.61s 
 99.900%   24.07s 
 99.990%   25.92s 
 99.999%   25.92s 
100.000%   25.92s 

  Detailed Percentile spectrum:
       Value   Percentile   TotalCount 1/(1-Percentile)

       7.087     0.000000            1         1.00
    1104.895     0.100000          243         1.11
    2174.975     0.200000          486         1.25
    3409.919     0.300000          729         1.43
    5496.831     0.400000          972         1.67
    9674.751     0.500000         1215         2.00
   10002.431     0.550000         1637         2.22
   10002.431     0.600000         1637         2.50
   10002.431     0.650000         1637         2.86
   10010.623     0.700000         1804         3.33
   10207.231     0.750000         1824         4.00
   10895.359     0.775000         1884         4.44
   11689.983     0.800000         1944         5.00
   12582.911     0.825000         2006         5.71
   13549.567     0.850000         2066         6.67
   14950.399     0.875000         2128         8.00
   15769.599     0.887500         2157         8.89
   16588.799     0.900000         2187        10.00
   17481.727     0.912500         2219        11.43
   18038.783     0.925000         2249        13.33
   18595.839     0.937500         2280        16.00
   18792.447     0.943750         2294        17.78
   19021.823     0.950000         2309        20.00
   19185.663     0.956250         2325        22.86
   19447.807     0.962500         2339        26.67
   19628.031     0.968750         2356        32.00
   19726.335     0.971875         2362        35.56
   19841.023     0.975000         2371        40.00
   19955.711     0.978125         2378        45.71
   20283.391     0.981250         2385        53.33
   21004.287     0.984375         2393        64.00
   21233.663     0.985938         2397        71.11
   21397.503     0.987500         2401        80.00
   21495.807     0.989062         2404        91.43
   21659.647     0.990625         2408       106.67
   22265.855     0.992188         2412       128.00
   22380.543     0.992969         2413       142.22
   22511.615     0.993750         2415       160.00
   22577.151     0.994531         2417       182.86
   22659.071     0.995313         2419       213.33
   22953.983     0.996094         2421       256.00
   22986.751     0.996484         2422       284.44
   23117.823     0.996875         2423       320.00
   23150.591     0.997266         2424       365.71
   23248.895     0.997656         2425       426.67
   23396.351     0.998047         2426       512.00
   23396.351     0.998242         2426       568.89
   23724.031     0.998437         2427       640.00
   23724.031     0.998633         2427       731.43
   24068.095     0.998828         2428       853.33
   24068.095     0.999023         2428      1024.00
   24068.095     0.999121         2428      1137.78
   24379.391     0.999219         2429      1280.00
   24379.391     0.999316         2429      1462.86
   24379.391     0.999414         2429      1706.67
   24379.391     0.999512         2429      2048.00
   24379.391     0.999561         2429      2275.56
   25919.487     0.999609         2430      2560.00
   25919.487     1.000000         2430          inf
#[Mean    =     8052.440, StdDeviation   =     5609.183]
#[Max     =    25903.104, Total count    =         2430]
#[Buckets =           27, SubBuckets     =         2048]
-----------------------------------------------------------------------
  3139 requests in 30.13s, 755.41KB read
  Socket errors: connect 0, read 0, write 0, timeout 9946
  Non-2xx or 3xx responses: 922
Requests/sec:    104.19  
Transfer/sec:     25.07KB
