Running 30s test @ http://ms1311.utah.cloudlab.us:8080/wrk2-api/post/compose
  8 threads and 1000 connections

  Thread calibration: mean lat.: 13.354ms, rate sampling interval: 39ms
  Thread calibration: mean lat.: 13.039ms, rate sampling interval: 37ms
  Thread calibration: mean lat.: 13.759ms, rate sampling interval: 38ms
  Thread calibration: mean lat.: 13.709ms, rate sampling interval: 35ms
  Thread calibration: mean lat.: 13.323ms, rate sampling interval: 40ms
  Thread calibration: mean lat.: 13.188ms, rate sampling interval: 36ms
  Thread calibration: mean lat.: 13.422ms, rate sampling interval: 37ms
  Thread calibration: mean lat.: 13.065ms, rate sampling interval: 37ms
Logging function completed.

-----------------------------------------------------------------------
Test Results @ http://ms1311.utah.cloudlab.us:8080/wrk2-api/post/compose 
  Thread Stats   Avg      Stdev     99%   +/- Stdev
    Latency    14.91ms    5.71ms  35.87ms   82.02%
    Req/Sec    24.59     25.76   105.00     81.02%
  Latency Distribution (HdrHistogram - Recorded Latency)
 50.000%   13.70ms
 75.000%   17.20ms
 90.000%   21.14ms
 99.000%   35.87ms
 99.900%   56.93ms
 99.990%   62.30ms
 99.999%   62.30ms
100.000%   62.30ms

  Detailed Percentile spectrum:
       Value   Percentile   TotalCount 1/(1-Percentile)

       5.335     0.000000            1         1.00
       9.639     0.100000          390         1.11
      10.647     0.200000          782         1.25
      11.503     0.300000         1171         1.43
      12.599     0.400000         1560         1.67
      13.703     0.500000         1951         2.00
      14.303     0.550000         2145         2.22
      15.015     0.600000         2343         2.50
      15.727     0.650000         2536         2.86
      16.415     0.700000         2734         3.33
      17.199     0.750000         2929         4.00
      17.631     0.775000         3022         4.44
      18.175     0.800000         3121         5.00
      18.703     0.825000         3219         5.71
      19.359     0.850000         3316         6.67
      20.159     0.875000         3413         8.00
      20.607     0.887500         3461         8.89
      21.135     0.900000         3511        10.00
      21.711     0.912500         3558        11.43
      22.415     0.925000         3608        13.33
      23.103     0.937500         3656        16.00
      23.759     0.943750         3681        17.78
      24.303     0.950000         3705        20.00
      25.311     0.956250         3730        22.86
      26.079     0.962500         3753        26.67
      27.247     0.968750         3778        32.00
      28.047     0.971875         3790        35.56
      29.183     0.975000         3803        40.00
      29.935     0.978125         3814        45.71
      30.927     0.981250         3827        53.33
      32.767     0.984375         3839        64.00
      33.631     0.985938         3845        71.11
      34.975     0.987500         3851        80.00
      35.583     0.989062         3857        91.43
      38.559     0.990625         3863       106.67
      40.287     0.992188         3869       128.00
      40.511     0.992969         3872       142.22
      41.215     0.993750         3875       160.00
      42.687     0.994531         3878       182.86
      46.047     0.995313         3881       213.33
      46.719     0.996094         3884       256.00
      47.647     0.996484         3886       284.44
      49.279     0.996875         3887       320.00
      50.975     0.997266         3889       365.71
      51.359     0.997656         3890       426.67
      51.743     0.998047         3892       512.00
      53.567     0.998242         3893       568.89
      53.567     0.998437         3893       640.00
      54.687     0.998633         3894       731.43
      56.927     0.998828         3895       853.33
      57.823     0.999023         3896      1024.00
      57.823     0.999121         3896      1137.78
      57.823     0.999219         3896      1280.00
      59.871     0.999316         3897      1462.86
      59.871     0.999414         3897      1706.67
      62.047     0.999512         3898      2048.00
      62.047     0.999561         3898      2275.56
      62.047     0.999609         3898      2560.00
      62.047     0.999658         3898      2925.71
      62.047     0.999707         3898      3413.33
      62.303     0.999756         3899      4096.00
      62.303     1.000000         3899          inf
#[Mean    =       14.907, StdDeviation   =        5.706]
#[Max     =       62.272, Total count    =         3899]
#[Buckets =           27, SubBuckets     =         2048]
-----------------------------------------------------------------------
  5798 requests in 30.13s, 1.19MB read
  Socket errors: connect 0, read 0, write 0, timeout 9695
Requests/sec:    192.44  
Transfer/sec:     40.41KB
