Running 30s test @ http://node0.krisub-247336.ldos-ut-pg0.wisc.cloudlab.us:8080/wrk2-api/post/compose
  8 threads and 1000 connections

  Thread calibration: mean lat.: 5.182ms, rate sampling interval: 12ms
  Thread calibration: mean lat.: 5.214ms, rate sampling interval: 12ms
  Thread calibration: mean lat.: 5.170ms, rate sampling interval: 12ms
  Thread calibration: mean lat.: 5.470ms, rate sampling interval: 14ms
  Thread calibration: mean lat.: 5.272ms, rate sampling interval: 12ms
  Thread calibration: mean lat.: 5.976ms, rate sampling interval: 14ms
  Thread calibration: mean lat.: 5.231ms, rate sampling interval: 12ms
  Thread calibration: mean lat.: 5.209ms, rate sampling interval: 12ms
Logging function completed.

-----------------------------------------------------------------------
Test Results @ http://node0.krisub-247336.ldos-ut-pg0.wisc.cloudlab.us:8080/wrk2-api/post/compose 
  Thread Stats   Avg      Stdev     99%   +/- Stdev
    Latency     5.18ms    0.85ms   7.43ms   72.34%
    Req/Sec    25.33     46.54   181.00     77.06%
  Latency Distribution (HdrHistogram - Recorded Latency)
 50.000%    5.05ms
 75.000%    5.68ms
 90.000%    6.23ms
 99.000%    7.43ms
 99.900%    9.67ms
 99.990%   17.66ms
 99.999%   17.66ms
100.000%   17.66ms

  Detailed Percentile spectrum:
       Value   Percentile   TotalCount 1/(1-Percentile)

       3.389     0.000000            1         1.00
       4.247     0.100000          392         1.11
       4.467     0.200000          780         1.25
       4.663     0.300000         1172         1.43
       4.847     0.400000         1563         1.67
       5.051     0.500000         1954         2.00
       5.163     0.550000         2144         2.22
       5.275     0.600000         2344         2.50
       5.399     0.650000         2534         2.86
       5.535     0.700000         2730         3.33
       5.675     0.750000         2927         4.00
       5.743     0.775000         3023         4.44
       5.827     0.800000         3122         5.00
       5.899     0.825000         3216         5.71
       6.003     0.850000         3315         6.67
       6.115     0.875000         3416         8.00
       6.163     0.887500         3461         8.89
       6.231     0.900000         3509        10.00
       6.315     0.912500         3558        11.43
       6.411     0.925000         3606        13.33
       6.507     0.937500         3656        16.00
       6.547     0.943750         3680        17.78
       6.595     0.950000         3704        20.00
       6.667     0.956250         3728        22.86
       6.743     0.962500         3752        26.67
       6.823     0.968750         3777        32.00
       6.851     0.971875         3789        35.56
       6.911     0.975000         3802        40.00
       7.003     0.978125         3813        45.71
       7.055     0.981250         3825        53.33
       7.171     0.984375         3839        64.00
       7.283     0.985938         3844        71.11
       7.351     0.987500         3850        80.00
       7.399     0.989062         3856        91.43
       7.523     0.990625         3862       106.67
       7.635     0.992188         3868       128.00
       7.723     0.992969         3871       142.22
       7.771     0.993750         3874       160.00
       7.939     0.994531         3877       182.86
       8.059     0.995313         3880       213.33
       8.199     0.996094         3883       256.00
       8.319     0.996484         3885       284.44
       8.487     0.996875         3886       320.00
       8.503     0.997266         3888       365.71
       8.743     0.997656         3889       426.67
       9.063     0.998047         3891       512.00
       9.143     0.998242         3892       568.89
       9.143     0.998437         3892       640.00
       9.471     0.998633         3893       731.43
       9.671     0.998828         3894       853.33
       9.863     0.999023         3895      1024.00
       9.863     0.999121         3895      1137.78
       9.863     0.999219         3895      1280.00
      12.631     0.999316         3896      1462.86
      12.631     0.999414         3896      1706.67
      16.703     0.999512         3897      2048.00
      16.703     0.999561         3897      2275.56
      16.703     0.999609         3897      2560.00
      16.703     0.999658         3897      2925.71
      16.703     0.999707         3897      3413.33
      17.663     0.999756         3898      4096.00
      17.663     1.000000         3898          inf
#[Mean    =        5.178, StdDeviation   =        0.851]
#[Max     =       17.648, Total count    =         3898]
#[Buckets =           27, SubBuckets     =         2048]
-----------------------------------------------------------------------
  5804 requests in 30.05s, 1.19MB read
  Socket errors: connect 0, read 0, write 0, timeout 9511
Requests/sec:    193.16  
Transfer/sec:     40.56KB
