Running 30s test @ http://ms1311.utah.cloudlab.us:8080/wrk2-api/post/compose
  8 threads and 1000 connections

  Thread calibration: mean lat.: 13.121ms, rate sampling interval: 38ms
  Thread calibration: mean lat.: 13.072ms, rate sampling interval: 38ms
  Thread calibration: mean lat.: 12.935ms, rate sampling interval: 38ms
  Thread calibration: mean lat.: 13.506ms, rate sampling interval: 37ms
  Thread calibration: mean lat.: 12.796ms, rate sampling interval: 37ms
  Thread calibration: mean lat.: 13.129ms, rate sampling interval: 39ms
  Thread calibration: mean lat.: 12.766ms, rate sampling interval: 37ms
  Thread calibration: mean lat.: 13.117ms, rate sampling interval: 37ms
Logging function completed.

-----------------------------------------------------------------------
Test Results @ http://ms1311.utah.cloudlab.us:8080/wrk2-api/post/compose 
  Thread Stats   Avg      Stdev     99%   +/- Stdev
    Latency    15.14ms    5.09ms  31.81ms   73.70%
    Req/Sec    24.64     25.76   108.00     77.82%
  Latency Distribution (HdrHistogram - Recorded Latency)
 50.000%   14.24ms
 75.000%   17.97ms
 90.000%   21.74ms
 99.000%   31.81ms
 99.900%   38.81ms
 99.990%   41.53ms
 99.999%   41.53ms
100.000%   41.53ms

  Detailed Percentile spectrum:
       Value   Percentile   TotalCount 1/(1-Percentile)

       4.855     0.000000            1         1.00
       9.815     0.100000          390         1.11
      10.791     0.200000          780         1.25
      11.727     0.300000         1170         1.43
      12.991     0.400000         1558         1.67
      14.239     0.500000         1948         2.00
      14.951     0.550000         2143         2.22
      15.567     0.600000         2338         2.50
      16.271     0.650000         2532         2.86
      17.071     0.700000         2726         3.33
      17.967     0.750000         2923         4.00
      18.431     0.775000         3020         4.44
      18.863     0.800000         3116         5.00
      19.423     0.825000         3213         5.71
      20.031     0.850000         3314         6.67
      20.847     0.875000         3409         8.00
      21.279     0.887500         3458         8.89
      21.743     0.900000         3505        10.00
      22.287     0.912500         3555        11.43
      22.943     0.925000         3602        13.33
      23.567     0.937500         3652        16.00
      24.015     0.943750         3675        17.78
      24.607     0.950000         3700        20.00
      25.167     0.956250         3724        22.86
      25.983     0.962500         3748        26.67
      26.719     0.968750         3773        32.00
      27.055     0.971875         3785        35.56
      27.615     0.975000         3797        40.00
      28.511     0.978125         3809        45.71
      29.407     0.981250         3822        53.33
      30.255     0.984375         3834        64.00
      30.527     0.985938         3840        71.11
      30.799     0.987500         3846        80.00
      31.599     0.989062         3852        91.43
      31.967     0.990625         3858       106.67
      32.639     0.992188         3864       128.00
      32.831     0.992969         3867       142.22
      33.375     0.993750         3871       160.00
      33.919     0.994531         3873       182.86
      34.431     0.995313         3876       213.33
      35.295     0.996094         3879       256.00
      35.711     0.996484         3881       284.44
      35.999     0.996875         3882       320.00
      36.575     0.997266         3884       365.71
      36.959     0.997656         3885       426.67
      37.663     0.998047         3888       512.00
      37.663     0.998242         3888       568.89
      37.663     0.998437         3888       640.00
      37.983     0.998633         3889       731.43
      38.815     0.998828         3890       853.33
      38.975     0.999023         3891      1024.00
      38.975     0.999121         3891      1137.78
      38.975     0.999219         3891      1280.00
      40.191     0.999316         3892      1462.86
      40.191     0.999414         3892      1706.67
      40.287     0.999512         3893      2048.00
      40.287     0.999561         3893      2275.56
      40.287     0.999609         3893      2560.00
      40.287     0.999658         3893      2925.71
      40.287     0.999707         3893      3413.33
      41.535     0.999756         3894      4096.00
      41.535     1.000000         3894          inf
#[Mean    =       15.140, StdDeviation   =        5.094]
#[Max     =       41.504, Total count    =         3894]
#[Buckets =           27, SubBuckets     =         2048]
-----------------------------------------------------------------------
  5848 requests in 30.03s, 1.20MB read
  Socket errors: connect 0, read 0, write 0, timeout 9493
Requests/sec:    194.72  
Transfer/sec:     40.88KB
