Running 30s test @ http://ms1311.utah.cloudlab.us:8080/wrk2-api/post/compose
  8 threads and 1000 connections

  Thread calibration: mean lat.: 14.592ms, rate sampling interval: 41ms
  Thread calibration: mean lat.: 13.655ms, rate sampling interval: 40ms
  Thread calibration: mean lat.: 14.364ms, rate sampling interval: 41ms
  Thread calibration: mean lat.: 14.185ms, rate sampling interval: 40ms
  Thread calibration: mean lat.: 14.631ms, rate sampling interval: 42ms
  Thread calibration: mean lat.: 14.402ms, rate sampling interval: 40ms
  Thread calibration: mean lat.: 14.658ms, rate sampling interval: 43ms
  Thread calibration: mean lat.: 14.195ms, rate sampling interval: 40ms
Logging function completed.

-----------------------------------------------------------------------
Test Results @ http://ms1311.utah.cloudlab.us:8080/wrk2-api/post/compose 
  Thread Stats   Avg      Stdev     99%   +/- Stdev
    Latency    14.47ms    4.77ms  28.69ms   72.12%
    Req/Sec    24.58     25.15   100.00     88.29%
  Latency Distribution (HdrHistogram - Recorded Latency)
 50.000%   13.53ms
 75.000%   17.34ms
 90.000%   20.90ms
 99.000%   28.69ms
 99.900%   38.11ms
 99.990%   42.27ms
 99.999%   42.27ms
100.000%   42.27ms

  Detailed Percentile spectrum:
       Value   Percentile   TotalCount 1/(1-Percentile)

       4.271     0.000000            1         1.00
       9.463     0.100000          390         1.11
      10.479     0.200000          781         1.25
      11.295     0.300000         1168         1.43
      12.223     0.400000         1557         1.67
      13.535     0.500000         1946         2.00
      14.231     0.550000         2141         2.22
      15.007     0.600000         2339         2.50
      15.647     0.650000         2531         2.86
      16.447     0.700000         2727         3.33
      17.343     0.750000         2922         4.00
      17.823     0.775000         3017         4.44
      18.319     0.800000         3117         5.00
      18.815     0.825000         3212         5.71
      19.455     0.850000         3314         6.67
      20.079     0.875000         3406         8.00
      20.431     0.887500         3455         8.89
      20.895     0.900000         3503        10.00
      21.391     0.912500         3553        11.43
      21.855     0.925000         3601        13.33
      22.479     0.937500         3650        16.00
      22.847     0.943750         3674        17.78
      23.375     0.950000         3699        20.00
      23.711     0.956250         3722        22.86
      24.351     0.962500         3747        26.67
      24.911     0.968750         3771        32.00
      25.359     0.971875         3783        35.56
      25.887     0.975000         3795        40.00
      26.319     0.978125         3807        45.71
      26.879     0.981250         3820        53.33
      27.375     0.984375         3832        64.00
      27.647     0.985938         3838        71.11
      27.951     0.987500         3844        80.00
      28.479     0.989062         3851        91.43
      28.783     0.990625         3856       106.67
      29.039     0.992188         3862       128.00
      29.551     0.992969         3865       142.22
      29.999     0.993750         3868       160.00
      30.303     0.994531         3872       182.86
      30.383     0.995313         3874       213.33
      30.943     0.996094         3877       256.00
      31.295     0.996484         3879       284.44
      31.743     0.996875         3880       320.00
      31.887     0.997266         3882       365.71
      31.951     0.997656         3883       426.67
      34.175     0.998047         3885       512.00
      34.303     0.998242         3886       568.89
      34.303     0.998437         3886       640.00
      37.887     0.998633         3887       731.43
      38.111     0.998828         3888       853.33
      38.431     0.999023         3889      1024.00
      38.431     0.999121         3889      1137.78
      38.431     0.999219         3889      1280.00
      39.263     0.999316         3890      1462.86
      39.263     0.999414         3890      1706.67
      39.551     0.999512         3891      2048.00
      39.551     0.999561         3891      2275.56
      39.551     0.999609         3891      2560.00
      39.551     0.999658         3891      2925.71
      39.551     0.999707         3891      3413.33
      42.271     0.999756         3892      4096.00
      42.271     1.000000         3892          inf
#[Mean    =       14.473, StdDeviation   =        4.772]
#[Max     =       42.240, Total count    =         3892]
#[Buckets =           27, SubBuckets     =         2048]
-----------------------------------------------------------------------
  5833 requests in 30.07s, 1.20MB read
  Socket errors: connect 0, read 0, write 0, timeout 9513
Requests/sec:    193.99  
Transfer/sec:     40.73KB
