Running 30s test @ http://node0.krisub-247336.ldos-ut-pg0.wisc.cloudlab.us:8080/wrk2-api/post/compose
  8 threads and 1000 connections

  Thread calibration: mean lat.: 5.427ms, rate sampling interval: 12ms
  Thread calibration: mean lat.: 5.205ms, rate sampling interval: 12ms
  Thread calibration: mean lat.: 5.192ms, rate sampling interval: 12ms
  Thread calibration: mean lat.: 5.115ms, rate sampling interval: 12ms
  Thread calibration: mean lat.: 5.500ms, rate sampling interval: 13ms
  Thread calibration: mean lat.: 5.374ms, rate sampling interval: 13ms
  Thread calibration: mean lat.: 5.290ms, rate sampling interval: 12ms
  Thread calibration: mean lat.: 5.369ms, rate sampling interval: 13ms
Logging function completed.

-----------------------------------------------------------------------
Test Results @ http://node0.krisub-247336.ldos-ut-pg0.wisc.cloudlab.us:8080/wrk2-api/post/compose 
  Thread Stats   Avg      Stdev     99%   +/- Stdev
    Latency     5.02ms  763.86us   7.16ms   70.26%
    Req/Sec    25.39     46.81   181.00     74.08%
  Latency Distribution (HdrHistogram - Recorded Latency)
 50.000%    4.91ms
 75.000%    5.45ms
 90.000%    6.04ms
 99.000%    7.16ms
 99.900%    8.86ms
 99.990%   12.59ms
 99.999%   12.59ms
100.000%   12.59ms

  Detailed Percentile spectrum:
       Value   Percentile   TotalCount 1/(1-Percentile)

       3.435     0.000000            1         1.00
       4.159     0.100000          390         1.11
       4.387     0.200000          784         1.25
       4.555     0.300000         1174         1.43
       4.735     0.400000         1563         1.67
       4.915     0.500000         1962         2.00
       5.007     0.550000         2153         2.22
       5.099     0.600000         2345         2.50
       5.211     0.650000         2539         2.86
       5.323     0.700000         2732         3.33
       5.447     0.750000         2925         4.00
       5.523     0.775000         3028         4.44
       5.615     0.800000         3122         5.00
       5.699     0.825000         3224         5.71
       5.799     0.850000         3315         6.67
       5.907     0.875000         3415         8.00
       5.971     0.887500         3462         8.89
       6.039     0.900000         3512        10.00
       6.111     0.912500         3559        11.43
       6.183     0.925000         3609        13.33
       6.271     0.937500         3659        16.00
       6.315     0.943750         3683        17.78
       6.351     0.950000         3705        20.00
       6.419     0.956250         3730        22.86
       6.503     0.962500         3754        26.67
       6.587     0.968750         3779        32.00
       6.659     0.971875         3791        35.56
       6.723     0.975000         3804        40.00
       6.771     0.978125         3817        45.71
       6.811     0.981250         3827        53.33
       6.931     0.984375         3841        64.00
       7.003     0.985938         3846        71.11
       7.067     0.987500         3852        80.00
       7.131     0.989062         3858        91.43
       7.171     0.990625         3864       106.67
       7.295     0.992188         3870       128.00
       7.355     0.992969         3873       142.22
       7.371     0.993750         3876       160.00
       7.487     0.994531         3879       182.86
       7.563     0.995313         3882       213.33
       7.727     0.996094         3885       256.00
       7.871     0.996484         3887       284.44
       7.927     0.996875         3888       320.00
       7.975     0.997266         3890       365.71
       8.055     0.997656         3891       426.67
       8.495     0.998047         3893       512.00
       8.599     0.998242         3894       568.89
       8.599     0.998437         3894       640.00
       8.727     0.998633         3895       731.43
       8.863     0.998828         3896       853.33
      10.415     0.999023         3897      1024.00
      10.415     0.999121         3897      1137.78
      10.415     0.999219         3897      1280.00
      10.479     0.999316         3898      1462.86
      10.479     0.999414         3898      1706.67
      11.807     0.999512         3899      2048.00
      11.807     0.999561         3899      2275.56
      11.807     0.999609         3899      2560.00
      11.807     0.999658         3899      2925.71
      11.807     0.999707         3899      3413.33
      12.591     0.999756         3900      4096.00
      12.591     1.000000         3900          inf
#[Mean    =        5.023, StdDeviation   =        0.764]
#[Max     =       12.584, Total count    =         3900]
#[Buckets =           27, SubBuckets     =         2048]
-----------------------------------------------------------------------
  5851 requests in 30.13s, 1.20MB read
  Socket errors: connect 0, read 0, write 0, timeout 9589
Requests/sec:    194.22  
Transfer/sec:     40.78KB
