Running 30s test @ http://ms1311.utah.cloudlab.us:8080/wrk2-api/post/compose
  8 threads and 1000 connections

  Thread calibration: mean lat.: 12.528ms, rate sampling interval: 36ms
  Thread calibration: mean lat.: 12.616ms, rate sampling interval: 35ms
  Thread calibration: mean lat.: 12.789ms, rate sampling interval: 34ms
  Thread calibration: mean lat.: 12.506ms, rate sampling interval: 34ms
  Thread calibration: mean lat.: 12.794ms, rate sampling interval: 34ms
  Thread calibration: mean lat.: 12.691ms, rate sampling interval: 35ms
  Thread calibration: mean lat.: 13.196ms, rate sampling interval: 37ms
  Thread calibration: mean lat.: 13.392ms, rate sampling interval: 37ms
Logging function completed.

-----------------------------------------------------------------------
Test Results @ http://ms1311.utah.cloudlab.us:8080/wrk2-api/post/compose 
  Thread Stats   Avg      Stdev     99%   +/- Stdev
    Latency    13.47ms    4.37ms  28.05ms   73.74%
    Req/Sec    24.59     27.04   111.00     78.64%
  Latency Distribution (HdrHistogram - Recorded Latency)
 50.000%   12.66ms
 75.000%   15.90ms
 90.000%   19.12ms
 99.000%   28.05ms
 99.900%   35.04ms
 99.990%   39.87ms
 99.999%   39.87ms
100.000%   39.87ms

  Detailed Percentile spectrum:
       Value   Percentile   TotalCount 1/(1-Percentile)

       4.983     0.000000            1         1.00
       8.943     0.100000          393         1.11
       9.799     0.200000          779         1.25
      10.519     0.300000         1170         1.43
      11.479     0.400000         1560         1.67
      12.663     0.500000         1949         2.00
      13.247     0.550000         2143         2.22
      13.871     0.600000         2339         2.50
      14.519     0.650000         2534         2.86
      15.183     0.700000         2729         3.33
      15.903     0.750000         2922         4.00
      16.335     0.775000         3019         4.44
      16.831     0.800000         3120         5.00
      17.231     0.825000         3218         5.71
      17.727     0.850000         3312         6.67
      18.271     0.875000         3409         8.00
      18.639     0.887500         3458         8.89
      19.119     0.900000         3508        10.00
      19.519     0.912500         3557        11.43
      19.967     0.925000         3604        13.33
      20.559     0.937500         3652        16.00
      20.863     0.943750         3676        17.78
      21.343     0.950000         3701        20.00
      21.871     0.956250         3725        22.86
      22.415     0.962500         3750        26.67
      23.231     0.968750         3774        32.00
      23.599     0.971875         3786        35.56
      24.095     0.975000         3798        40.00
      24.479     0.978125         3810        45.71
      25.407     0.981250         3822        53.33
      26.415     0.984375         3835        64.00
      26.895     0.985938         3841        71.11
      27.183     0.987500         3848        80.00
      27.615     0.989062         3854        91.43
      28.207     0.990625         3859       106.67
      29.071     0.992188         3866       128.00
      29.455     0.992969         3868       142.22
      29.727     0.993750         3871       160.00
      30.047     0.994531         3874       182.86
      30.639     0.995313         3877       213.33
      30.783     0.996094         3880       256.00
      31.119     0.996484         3882       284.44
      32.079     0.996875         3883       320.00
      32.959     0.997266         3885       365.71
      33.535     0.997656         3886       426.67
      34.207     0.998047         3888       512.00
      34.655     0.998242         3889       568.89
      34.655     0.998437         3889       640.00
      35.007     0.998633         3890       731.43
      35.039     0.998828         3891       853.33
      35.199     0.999023         3892      1024.00
      35.199     0.999121         3892      1137.78
      35.199     0.999219         3892      1280.00
      35.807     0.999316         3893      1462.86
      35.807     0.999414         3893      1706.67
      36.287     0.999512         3894      2048.00
      36.287     0.999561         3894      2275.56
      36.287     0.999609         3894      2560.00
      36.287     0.999658         3894      2925.71
      36.287     0.999707         3894      3413.33
      39.871     0.999756         3895      4096.00
      39.871     1.000000         3895          inf
#[Mean    =       13.470, StdDeviation   =        4.374]
#[Max     =       39.840, Total count    =         3895]
#[Buckets =           27, SubBuckets     =         2048]
-----------------------------------------------------------------------
  5836 requests in 30.08s, 1.20MB read
  Socket errors: connect 0, read 0, write 0, timeout 9516
Requests/sec:    193.99  
Transfer/sec:     40.73KB
