Running 30s test @ http://ms1311.utah.cloudlab.us:8080/wrk2-api/post/compose
  8 threads and 1000 connections

  Thread calibration: mean lat.: 12.608ms, rate sampling interval: 36ms
  Thread calibration: mean lat.: 12.725ms, rate sampling interval: 35ms
  Thread calibration: mean lat.: 12.105ms, rate sampling interval: 33ms
  Thread calibration: mean lat.: 12.510ms, rate sampling interval: 35ms
  Thread calibration: mean lat.: 12.024ms, rate sampling interval: 32ms
  Thread calibration: mean lat.: 12.195ms, rate sampling interval: 33ms
  Thread calibration: mean lat.: 12.412ms, rate sampling interval: 35ms
  Thread calibration: mean lat.: 11.666ms, rate sampling interval: 32ms
Logging function completed.

-----------------------------------------------------------------------
Test Results @ http://ms1311.utah.cloudlab.us:8080/wrk2-api/post/compose 
  Thread Stats   Avg      Stdev     99%   +/- Stdev
    Latency    13.49ms    4.46ms  29.39ms   76.51%
    Req/Sec    24.59     27.17   114.00     79.67%
  Latency Distribution (HdrHistogram - Recorded Latency)
 50.000%   12.59ms
 75.000%   15.77ms
 90.000%   18.88ms
 99.000%   29.39ms
 99.900%   40.13ms
 99.990%   43.49ms
 99.999%   43.49ms
100.000%   43.49ms

  Detailed Percentile spectrum:
       Value   Percentile   TotalCount 1/(1-Percentile)

       4.295     0.000000            1         1.00
       8.999     0.100000          391         1.11
       9.959     0.200000          782         1.25
      10.767     0.300000         1170         1.43
      11.655     0.400000         1562         1.67
      12.591     0.500000         1949         2.00
      13.159     0.550000         2143         2.22
      13.735     0.600000         2338         2.50
      14.367     0.650000         2535         2.86
      15.015     0.700000         2731         3.33
      15.767     0.750000         2922         4.00
      16.183     0.775000         3021         4.44
      16.591     0.800000         3121         5.00
      17.023     0.825000         3216         5.71
      17.519     0.850000         3314         6.67
      18.095     0.875000         3409         8.00
      18.511     0.887500         3459         8.89
      18.879     0.900000         3507        10.00
      19.295     0.912500         3557        11.43
      19.999     0.925000         3605        13.33
      20.687     0.937500         3654        16.00
      21.071     0.943750         3677        17.78
      21.551     0.950000         3703        20.00
      22.079     0.956250         3726        22.86
      22.671     0.962500         3750        26.67
      23.343     0.968750         3775        32.00
      23.663     0.971875         3787        35.56
      23.999     0.975000         3800        40.00
      24.543     0.978125         3811        45.71
      25.103     0.981250         3823        53.33
      25.855     0.984375         3836        64.00
      26.479     0.985938         3843        71.11
      27.007     0.987500         3848        80.00
      28.031     0.989062         3854        91.43
      29.695     0.990625         3860       106.67
      30.991     0.992188         3866       128.00
      31.327     0.992969         3869       142.22
      32.047     0.993750         3872       160.00
      32.351     0.994531         3875       182.86
      32.719     0.995313         3878       213.33
      33.567     0.996094         3881       256.00
      34.175     0.996484         3883       284.44
      35.775     0.996875         3884       320.00
      35.871     0.997266         3886       365.71
      37.311     0.997656         3887       426.67
      37.631     0.998047         3889       512.00
      38.655     0.998242         3890       568.89
      38.655     0.998437         3890       640.00
      39.903     0.998633         3891       731.43
      40.127     0.998828         3892       853.33
      41.919     0.999023         3893      1024.00
      41.919     0.999121         3893      1137.78
      41.919     0.999219         3893      1280.00
      41.983     0.999316         3894      1462.86
      41.983     0.999414         3894      1706.67
      42.463     0.999512         3895      2048.00
      42.463     0.999561         3895      2275.56
      42.463     0.999609         3895      2560.00
      42.463     0.999658         3895      2925.71
      42.463     0.999707         3895      3413.33
      43.487     0.999756         3896      4096.00
      43.487     1.000000         3896          inf
#[Mean    =       13.492, StdDeviation   =        4.455]
#[Max     =       43.456, Total count    =         3896]
#[Buckets =           27, SubBuckets     =         2048]
-----------------------------------------------------------------------
  5843 requests in 30.05s, 1.20MB read
  Socket errors: connect 0, read 0, write 0, timeout 9502
Requests/sec:    194.45  
Transfer/sec:     40.83KB
