Running 30s test @ http://ms1311.utah.cloudlab.us:8080/wrk2-api/post/compose
  8 threads and 1000 connections

  Thread calibration: mean lat.: 12.105ms, rate sampling interval: 35ms
  Thread calibration: mean lat.: 13.199ms, rate sampling interval: 37ms
  Thread calibration: mean lat.: 11.854ms, rate sampling interval: 32ms
  Thread calibration: mean lat.: 12.011ms, rate sampling interval: 34ms
  Thread calibration: mean lat.: 12.603ms, rate sampling interval: 37ms
  Thread calibration: mean lat.: 12.274ms, rate sampling interval: 35ms
  Thread calibration: mean lat.: 12.440ms, rate sampling interval: 35ms
  Thread calibration: mean lat.: 12.057ms, rate sampling interval: 34ms
Logging function completed.

-----------------------------------------------------------------------
Test Results @ http://ms1311.utah.cloudlab.us:8080/wrk2-api/post/compose 
  Thread Stats   Avg      Stdev     99%   +/- Stdev
    Latency    14.43ms   10.87ms  43.26ms   96.53%
    Req/Sec    24.56     27.05   114.00     78.98%
  Latency Distribution (HdrHistogram - Recorded Latency)
 50.000%   12.58ms
 75.000%   15.84ms
 90.000%   19.45ms
 99.000%   43.26ms
 99.900%  152.06ms
 99.990%  159.62ms
 99.999%  159.62ms
100.000%  159.62ms

  Detailed Percentile spectrum:
       Value   Percentile   TotalCount 1/(1-Percentile)

       5.543     0.000000            1         1.00
       8.959     0.100000          391         1.11
       9.847     0.200000          779         1.25
      10.671     0.300000         1170         1.43
      11.495     0.400000         1558         1.67
      12.583     0.500000         1949         2.00
      13.175     0.550000         2141         2.22
      13.703     0.600000         2337         2.50
      14.383     0.650000         2532         2.86
      15.023     0.700000         2724         3.33
      15.839     0.750000         2920         4.00
      16.287     0.775000         3018         4.44
      16.735     0.800000         3114         5.00
      17.247     0.825000         3213         5.71
      17.823     0.850000         3310         6.67
      18.575     0.875000         3408         8.00
      18.975     0.887500         3454         8.89
      19.455     0.900000         3502        10.00
      20.223     0.912500         3551        11.43
      20.847     0.925000         3600        13.33
      21.871     0.937500         3649        16.00
      22.367     0.943750         3673        17.78
      23.007     0.950000         3697        20.00
      23.839     0.956250         3721        22.86
      24.815     0.962500         3746        26.67
      25.983     0.968750         3770        32.00
      26.719     0.971875         3782        35.56
      27.375     0.975000         3794        40.00
      28.303     0.978125         3806        45.71
      30.879     0.981250         3819        53.33
      32.351     0.984375         3831        64.00
      34.719     0.985938         3837        71.11
      38.431     0.987500         3843        80.00
      41.567     0.989062         3849        91.43
      48.959     0.990625         3855       106.67
      60.639     0.992188         3861       128.00
      77.375     0.992969         3864       142.22
      86.591     0.993750         3867       160.00
     102.847     0.994531         3870       182.86
     112.127     0.995313         3873       213.33
     118.591     0.996094         3876       256.00
     128.511     0.996484         3878       284.44
     132.223     0.996875         3879       320.00
     141.183     0.997266         3881       365.71
     144.127     0.997656         3882       426.67
     146.303     0.998047         3884       512.00
     149.503     0.998242         3885       568.89
     149.503     0.998437         3885       640.00
     150.911     0.998633         3886       731.43
     152.063     0.998828         3887       853.33
     155.519     0.999023         3888      1024.00
     155.519     0.999121         3888      1137.78
     155.519     0.999219         3888      1280.00
     156.415     0.999316         3889      1462.86
     156.415     0.999414         3889      1706.67
     156.543     0.999512         3890      2048.00
     156.543     0.999561         3890      2275.56
     156.543     0.999609         3890      2560.00
     156.543     0.999658         3890      2925.71
     156.543     0.999707         3890      3413.33
     159.615     0.999756         3891      4096.00
     159.615     1.000000         3891          inf
#[Mean    =       14.427, StdDeviation   =       10.868]
#[Max     =      159.488, Total count    =         3891]
#[Buckets =           27, SubBuckets     =         2048]
-----------------------------------------------------------------------
  5819 requests in 30.05s, 1.19MB read
  Socket errors: connect 0, read 0, write 0, timeout 9509
Requests/sec:    193.61  
Transfer/sec:     40.65KB
