Running 30s test @ http://node0.krisub-247336.ldos-ut-pg0.wisc.cloudlab.us:8080/wrk2-api/post/compose
  8 threads and 1000 connections

  Thread calibration: mean lat.: 5.065ms, rate sampling interval: 12ms
  Thread calibration: mean lat.: 4.992ms, rate sampling interval: 11ms
  Thread calibration: mean lat.: 4.940ms, rate sampling interval: 11ms
  Thread calibration: mean lat.: 5.075ms, rate sampling interval: 11ms
  Thread calibration: mean lat.: 5.016ms, rate sampling interval: 12ms
  Thread calibration: mean lat.: 4.849ms, rate sampling interval: 11ms
  Thread calibration: mean lat.: 4.837ms, rate sampling interval: 11ms
  Thread calibration: mean lat.: 5.093ms, rate sampling interval: 12ms
Logging function completed.

-----------------------------------------------------------------------
Test Results @ http://node0.krisub-247336.ldos-ut-pg0.wisc.cloudlab.us:8080/wrk2-api/post/compose 
  Thread Stats   Avg      Stdev     99%   +/- Stdev
    Latency     4.47ms  654.48us   6.51ms   73.34%
    Req/Sec    25.50     48.78   200.00     75.66%
  Latency Distribution (HdrHistogram - Recorded Latency)
 50.000%    4.32ms
 75.000%    4.82ms
 90.000%    5.37ms
 99.000%    6.51ms
 99.900%    8.41ms
 99.990%    9.33ms
 99.999%    9.33ms
100.000%    9.33ms

  Detailed Percentile spectrum:
       Value   Percentile   TotalCount 1/(1-Percentile)

       3.223     0.000000            1         1.00
       3.781     0.100000          398         1.11
       3.927     0.200000          785         1.25
       4.053     0.300000         1174         1.43
       4.183     0.400000         1568         1.67
       4.323     0.500000         1961         2.00
       4.407     0.550000         2158         2.22
       4.491     0.600000         2345         2.50
       4.587     0.650000         2543         2.86
       4.703     0.700000         2738         3.33
       4.823     0.750000         2934         4.00
       4.887     0.775000         3033         4.44
       4.963     0.800000         3128         5.00
       5.031     0.825000         3224         5.71
       5.111     0.850000         3322         6.67
       5.235     0.875000         3417         8.00
       5.295     0.887500         3471         8.89
       5.367     0.900000         3517        10.00
       5.427     0.912500         3564        11.43
       5.511     0.925000         3615        13.33
       5.619     0.937500         3663        16.00
       5.659     0.943750         3687        17.78
       5.707     0.950000         3710        20.00
       5.763     0.956250         3738        22.86
       5.819     0.962500         3759        26.67
       5.911     0.968750         3784        32.00
       5.987     0.971875         3797        35.56
       6.031     0.975000         3808        40.00
       6.095     0.978125         3821        45.71
       6.147     0.981250         3832        53.33
       6.207     0.984375         3844        64.00
       6.271     0.985938         3851        71.11
       6.347     0.987500         3857        80.00
       6.459     0.989062         3863        91.43
       6.551     0.990625         3869       106.67
       6.615     0.992188         3875       128.00
       6.659     0.992969         3878       142.22
       6.711     0.993750         3882       160.00
       6.751     0.994531         3884       182.86
       6.819     0.995313         3887       213.33
       6.871     0.996094         3890       256.00
       6.915     0.996484         3893       284.44
       6.915     0.996875         3893       320.00
       6.971     0.997266         3895       365.71
       7.043     0.997656         3896       426.67
       7.307     0.998047         3898       512.00
       7.879     0.998242         3899       568.89
       7.879     0.998437         3899       640.00
       8.051     0.998633         3900       731.43
       8.415     0.998828         3901       853.33
       8.791     0.999023         3902      1024.00
       8.791     0.999121         3902      1137.78
       8.791     0.999219         3902      1280.00
       8.871     0.999316         3903      1462.86
       8.871     0.999414         3903      1706.67
       8.903     0.999512         3904      2048.00
       8.903     0.999561         3904      2275.56
       8.903     0.999609         3904      2560.00
       8.903     0.999658         3904      2925.71
       8.903     0.999707         3904      3413.33
       9.327     0.999756         3905      4096.00
       9.327     1.000000         3905          inf
#[Mean    =        4.469, StdDeviation   =        0.654]
#[Max     =        9.320, Total count    =         3905]
#[Buckets =           27, SubBuckets     =         2048]
-----------------------------------------------------------------------
  5883 requests in 30.12s, 1.21MB read
  Socket errors: connect 0, read 0, write 0, timeout 9458
Requests/sec:    195.29  
Transfer/sec:     41.00KB
