Running 30s test @ http://node0.krisub-247336.ldos-ut-pg0.wisc.cloudlab.us:8080/wrk2-api/post/compose
  8 threads and 1000 connections

  Thread calibration: mean lat.: 4.586ms, rate sampling interval: 10ms
  Thread calibration: mean lat.: 4.846ms, rate sampling interval: 12ms
  Thread calibration: mean lat.: 5.220ms, rate sampling interval: 11ms
  Thread calibration: mean lat.: 4.674ms, rate sampling interval: 11ms
  Thread calibration: mean lat.: 4.690ms, rate sampling interval: 11ms
  Thread calibration: mean lat.: 4.567ms, rate sampling interval: 10ms
  Thread calibration: mean lat.: 4.615ms, rate sampling interval: 11ms
  Thread calibration: mean lat.: 4.834ms, rate sampling interval: 12ms
Logging function completed.

-----------------------------------------------------------------------
Test Results @ http://node0.krisub-247336.ldos-ut-pg0.wisc.cloudlab.us:8080/wrk2-api/post/compose 
  Thread Stats   Avg      Stdev     99%   +/- Stdev
    Latency     4.63ms  683.23us   6.55ms   69.66%
    Req/Sec    25.53     49.99   200.00     76.62%
  Latency Distribution (HdrHistogram - Recorded Latency)
 50.000%    4.51ms
 75.000%    5.05ms
 90.000%    5.55ms
 99.000%    6.55ms
 99.900%    8.38ms
 99.990%   10.45ms
 99.999%   10.45ms
100.000%   10.45ms

  Detailed Percentile spectrum:
       Value   Percentile   TotalCount 1/(1-Percentile)

       3.339     0.000000            1         1.00
       3.867     0.100000          396         1.11
       4.049     0.200000          784         1.25
       4.195     0.300000         1171         1.43
       4.355     0.400000         1564         1.67
       4.507     0.500000         1950         2.00
       4.611     0.550000         2148         2.22
       4.707     0.600000         2336         2.50
       4.811     0.650000         2535         2.86
       4.931     0.700000         2729         3.33
       5.051     0.750000         2920         4.00
       5.119     0.775000         3019         4.44
       5.187     0.800000         3122         5.00
       5.255     0.825000         3212         5.71
       5.339     0.850000         3310         6.67
       5.435     0.875000         3412         8.00
       5.487     0.887500         3456         8.89
       5.555     0.900000         3509        10.00
       5.615     0.912500         3555        11.43
       5.683     0.925000         3603        13.33
       5.755     0.937500         3650        16.00
       5.811     0.943750         3677        17.78
       5.859     0.950000         3700        20.00
       5.919     0.956250         3723        22.86
       6.003     0.962500         3749        26.67
       6.075     0.968750         3772        32.00
       6.143     0.971875         3786        35.56
       6.163     0.975000         3796        40.00
       6.207     0.978125         3809        45.71
       6.303     0.981250         3823        53.33
       6.375     0.984375         3833        64.00
       6.415     0.985938         3841        71.11
       6.475     0.987500         3845        80.00
       6.543     0.989062         3853        91.43
       6.615     0.990625         3857       106.67
       6.723     0.992188         3863       128.00
       6.751     0.992969         3866       142.22
       6.811     0.993750         3869       160.00
       6.827     0.994531         3872       182.86
       6.919     0.995313         3875       213.33
       6.931     0.996094         3878       256.00
       6.999     0.996484         3880       284.44
       7.055     0.996875         3881       320.00
       7.135     0.997266         3883       365.71
       7.299     0.997656         3884       426.67
       7.435     0.998047         3886       512.00
       7.535     0.998242         3887       568.89
       7.535     0.998437         3887       640.00
       7.571     0.998633         3888       731.43
       8.375     0.998828         3889       853.33
       8.543     0.999023         3891      1024.00
       8.543     0.999121         3891      1137.78
       8.543     0.999219         3891      1280.00
       8.543     0.999316         3891      1462.86
       8.543     0.999414         3891      1706.67
       8.799     0.999512         3892      2048.00
       8.799     0.999561         3892      2275.56
       8.799     0.999609         3892      2560.00
       8.799     0.999658         3892      2925.71
       8.799     0.999707         3892      3413.33
      10.447     0.999756         3893      4096.00
      10.447     1.000000         3893          inf
#[Mean    =        4.634, StdDeviation   =        0.683]
#[Max     =       10.440, Total count    =         3893]
#[Buckets =           27, SubBuckets     =         2048]
-----------------------------------------------------------------------
  5824 requests in 30.05s, 1.19MB read
  Socket errors: connect 0, read 0, write 0, timeout 9509
Requests/sec:    193.81  
Transfer/sec:     40.69KB
