Running 30s test @ http://node0.krisub-247336.ldos-ut-pg0.wisc.cloudlab.us:8080/wrk2-api/post/compose
  8 threads and 1000 connections

  Thread calibration: mean lat.: 5.072ms, rate sampling interval: 12ms
  Thread calibration: mean lat.: 4.784ms, rate sampling interval: 12ms
  Thread calibration: mean lat.: 4.982ms, rate sampling interval: 12ms
  Thread calibration: mean lat.: 5.023ms, rate sampling interval: 12ms
  Thread calibration: mean lat.: 4.715ms, rate sampling interval: 11ms
  Thread calibration: mean lat.: 4.692ms, rate sampling interval: 11ms
  Thread calibration: mean lat.: 5.104ms, rate sampling interval: 12ms
  Thread calibration: mean lat.: 5.477ms, rate sampling interval: 12ms
Logging function completed.

-----------------------------------------------------------------------
Test Results @ http://node0.krisub-247336.ldos-ut-pg0.wisc.cloudlab.us:8080/wrk2-api/post/compose 
  Thread Stats   Avg      Stdev     99%   +/- Stdev
    Latency     4.54ms  710.95us   6.57ms   73.19%
    Req/Sec    25.42     47.14   181.00     74.77%
  Latency Distribution (HdrHistogram - Recorded Latency)
 50.000%    4.37ms
 75.000%    4.93ms
 90.000%    5.50ms
 99.000%    6.57ms
 99.900%    9.02ms
 99.990%   11.00ms
 99.999%   11.00ms
100.000%   11.00ms

  Detailed Percentile spectrum:
       Value   Percentile   TotalCount 1/(1-Percentile)

       3.275     0.000000            1         1.00
       3.803     0.100000          395         1.11
       3.967     0.200000          782         1.25
       4.089     0.300000         1175         1.43
       4.211     0.400000         1565         1.67
       4.367     0.500000         1953         2.00
       4.455     0.550000         2152         2.22
       4.555     0.600000         2346         2.50
       4.679     0.650000         2545         2.86
       4.791     0.700000         2734         3.33
       4.935     0.750000         2928         4.00
       5.003     0.775000         3025         4.44
       5.083     0.800000         3129         5.00
       5.159     0.825000         3220         5.71
       5.271     0.850000         3323         6.67
       5.383     0.875000         3418         8.00
       5.435     0.887500         3465         8.89
       5.503     0.900000         3513        10.00
       5.563     0.912500         3562        11.43
       5.639     0.925000         3611        13.33
       5.731     0.937500         3660        16.00
       5.795     0.943750         3683        17.78
       5.859     0.950000         3708        20.00
       5.911     0.956250         3733        22.86
       5.971     0.962500         3756        26.67
       6.067     0.968750         3781        32.00
       6.139     0.971875         3793        35.56
       6.191     0.975000         3805        40.00
       6.239     0.978125         3817        45.71
       6.287     0.981250         3830        53.33
       6.391     0.984375         3842        64.00
       6.459     0.985938         3848        71.11
       6.499     0.987500         3854        80.00
       6.551     0.989062         3861        91.43
       6.615     0.990625         3866       106.67
       6.659     0.992188         3872       128.00
       6.731     0.992969         3875       142.22
       6.871     0.993750         3878       160.00
       6.903     0.994531         3881       182.86
       7.331     0.995313         3884       213.33
       7.403     0.996094         3887       256.00
       7.491     0.996484         3889       284.44
       7.495     0.996875         3890       320.00
       7.639     0.997266         3892       365.71
       7.903     0.997656         3893       426.67
       8.335     0.998047         3895       512.00
       8.631     0.998242         3896       568.89
       8.631     0.998437         3896       640.00
       8.839     0.998633         3897       731.43
       9.023     0.998828         3898       853.33
       9.055     0.999023         3899      1024.00
       9.055     0.999121         3899      1137.78
       9.055     0.999219         3899      1280.00
       9.447     0.999316         3900      1462.86
       9.447     0.999414         3900      1706.67
       9.783     0.999512         3901      2048.00
       9.783     0.999561         3901      2275.56
       9.783     0.999609         3901      2560.00
       9.783     0.999658         3901      2925.71
       9.783     0.999707         3901      3413.33
      10.999     0.999756         3902      4096.00
      10.999     1.000000         3902          inf
#[Mean    =        4.538, StdDeviation   =        0.711]
#[Max     =       10.992, Total count    =         3902]
#[Buckets =           27, SubBuckets     =         2048]
-----------------------------------------------------------------------
  5854 requests in 30.13s, 1.20MB read
  Socket errors: connect 0, read 0, write 0, timeout 9581
Requests/sec:    194.31  
Transfer/sec:     40.80KB
