Running 30s test @ http://ms1311.utah.cloudlab.us:8080/wrk2-api/post/compose
  8 threads and 1000 connections

  Thread calibration: mean lat.: 13.053ms, rate sampling interval: 38ms
  Thread calibration: mean lat.: 12.826ms, rate sampling interval: 38ms
  Thread calibration: mean lat.: 13.396ms, rate sampling interval: 38ms
  Thread calibration: mean lat.: 12.876ms, rate sampling interval: 36ms
  Thread calibration: mean lat.: 13.481ms, rate sampling interval: 37ms
  Thread calibration: mean lat.: 13.816ms, rate sampling interval: 35ms
  Thread calibration: mean lat.: 13.331ms, rate sampling interval: 38ms
  Thread calibration: mean lat.: 13.510ms, rate sampling interval: 39ms
Logging function completed.

-----------------------------------------------------------------------
Test Results @ http://ms1311.utah.cloudlab.us:8080/wrk2-api/post/compose 
  Thread Stats   Avg      Stdev     99%   +/- Stdev
    Latency    14.36ms    8.52ms  34.72ms   94.66%
    Req/Sec    24.56     26.07   105.00     78.22%
  Latency Distribution (HdrHistogram - Recorded Latency)
 50.000%   12.96ms
 75.000%   16.23ms
 90.000%   19.69ms
 99.000%   34.72ms
 99.900%  137.60ms
 99.990%  168.45ms
 99.999%  168.45ms
100.000%  168.45ms

  Detailed Percentile spectrum:
       Value   Percentile   TotalCount 1/(1-Percentile)

       4.583     0.000000            1         1.00
       9.295     0.100000          391         1.11
      10.143     0.200000          782         1.25
      10.839     0.300000         1169         1.43
      11.759     0.400000         1560         1.67
      12.959     0.500000         1950         2.00
      13.551     0.550000         2145         2.22
      14.223     0.600000         2337         2.50
      14.951     0.650000         2539         2.86
      15.631     0.700000         2727         3.33
      16.231     0.750000         2923         4.00
      16.671     0.775000         3019         4.44
      17.151     0.800000         3118         5.00
      17.695     0.825000         3215         5.71
      18.255     0.850000         3315         6.67
      18.927     0.875000         3411         8.00
      19.279     0.887500         3457         8.89
      19.695     0.900000         3506        10.00
      20.255     0.912500         3555        11.43
      20.975     0.925000         3604        13.33
      21.839     0.937500         3652        16.00
      22.191     0.943750         3676        17.78
      22.735     0.950000         3701        20.00
      23.279     0.956250         3727        22.86
      23.839     0.962500         3749        26.67
      24.703     0.968750         3775        32.00
      25.199     0.971875         3787        35.56
      26.191     0.975000         3798        40.00
      27.231     0.978125         3810        45.71
      28.607     0.981250         3822        53.33
      29.951     0.984375         3835        64.00
      31.615     0.985938         3841        71.11
      32.303     0.987500         3847        80.00
      33.791     0.989062         3853        91.43
      36.351     0.990625         3859       106.67
      38.463     0.992188         3865       128.00
      39.391     0.992969         3868       142.22
      43.263     0.993750         3871       160.00
      44.319     0.994531         3874       182.86
      47.711     0.995313         3877       213.33
      79.295     0.996094         3880       256.00
      93.823     0.996484         3882       284.44
      96.831     0.996875         3883       320.00
      98.239     0.997266         3885       365.71
     108.735     0.997656         3886       426.67
     129.791     0.998047         3888       512.00
     131.839     0.998242         3889       568.89
     131.839     0.998437         3889       640.00
     135.807     0.998633         3890       731.43
     137.599     0.998828         3891       853.33
     139.519     0.999023         3892      1024.00
     139.519     0.999121         3892      1137.78
     139.519     0.999219         3892      1280.00
     143.615     0.999316         3893      1462.86
     143.615     0.999414         3893      1706.67
     156.159     0.999512         3894      2048.00
     156.159     0.999561         3894      2275.56
     156.159     0.999609         3894      2560.00
     156.159     0.999658         3894      2925.71
     156.159     0.999707         3894      3413.33
     168.447     0.999756         3895      4096.00
     168.447     1.000000         3895          inf
#[Mean    =       14.364, StdDeviation   =        8.517]
#[Max     =      168.320, Total count    =         3895]
#[Buckets =           27, SubBuckets     =         2048]
-----------------------------------------------------------------------
  5818 requests in 30.08s, 1.19MB read
  Socket errors: connect 0, read 0, write 0, timeout 9510
Requests/sec:    193.40  
Transfer/sec:     40.61KB
