Running 30s test @ http://ms1311.utah.cloudlab.us:8080/wrk2-api/post/compose
  8 threads and 1000 connections

  Thread calibration: mean lat.: 474.726ms, rate sampling interval: 2994ms
  Thread calibration: mean lat.: 446.098ms, rate sampling interval: 2977ms
  Thread calibration: mean lat.: 420.250ms, rate sampling interval: 1687ms
  Thread calibration: mean lat.: 416.551ms, rate sampling interval: 1464ms
  Thread calibration: mean lat.: 339.510ms, rate sampling interval: 1375ms
  Thread calibration: mean lat.: 341.890ms, rate sampling interval: 1193ms
  Thread calibration: mean lat.: 453.839ms, rate sampling interval: 2727ms
  Thread calibration: mean lat.: 298.142ms, rate sampling interval: 1175ms
Logging function completed.

-----------------------------------------------------------------------
Test Results @ http://ms1311.utah.cloudlab.us:8080/wrk2-api/post/compose 
  Thread Stats   Avg      Stdev     99%   +/- Stdev
    Latency   141.76ms  513.56ms   2.54s    95.86%
    Req/Sec    24.60      4.51    35.00     70.79%
  Latency Distribution (HdrHistogram - Recorded Latency)
 50.000%   15.45ms
 75.000%   60.77ms
 90.000%  284.67ms
 99.000%    2.54s 
 99.900%    6.46s 
 99.990%    7.05s 
 99.999%    7.05s 
100.000%    7.05s 

  Detailed Percentile spectrum:
       Value   Percentile   TotalCount 1/(1-Percentile)

       4.771     0.000000            1         1.00
       9.279     0.100000          397         1.11
      10.231     0.200000          797         1.25
      11.367     0.300000         1189         1.43
      13.239     0.400000         1584         1.67
      15.447     0.500000         1981         2.00
      16.783     0.550000         2179         2.22
      18.719     0.600000         2379         2.50
      22.511     0.650000         2575         2.86
      31.919     0.700000         2772         3.33
      60.831     0.750000         2970         4.00
      75.199     0.775000         3070         4.44
      98.047     0.800000         3168         5.00
     123.135     0.825000         3267         5.71
     161.663     0.850000         3366         6.67
     212.095     0.875000         3465         8.00
     246.271     0.887500         3514         8.89
     284.927     0.900000         3564        10.00
     336.895     0.912500         3616        11.43
     385.279     0.925000         3663        13.33
     440.575     0.937500         3712        16.00
     488.959     0.943750         3738        17.78
     577.535     0.950000         3762        20.00
     629.759     0.956250         3787        22.86
     709.631     0.962500         3812        26.67
     863.743     0.968750         3836        32.00
     959.999     0.971875         3848        35.56
    1117.183     0.975000         3861        40.00
    1467.391     0.978125         3873        45.71
    1863.679     0.981250         3885        53.33
    2226.175     0.984375         3898        64.00
    2310.143     0.985938         3904        71.11
    2441.215     0.987500         3911        80.00
    2521.087     0.989062         3916        91.43
    2551.807     0.990625         3922       106.67
    2637.823     0.992188         3929       128.00
    2750.463     0.992969         3932       142.22
    2854.911     0.993750         3935       160.00
    2942.975     0.994531         3938       182.86
    3041.279     0.995313         3941       213.33
    4468.735     0.996094         3944       256.00
    5267.455     0.996484         3946       284.44
    5615.615     0.996875         3947       320.00
    5955.583     0.997266         3949       365.71
    5959.679     0.997656         3950       426.67
    6131.711     0.998047         3952       512.00
    6447.103     0.998242         3953       568.89
    6447.103     0.998437         3953       640.00
    6459.391     0.998633         3955       731.43
    6459.391     0.998828         3955       853.33
    6651.903     0.999023         3956      1024.00
    6651.903     0.999121         3956      1137.78
    6651.903     0.999219         3956      1280.00
    6655.999     0.999316         3957      1462.86
    6655.999     0.999414         3957      1706.67
    6737.919     0.999512         3958      2048.00
    6737.919     0.999561         3958      2275.56
    6737.919     0.999609         3958      2560.00
    6737.919     0.999658         3958      2925.71
    6737.919     0.999707         3958      3413.33
    7049.215     0.999756         3959      4096.00
    7049.215     1.000000         3959          inf
#[Mean    =      141.765, StdDeviation   =      513.564]
#[Max     =     7045.120, Total count    =         3959]
#[Buckets =           27, SubBuckets     =         2048]
-----------------------------------------------------------------------
  5846 requests in 30.05s, 1.20MB read
  Socket errors: connect 0, read 0, write 0, timeout 9498
Requests/sec:    194.52  
Transfer/sec:     40.84KB
