Running 30s test @ http://node0.krisub-247336.ldos-ut-pg0.wisc.cloudlab.us:8080/wrk2-api/post/compose
  8 threads and 1000 connections

  Thread calibration: mean lat.: 5.159ms, rate sampling interval: 13ms
  Thread calibration: mean lat.: 4.857ms, rate sampling interval: 11ms
  Thread calibration: mean lat.: 4.967ms, rate sampling interval: 11ms
  Thread calibration: mean lat.: 4.932ms, rate sampling interval: 11ms
  Thread calibration: mean lat.: 5.556ms, rate sampling interval: 12ms
  Thread calibration: mean lat.: 4.910ms, rate sampling interval: 11ms
  Thread calibration: mean lat.: 5.095ms, rate sampling interval: 12ms
  Thread calibration: mean lat.: 4.954ms, rate sampling interval: 11ms
Logging function completed.

-----------------------------------------------------------------------
Test Results @ http://node0.krisub-247336.ldos-ut-pg0.wisc.cloudlab.us:8080/wrk2-api/post/compose 
  Thread Stats   Avg      Stdev     99%   +/- Stdev
    Latency     4.49ms  657.67us   6.39ms   72.10%
    Req/Sec    25.51     48.67   200.00     75.57%
  Latency Distribution (HdrHistogram - Recorded Latency)
 50.000%    4.34ms
 75.000%    4.84ms
 90.000%    5.41ms
 99.000%    6.39ms
 99.900%    7.69ms
 99.990%    9.82ms
 99.999%    9.82ms
100.000%    9.82ms

  Detailed Percentile spectrum:
       Value   Percentile   TotalCount 1/(1-Percentile)

       3.363     0.000000            1         1.00
       3.797     0.100000          394         1.11
       3.939     0.200000          782         1.25
       4.063     0.300000         1169         1.43
       4.191     0.400000         1567         1.67
       4.339     0.500000         1952         2.00
       4.427     0.550000         2154         2.22
       4.519     0.600000         2339         2.50
       4.615     0.650000         2539         2.86
       4.723     0.700000         2733         3.33
       4.843     0.750000         2926         4.00
       4.923     0.775000         3020         4.44
       4.999     0.800000         3118         5.00
       5.091     0.825000         3217         5.71
       5.171     0.850000         3313         6.67
       5.275     0.875000         3410         8.00
       5.323     0.887500         3458         8.89
       5.411     0.900000         3507        10.00
       5.479     0.912500         3556        11.43
       5.559     0.925000         3604        13.33
       5.655     0.937500         3653        16.00
       5.703     0.943750         3677        17.78
       5.755     0.950000         3702        20.00
       5.811     0.956250         3728        22.86
       5.875     0.962500         3751        26.67
       5.979     0.968750         3775        32.00
       6.019     0.971875         3788        35.56
       6.059     0.975000         3799        40.00
       6.127     0.978125         3811        45.71
       6.203     0.981250         3824        53.33
       6.259     0.984375         3836        64.00
       6.315     0.985938         3842        71.11
       6.335     0.987500         3849        80.00
       6.371     0.989062         3854        91.43
       6.439     0.990625         3860       106.67
       6.499     0.992188         3866       128.00
       6.523     0.992969         3869       142.22
       6.567     0.993750         3872       160.00
       6.591     0.994531         3875       182.86
       6.607     0.995313         3878       213.33
       6.627     0.996094         3881       256.00
       6.735     0.996484         3883       284.44
       6.747     0.996875         3884       320.00
       6.847     0.997266         3886       365.71
       6.871     0.997656         3887       426.67
       7.303     0.998047         3889       512.00
       7.575     0.998242         3890       568.89
       7.575     0.998437         3890       640.00
       7.599     0.998633         3891       731.43
       7.691     0.998828         3892       853.33
       8.043     0.999023         3893      1024.00
       8.043     0.999121         3893      1137.78
       8.043     0.999219         3893      1280.00
       8.167     0.999316         3894      1462.86
       8.167     0.999414         3894      1706.67
       9.271     0.999512         3895      2048.00
       9.271     0.999561         3895      2275.56
       9.271     0.999609         3895      2560.00
       9.271     0.999658         3895      2925.71
       9.271     0.999707         3895      3413.33
       9.823     0.999756         3896      4096.00
       9.823     1.000000         3896          inf
#[Mean    =        4.489, StdDeviation   =        0.658]
#[Max     =        9.816, Total count    =         3896]
#[Buckets =           27, SubBuckets     =         2048]
-----------------------------------------------------------------------
  5827 requests in 30.05s, 1.19MB read
  Socket errors: connect 0, read 0, write 0, timeout 9510
Requests/sec:    193.93  
Transfer/sec:     40.72KB
