Running 30s test @ http://node0.krisub-247336.ldos-ut-pg0.wisc.cloudlab.us:8080/wrk2-api/post/compose
  8 threads and 1000 connections

  Thread calibration: mean lat.: 4.910ms, rate sampling interval: 11ms
  Thread calibration: mean lat.: 5.216ms, rate sampling interval: 13ms
  Thread calibration: mean lat.: 4.858ms, rate sampling interval: 11ms
  Thread calibration: mean lat.: 4.847ms, rate sampling interval: 11ms
  Thread calibration: mean lat.: 4.931ms, rate sampling interval: 11ms
  Thread calibration: mean lat.: 5.592ms, rate sampling interval: 12ms
  Thread calibration: mean lat.: 4.925ms, rate sampling interval: 11ms
  Thread calibration: mean lat.: 4.914ms, rate sampling interval: 11ms
Logging function completed.

-----------------------------------------------------------------------
Test Results @ http://node0.krisub-247336.ldos-ut-pg0.wisc.cloudlab.us:8080/wrk2-api/post/compose 
  Thread Stats   Avg      Stdev     99%   +/- Stdev
    Latency     4.69ms  700.21us   6.69ms   71.35%
    Req/Sec    25.43     48.25   200.00     75.56%
  Latency Distribution (HdrHistogram - Recorded Latency)
 50.000%    4.58ms
 75.000%    5.07ms
 90.000%    5.60ms
 99.000%    6.69ms
 99.900%    8.41ms
 99.990%   12.44ms
 99.999%   12.44ms
100.000%   12.44ms

  Detailed Percentile spectrum:
       Value   Percentile   TotalCount 1/(1-Percentile)

       3.369     0.000000            1         1.00
       3.919     0.100000          392         1.11
       4.107     0.200000          790         1.25
       4.271     0.300000         1177         1.43
       4.427     0.400000         1561         1.67
       4.579     0.500000         1956         2.00
       4.655     0.550000         2145         2.22
       4.751     0.600000         2345         2.50
       4.855     0.650000         2541         2.86
       4.963     0.700000         2731         3.33
       5.075     0.750000         2925         4.00
       5.139     0.775000         3024         4.44
       5.211     0.800000         3122         5.00
       5.303     0.825000         3223         5.71
       5.391     0.850000         3315         6.67
       5.491     0.875000         3414         8.00
       5.547     0.887500         3465         8.89
       5.599     0.900000         3510        10.00
       5.663     0.912500         3558        11.43
       5.747     0.925000         3608        13.33
       5.847     0.937500         3657        16.00
       5.887     0.943750         3680        17.78
       5.935     0.950000         3710        20.00
       5.983     0.956250         3729        22.86
       6.079     0.962500         3753        26.67
       6.183     0.968750         3778        32.00
       6.231     0.971875         3791        35.56
       6.283     0.975000         3804        40.00
       6.339     0.978125         3814        45.71
       6.391     0.981250         3826        53.33
       6.503     0.984375         3839        64.00
       6.575     0.985938         3845        71.11
       6.623     0.987500         3851        80.00
       6.651     0.989062         3857        91.43
       6.727     0.990625         3863       106.67
       6.759     0.992188         3869       128.00
       6.775     0.992969         3872       142.22
       6.923     0.993750         3875       160.00
       7.091     0.994531         3878       182.86
       7.179     0.995313         3881       213.33
       7.271     0.996094         3884       256.00
       7.347     0.996484         3886       284.44
       7.395     0.996875         3887       320.00
       7.567     0.997266         3889       365.71
       7.783     0.997656         3890       426.67
       7.963     0.998047         3892       512.00
       8.247     0.998242         3893       568.89
       8.247     0.998437         3893       640.00
       8.303     0.998633         3894       731.43
       8.415     0.998828         3895       853.33
       8.687     0.999023         3896      1024.00
       8.687     0.999121         3896      1137.78
       8.687     0.999219         3896      1280.00
      10.287     0.999316         3897      1462.86
      10.287     0.999414         3897      1706.67
      10.351     0.999512         3898      2048.00
      10.351     0.999561         3898      2275.56
      10.351     0.999609         3898      2560.00
      10.351     0.999658         3898      2925.71
      10.351     0.999707         3898      3413.33
      12.439     0.999756         3899      4096.00
      12.439     1.000000         3899          inf
#[Mean    =        4.693, StdDeviation   =        0.700]
#[Max     =       12.432, Total count    =         3899]
#[Buckets =           27, SubBuckets     =         2048]
-----------------------------------------------------------------------
  5805 requests in 30.12s, 1.19MB read
  Socket errors: connect 0, read 0, write 0, timeout 9508
Requests/sec:    192.71  
Transfer/sec:     40.46KB
