Running 30s test @ http://ms1311.utah.cloudlab.us:8080/wrk2-api/post/compose
  8 threads and 1000 connections

  Thread calibration: mean lat.: 14.525ms, rate sampling interval: 42ms
  Thread calibration: mean lat.: 14.712ms, rate sampling interval: 42ms
  Thread calibration: mean lat.: 15.060ms, rate sampling interval: 42ms
  Thread calibration: mean lat.: 14.801ms, rate sampling interval: 42ms
  Thread calibration: mean lat.: 13.957ms, rate sampling interval: 40ms
  Thread calibration: mean lat.: 14.729ms, rate sampling interval: 42ms
  Thread calibration: mean lat.: 15.517ms, rate sampling interval: 43ms
  Thread calibration: mean lat.: 14.720ms, rate sampling interval: 43ms
Logging function completed.

-----------------------------------------------------------------------
Test Results @ http://ms1311.utah.cloudlab.us:8080/wrk2-api/post/compose 
  Thread Stats   Avg      Stdev     99%   +/- Stdev
    Latency    15.64ms    5.78ms  35.49ms   80.07%
    Req/Sec    24.44     24.20    97.00     89.69%
  Latency Distribution (HdrHistogram - Recorded Latency)
 50.000%   14.61ms
 75.000%   18.21ms
 90.000%   22.05ms
 99.000%   35.49ms
 99.900%   64.06ms
 99.990%   81.86ms
 99.999%   81.86ms
100.000%   81.86ms

  Detailed Percentile spectrum:
       Value   Percentile   TotalCount 1/(1-Percentile)

       5.499     0.000000            1         1.00
      10.055     0.100000          391         1.11
      11.231     0.200000          783         1.25
      12.207     0.300000         1168         1.43
      13.359     0.400000         1558         1.67
      14.615     0.500000         1947         2.00
      15.271     0.550000         2144         2.22
      15.927     0.600000         2336         2.50
      16.655     0.650000         2533         2.86
      17.375     0.700000         2729         3.33
      18.207     0.750000         2924         4.00
      18.703     0.775000         3021         4.44
      19.087     0.800000         3118         5.00
      19.727     0.825000         3214         5.71
      20.463     0.850000         3311         6.67
      21.167     0.875000         3409         8.00
      21.487     0.887500         3456         8.89
      22.047     0.900000         3504        10.00
      22.799     0.912500         3553        11.43
      23.423     0.925000         3602        13.33
      24.463     0.937500         3650        16.00
      24.959     0.943750         3675        17.78
      25.311     0.950000         3699        20.00
      25.839     0.956250         3723        22.86
      26.591     0.962500         3748        26.67
      27.423     0.968750         3773        32.00
      27.935     0.971875         3784        35.56
      28.847     0.975000         3796        40.00
      30.431     0.978125         3808        45.71
      31.439     0.981250         3821        53.33
      33.279     0.984375         3833        64.00
      33.631     0.985938         3840        71.11
      34.111     0.987500         3845        80.00
      35.071     0.989062         3851        91.43
      35.583     0.990625         3857       106.67
      36.639     0.992188         3863       128.00
      37.055     0.992969         3866       142.22
      37.311     0.993750         3869       160.00
      38.495     0.994531         3872       182.86
      38.911     0.995313         3875       213.33
      39.423     0.996094         3878       256.00
      44.927     0.996484         3880       284.44
      45.919     0.996875         3881       320.00
      48.511     0.997266         3883       365.71
      52.671     0.997656         3884       426.67
      55.263     0.998047         3886       512.00
      60.575     0.998242         3887       568.89
      60.575     0.998437         3887       640.00
      61.919     0.998633         3888       731.43
      64.063     0.998828         3889       853.33
      66.623     0.999023         3890      1024.00
      66.623     0.999121         3890      1137.78
      66.623     0.999219         3890      1280.00
      68.223     0.999316         3891      1462.86
      68.223     0.999414         3891      1706.67
      68.415     0.999512         3892      2048.00
      68.415     0.999561         3892      2275.56
      68.415     0.999609         3892      2560.00
      68.415     0.999658         3892      2925.71
      68.415     0.999707         3892      3413.33
      81.855     0.999756         3893      4096.00
      81.855     1.000000         3893          inf
#[Mean    =       15.643, StdDeviation   =        5.780]
#[Max     =       81.792, Total count    =         3893]
#[Buckets =           27, SubBuckets     =         2048]
-----------------------------------------------------------------------
  5824 requests in 30.09s, 1.19MB read
  Socket errors: connect 0, read 0, write 0, timeout 9521
Requests/sec:    193.58  
Transfer/sec:     40.64KB
