Running 30s test @ http://ms1311.utah.cloudlab.us:8080/wrk2-api/post/compose
  8 threads and 1000 connections

  Thread calibration: mean lat.: 16.263ms, rate sampling interval: 42ms
  Thread calibration: mean lat.: 16.725ms, rate sampling interval: 41ms
  Thread calibration: mean lat.: 15.845ms, rate sampling interval: 44ms
  Thread calibration: mean lat.: 21.008ms, rate sampling interval: 47ms
  Thread calibration: mean lat.: 15.639ms, rate sampling interval: 43ms
  Thread calibration: mean lat.: 17.155ms, rate sampling interval: 39ms
  Thread calibration: mean lat.: 15.832ms, rate sampling interval: 41ms
  Thread calibration: mean lat.: 17.444ms, rate sampling interval: 45ms
Logging function completed.

-----------------------------------------------------------------------
Test Results @ http://ms1311.utah.cloudlab.us:8080/wrk2-api/post/compose 
  Thread Stats   Avg      Stdev     99%   +/- Stdev
    Latency    14.83ms    5.16ms  32.06ms   78.42%
    Req/Sec    24.50     24.14    97.00     87.07%
  Latency Distribution (HdrHistogram - Recorded Latency)
 50.000%   13.59ms
 75.000%   17.20ms
 90.000%   21.20ms
 99.000%   32.06ms
 99.900%   47.78ms
 99.990%   78.65ms
 99.999%   78.65ms
100.000%   78.65ms

  Detailed Percentile spectrum:
       Value   Percentile   TotalCount 1/(1-Percentile)

       5.143     0.000000            1         1.00
       9.911     0.100000          392         1.11
      10.831     0.200000          783         1.25
      11.623     0.300000         1176         1.43
      12.543     0.400000         1562         1.67
      13.591     0.500000         1952         2.00
      14.215     0.550000         2147         2.22
      14.807     0.600000         2344         2.50
      15.519     0.650000         2537         2.86
      16.431     0.700000         2733         3.33
      17.199     0.750000         2929         4.00
      17.663     0.775000         3030         4.44
      18.191     0.800000         3122         5.00
      18.895     0.825000         3220         5.71
      19.519     0.850000         3321         6.67
      20.319     0.875000         3417         8.00
      20.687     0.887500         3464         8.89
      21.199     0.900000         3513        10.00
      21.903     0.912500         3563        11.43
      22.687     0.925000         3610        13.33
      23.327     0.937500         3659        16.00
      23.759     0.943750         3684        17.78
      24.159     0.950000         3707        20.00
      24.767     0.956250         3733        22.86
      25.631     0.962500         3756        26.67
      26.447     0.968750         3781        32.00
      27.055     0.971875         3793        35.56
      27.567     0.975000         3806        40.00
      28.015     0.978125         3817        45.71
      28.543     0.981250         3829        53.33
      30.207     0.984375         3842        64.00
      30.895     0.985938         3848        71.11
      31.407     0.987500         3854        80.00
      31.999     0.989062         3860        91.43
      32.607     0.990625         3866       106.67
      33.663     0.992188         3872       128.00
      34.175     0.992969         3875       142.22
      34.623     0.993750         3878       160.00
      35.007     0.994531         3881       182.86
      35.391     0.995313         3884       213.33
      38.111     0.996094         3887       256.00
      38.271     0.996484         3889       284.44
      38.335     0.996875         3891       320.00
      38.527     0.997266         3892       365.71
      38.655     0.997656         3893       426.67
      39.167     0.998047         3895       512.00
      39.903     0.998242         3896       568.89
      39.903     0.998437         3896       640.00
      40.799     0.998633         3897       731.43
      47.775     0.998828         3898       853.33
      48.159     0.999023         3899      1024.00
      48.159     0.999121         3899      1137.78
      48.159     0.999219         3899      1280.00
      57.599     0.999316         3900      1462.86
      57.599     0.999414         3900      1706.67
      57.759     0.999512         3901      2048.00
      57.759     0.999561         3901      2275.56
      57.759     0.999609         3901      2560.00
      57.759     0.999658         3901      2925.71
      57.759     0.999707         3901      3413.33
      78.655     0.999756         3902      4096.00
      78.655     1.000000         3902          inf
#[Mean    =       14.833, StdDeviation   =        5.157]
#[Max     =       78.592, Total count    =         3902]
#[Buckets =           27, SubBuckets     =         2048]
-----------------------------------------------------------------------
  5856 requests in 30.11s, 1.20MB read
  Socket errors: connect 0, read 0, write 0, timeout 9482
Requests/sec:    194.47  
Transfer/sec:     40.83KB
