Running 30s test @ http://node0.krisub-247336.ldos-ut-pg0.wisc.cloudlab.us:8080/wrk2-api/post/compose
  8 threads and 1000 connections

  Thread calibration: mean lat.: 5.184ms, rate sampling interval: 12ms
  Thread calibration: mean lat.: 5.215ms, rate sampling interval: 12ms
  Thread calibration: mean lat.: 5.157ms, rate sampling interval: 12ms
  Thread calibration: mean lat.: 5.744ms, rate sampling interval: 14ms
  Thread calibration: mean lat.: 5.196ms, rate sampling interval: 12ms
  Thread calibration: mean lat.: 5.215ms, rate sampling interval: 12ms
  Thread calibration: mean lat.: 5.825ms, rate sampling interval: 13ms
  Thread calibration: mean lat.: 5.180ms, rate sampling interval: 12ms
Logging function completed.

-----------------------------------------------------------------------
Test Results @ http://node0.krisub-247336.ldos-ut-pg0.wisc.cloudlab.us:8080/wrk2-api/post/compose 
  Thread Stats   Avg      Stdev     99%   +/- Stdev
    Latency     4.87ms  624.78us   6.88ms   75.81%
    Req/Sec    25.40     46.63   181.00     75.68%
  Latency Distribution (HdrHistogram - Recorded Latency)
 50.000%    4.72ms
 75.000%    5.15ms
 90.000%    5.70ms
 99.000%    6.88ms
 99.900%    7.98ms
 99.990%   11.28ms
 99.999%   11.28ms
100.000%   11.28ms

  Detailed Percentile spectrum:
       Value   Percentile   TotalCount 1/(1-Percentile)

       3.617     0.000000            1         1.00
       4.243     0.100000          392         1.11
       4.391     0.200000          794         1.25
       4.499     0.300000         1180         1.43
       4.619     0.400000         1565         1.67
       4.723     0.500000         1954         2.00
       4.795     0.550000         2146         2.22
       4.867     0.600000         2354         2.50
       4.935     0.650000         2536         2.86
       5.043     0.700000         2732         3.33
       5.151     0.750000         2933         4.00
       5.215     0.775000         3025         4.44
       5.279     0.800000         3129         5.00
       5.363     0.825000         3223         5.71
       5.455     0.850000         3315         6.67
       5.559     0.875000         3413         8.00
       5.623     0.887500         3462         8.89
       5.699     0.900000         3511        10.00
       5.763     0.912500         3558        11.43
       5.839     0.925000         3607        13.33
       5.959     0.937500         3656        16.00
       6.023     0.943750         3680        17.78
       6.115     0.950000         3705        20.00
       6.187     0.956250         3729        22.86
       6.243     0.962500         3753        26.67
       6.335     0.968750         3779        32.00
       6.379     0.971875         3790        35.56
       6.439     0.975000         3802        40.00
       6.547     0.978125         3815        45.71
       6.615     0.981250         3826        53.33
       6.679     0.984375         3840        64.00
       6.723     0.985938         3845        71.11
       6.743     0.987500         3851        80.00
       6.803     0.989062         3857        91.43
       6.915     0.990625         3863       106.67
       6.959     0.992188         3869       128.00
       6.995     0.992969         3872       142.22
       7.047     0.993750         3875       160.00
       7.087     0.994531         3878       182.86
       7.235     0.995313         3881       213.33
       7.347     0.996094         3884       256.00
       7.395     0.996484         3886       284.44
       7.399     0.996875         3887       320.00
       7.427     0.997266         3889       365.71
       7.439     0.997656         3890       426.67
       7.731     0.998047         3892       512.00
       7.771     0.998242         3893       568.89
       7.771     0.998437         3893       640.00
       7.783     0.998633         3894       731.43
       7.979     0.998828         3895       853.33
       8.511     0.999023         3896      1024.00
       8.511     0.999121         3896      1137.78
       8.511     0.999219         3896      1280.00
       9.551     0.999316         3897      1462.86
       9.551     0.999414         3897      1706.67
      10.007     0.999512         3898      2048.00
      10.007     0.999561         3898      2275.56
      10.007     0.999609         3898      2560.00
      10.007     0.999658         3898      2925.71
      10.007     0.999707         3898      3413.33
      11.279     0.999756         3899      4096.00
      11.279     1.000000         3899          inf
#[Mean    =        4.869, StdDeviation   =        0.625]
#[Max     =       11.272, Total count    =         3899]
#[Buckets =           27, SubBuckets     =         2048]
-----------------------------------------------------------------------
  5805 requests in 30.10s, 1.19MB read
  Socket errors: connect 0, read 0, write 0, timeout 9508
Requests/sec:    192.87  
Transfer/sec:     40.49KB
