Running 30s test @ http://ms1311.utah.cloudlab.us:8080/wrk2-api/post/compose
  8 threads and 1000 connections

  Thread calibration: mean lat.: 18.948ms, rate sampling interval: 45ms
  Thread calibration: mean lat.: 14.424ms, rate sampling interval: 40ms
  Thread calibration: mean lat.: 16.742ms, rate sampling interval: 49ms
  Thread calibration: mean lat.: 16.271ms, rate sampling interval: 43ms
  Thread calibration: mean lat.: 15.026ms, rate sampling interval: 42ms
  Thread calibration: mean lat.: 17.198ms, rate sampling interval: 43ms
  Thread calibration: mean lat.: 17.275ms, rate sampling interval: 47ms
  Thread calibration: mean lat.: 15.995ms, rate sampling interval: 43ms
Logging function completed.

-----------------------------------------------------------------------
Test Results @ http://ms1311.utah.cloudlab.us:8080/wrk2-api/post/compose 
  Thread Stats   Avg      Stdev     99%   +/- Stdev
    Latency    14.42ms    5.13ms  31.57ms   78.59%
    Req/Sec    24.50     23.86    95.00     87.94%
  Latency Distribution (HdrHistogram - Recorded Latency)
 50.000%   13.11ms
 75.000%   16.80ms
 90.000%   20.91ms
 99.000%   31.57ms
 99.900%   44.45ms
 99.990%   68.99ms
 99.999%   68.99ms
100.000%   68.99ms

  Detailed Percentile spectrum:
       Value   Percentile   TotalCount 1/(1-Percentile)

       5.611     0.000000            1         1.00
       9.607     0.100000          392         1.11
      10.391     0.200000          786         1.25
      11.143     0.300000         1173         1.43
      12.047     0.400000         1562         1.67
      13.111     0.500000         1948         2.00
      13.671     0.550000         2146         2.22
      14.311     0.600000         2339         2.50
      15.071     0.650000         2535         2.86
      15.847     0.700000         2729         3.33
      16.799     0.750000         2922         4.00
      17.407     0.775000         3025         4.44
      17.935     0.800000         3117         5.00
      18.559     0.825000         3216         5.71
      19.167     0.850000         3313         6.67
      19.983     0.875000         3410         8.00
      20.463     0.887500         3459         8.89
      20.911     0.900000         3507        10.00
      21.503     0.912500         3556        11.43
      22.191     0.925000         3605        13.33
      23.039     0.937500         3653        16.00
      23.471     0.943750         3678        17.78
      24.015     0.950000         3702        20.00
      24.527     0.956250         3726        22.86
      25.247     0.962500         3751        26.67
      26.111     0.968750         3776        32.00
      26.575     0.971875         3787        35.56
      27.055     0.975000         3799        40.00
      28.223     0.978125         3811        45.71
      28.751     0.981250         3823        53.33
      29.727     0.984375         3837        64.00
      29.983     0.985938         3842        71.11
      30.495     0.987500         3849        80.00
      31.215     0.989062         3854        91.43
      31.855     0.990625         3860       106.67
      32.895     0.992188         3866       128.00
      33.599     0.992969         3869       142.22
      34.495     0.993750         3872       160.00
      34.943     0.994531         3875       182.86
      35.135     0.995313         3878       213.33
      37.311     0.996094         3881       256.00
      37.471     0.996484         3883       284.44
      37.855     0.996875         3884       320.00
      39.295     0.997266         3886       365.71
      39.711     0.997656         3887       426.67
      40.255     0.998047         3889       512.00
      40.607     0.998242         3890       568.89
      40.607     0.998437         3890       640.00
      42.111     0.998633         3891       731.43
      44.447     0.998828         3892       853.33
      49.151     0.999023         3893      1024.00
      49.151     0.999121         3893      1137.78
      49.151     0.999219         3893      1280.00
      50.367     0.999316         3894      1462.86
      50.367     0.999414         3894      1706.67
      55.615     0.999512         3895      2048.00
      55.615     0.999561         3895      2275.56
      55.615     0.999609         3895      2560.00
      55.615     0.999658         3895      2925.71
      55.615     0.999707         3895      3413.33
      68.991     0.999756         3896      4096.00
      68.991     1.000000         3896          inf
#[Mean    =       14.416, StdDeviation   =        5.135]
#[Max     =       68.928, Total count    =         3896]
#[Buckets =           27, SubBuckets     =         2048]
-----------------------------------------------------------------------
  5845 requests in 30.04s, 1.20MB read
  Socket errors: connect 0, read 0, write 0, timeout 9501
Requests/sec:    194.57  
Transfer/sec:     40.85KB
