Running 30s test @ http://ms1311.utah.cloudlab.us:8080/wrk2-api/post/compose
  8 threads and 1000 connections

  Thread calibration: mean lat.: 14.873ms, rate sampling interval: 42ms
  Thread calibration: mean lat.: 15.060ms, rate sampling interval: 44ms
  Thread calibration: mean lat.: 14.077ms, rate sampling interval: 41ms
  Thread calibration: mean lat.: 14.516ms, rate sampling interval: 43ms
  Thread calibration: mean lat.: 13.915ms, rate sampling interval: 40ms
  Thread calibration: mean lat.: 14.252ms, rate sampling interval: 43ms
  Thread calibration: mean lat.: 14.028ms, rate sampling interval: 41ms
  Thread calibration: mean lat.: 14.049ms, rate sampling interval: 43ms
Logging function completed.

-----------------------------------------------------------------------
Test Results @ http://ms1311.utah.cloudlab.us:8080/wrk2-api/post/compose 
  Thread Stats   Avg      Stdev     99%   +/- Stdev
    Latency    15.80ms    5.67ms  34.30ms   74.19%
    Req/Sec    24.50     24.45    95.00     86.78%
  Latency Distribution (HdrHistogram - Recorded Latency)
 50.000%   14.67ms
 75.000%   18.80ms
 90.000%   23.12ms
 99.000%   34.30ms
 99.900%   45.41ms
 99.990%   50.11ms
 99.999%   50.11ms
100.000%   50.11ms

  Detailed Percentile spectrum:
       Value   Percentile   TotalCount 1/(1-Percentile)

       5.515     0.000000            1         1.00
       9.951     0.100000          390         1.11
      11.111     0.200000          780         1.25
      12.071     0.300000         1171         1.43
      13.343     0.400000         1561         1.67
      14.671     0.500000         1949         2.00
      15.359     0.550000         2146         2.22
      16.031     0.600000         2342         2.50
      16.831     0.650000         2534         2.86
      17.839     0.700000         2731         3.33
      18.799     0.750000         2926         4.00
      19.263     0.775000         3028         4.44
      19.711     0.800000         3119         5.00
      20.543     0.825000         3216         5.71
      21.295     0.850000         3316         6.67
      22.175     0.875000         3411         8.00
      22.607     0.887500         3461         8.89
      23.119     0.900000         3509        10.00
      23.775     0.912500         3557        11.43
      24.495     0.925000         3607        13.33
      25.231     0.937500         3657        16.00
      25.727     0.943750         3679        17.78
      26.351     0.950000         3705        20.00
      26.911     0.956250         3728        22.86
      27.439     0.962500         3752        26.67
      28.367     0.968750         3777        32.00
      28.783     0.971875         3789        35.56
      29.343     0.975000         3801        40.00
      30.351     0.978125         3813        45.71
      31.103     0.981250         3825        53.33
      32.015     0.984375         3838        64.00
      32.687     0.985938         3844        71.11
      33.183     0.987500         3850        80.00
      34.079     0.989062         3856        91.43
      34.687     0.990625         3862       106.67
      35.615     0.992188         3868       128.00
      36.703     0.992969         3871       142.22
      37.247     0.993750         3874       160.00
      39.167     0.994531         3877       182.86
      40.159     0.995313         3880       213.33
      40.895     0.996094         3884       256.00
      41.279     0.996484         3885       284.44
      41.791     0.996875         3886       320.00
      42.559     0.997266         3888       365.71
      42.623     0.997656         3889       426.67
      44.447     0.998047         3891       512.00
      44.639     0.998242         3892       568.89
      44.639     0.998437         3892       640.00
      45.023     0.998633         3893       731.43
      45.407     0.998828         3894       853.33
      48.831     0.999023         3895      1024.00
      48.831     0.999121         3895      1137.78
      48.831     0.999219         3895      1280.00
      48.895     0.999316         3896      1462.86
      48.895     0.999414         3896      1706.67
      48.991     0.999512         3897      2048.00
      48.991     0.999561         3897      2275.56
      48.991     0.999609         3897      2560.00
      48.991     0.999658         3897      2925.71
      48.991     0.999707         3897      3413.33
      50.111     0.999756         3898      4096.00
      50.111     1.000000         3898          inf
#[Mean    =       15.795, StdDeviation   =        5.675]
#[Max     =       50.080, Total count    =         3898]
#[Buckets =           27, SubBuckets     =         2048]
-----------------------------------------------------------------------
  5846 requests in 30.09s, 1.20MB read
  Socket errors: connect 0, read 0, write 0, timeout 9508
Requests/sec:    194.28  
Transfer/sec:     40.79KB
