Running 30s test @ http://ms1311.utah.cloudlab.us:8080/wrk2-api/post/compose
  8 threads and 1000 connections

  Thread calibration: mean lat.: 14.596ms, rate sampling interval: 41ms
  Thread calibration: mean lat.: 14.255ms, rate sampling interval: 42ms
  Thread calibration: mean lat.: 14.870ms, rate sampling interval: 40ms
  Thread calibration: mean lat.: 14.799ms, rate sampling interval: 41ms
  Thread calibration: mean lat.: 15.297ms, rate sampling interval: 41ms
  Thread calibration: mean lat.: 15.314ms, rate sampling interval: 45ms
  Thread calibration: mean lat.: 14.374ms, rate sampling interval: 40ms
  Thread calibration: mean lat.: 14.572ms, rate sampling interval: 39ms
Logging function completed.

-----------------------------------------------------------------------
Test Results @ http://ms1311.utah.cloudlab.us:8080/wrk2-api/post/compose 
  Thread Stats   Avg      Stdev     99%   +/- Stdev
    Latency    14.90ms    4.95ms  31.42ms   74.61%
    Req/Sec    24.56     25.03   100.00     87.41%
  Latency Distribution (HdrHistogram - Recorded Latency)
 50.000%   13.82ms
 75.000%   17.58ms
 90.000%   21.68ms
 99.000%   31.42ms
 99.900%   38.14ms
 99.990%   42.24ms
 99.999%   42.24ms
100.000%   42.24ms

  Detailed Percentile spectrum:
       Value   Percentile   TotalCount 1/(1-Percentile)

       5.535     0.000000            1         1.00
       9.903     0.100000          392         1.11
      10.775     0.200000          780         1.25
      11.543     0.300000         1171         1.43
      12.575     0.400000         1558         1.67
      13.823     0.500000         1948         2.00
      14.511     0.550000         2145         2.22
      15.199     0.600000         2337         2.50
      15.919     0.650000         2534         2.86
      16.735     0.700000         2729         3.33
      17.583     0.750000         2925         4.00
      18.015     0.775000         3020         4.44
      18.543     0.800000         3116         5.00
      19.071     0.825000         3214         5.71
      19.727     0.850000         3311         6.67
      20.559     0.875000         3409         8.00
      21.183     0.887500         3457         8.89
      21.679     0.900000         3506        10.00
      22.095     0.912500         3557        11.43
      22.591     0.925000         3604        13.33
      23.455     0.937500         3652        16.00
      23.775     0.943750         3676        17.78
      24.079     0.950000         3701        20.00
      24.735     0.956250         3725        22.86
      25.535     0.962500         3749        26.67
      26.095     0.968750         3774        32.00
      26.607     0.971875         3787        35.56
      26.991     0.975000         3798        40.00
      27.711     0.978125         3810        45.71
      28.383     0.981250         3822        53.33
      29.087     0.984375         3835        64.00
      29.407     0.985938         3841        71.11
      29.791     0.987500         3847        80.00
      30.639     0.989062         3853        91.43
      31.487     0.990625         3859       106.67
      31.839     0.992188         3865       128.00
      32.447     0.992969         3868       142.22
      32.735     0.993750         3871       160.00
      33.631     0.994531         3874       182.86
      34.495     0.995313         3877       213.33
      34.719     0.996094         3880       256.00
      34.783     0.996484         3882       284.44
      34.847     0.996875         3883       320.00
      35.167     0.997266         3885       365.71
      35.199     0.997656         3886       426.67
      36.703     0.998047         3888       512.00
      37.279     0.998242         3889       568.89
      37.279     0.998437         3889       640.00
      38.079     0.998633         3890       731.43
      38.143     0.998828         3891       853.33
      38.463     0.999023         3892      1024.00
      38.463     0.999121         3892      1137.78
      38.463     0.999219         3892      1280.00
      38.911     0.999316         3893      1462.86
      38.911     0.999414         3893      1706.67
      39.679     0.999512         3894      2048.00
      39.679     0.999561         3894      2275.56
      39.679     0.999609         3894      2560.00
      39.679     0.999658         3894      2925.71
      39.679     0.999707         3894      3413.33
      42.239     0.999756         3895      4096.00
      42.239     1.000000         3895          inf
#[Mean    =       14.900, StdDeviation   =        4.949]
#[Max     =       42.208, Total count    =         3895]
#[Buckets =           27, SubBuckets     =         2048]
-----------------------------------------------------------------------
  5840 requests in 30.06s, 1.20MB read
  Socket errors: connect 0, read 0, write 0, timeout 9508
Requests/sec:    194.27  
Transfer/sec:     40.79KB
