Running 30s test @ http://ms1311.utah.cloudlab.us:8080/wrk2-api/post/compose
  8 threads and 1000 connections

  Thread calibration: mean lat.: 14.140ms, rate sampling interval: 41ms
  Thread calibration: mean lat.: 14.684ms, rate sampling interval: 41ms
  Thread calibration: mean lat.: 13.834ms, rate sampling interval: 41ms
  Thread calibration: mean lat.: 13.487ms, rate sampling interval: 40ms
  Thread calibration: mean lat.: 14.693ms, rate sampling interval: 43ms
  Thread calibration: mean lat.: 14.350ms, rate sampling interval: 42ms
  Thread calibration: mean lat.: 14.139ms, rate sampling interval: 39ms
  Thread calibration: mean lat.: 13.616ms, rate sampling interval: 39ms
Logging function completed.

-----------------------------------------------------------------------
Test Results @ http://ms1311.utah.cloudlab.us:8080/wrk2-api/post/compose 
  Thread Stats   Avg      Stdev     99%   +/- Stdev
    Latency    15.60ms    5.57ms  33.60ms   75.38%
    Req/Sec    24.59     24.71   100.00     86.48%
  Latency Distribution (HdrHistogram - Recorded Latency)
 50.000%   14.24ms
 75.000%   18.42ms
 90.000%   22.99ms
 99.000%   33.60ms
 99.900%   44.10ms
 99.990%   59.58ms
 99.999%   59.58ms
100.000%   59.58ms

  Detailed Percentile spectrum:
       Value   Percentile   TotalCount 1/(1-Percentile)

       6.175     0.000000            1         1.00
      10.023     0.100000          392         1.11
      11.023     0.200000          784         1.25
      11.943     0.300000         1172         1.43
      12.975     0.400000         1562         1.67
      14.239     0.500000         1952         2.00
      15.047     0.550000         2148         2.22
      15.799     0.600000         2344         2.50
      16.575     0.650000         2541         2.86
      17.439     0.700000         2736         3.33
      18.415     0.750000         2929         4.00
      18.959     0.775000         3029         4.44
      19.615     0.800000         3127         5.00
      20.207     0.825000         3221         5.71
      21.023     0.850000         3322         6.67
      21.871     0.875000         3418         8.00
      22.335     0.887500         3466         8.89
      22.991     0.900000         3515        10.00
      23.647     0.912500         3563        11.43
      24.431     0.925000         3613        13.33
      25.231     0.937500         3661        16.00
      25.647     0.943750         3685        17.78
      26.159     0.950000         3709        20.00
      27.279     0.956250         3734        22.86
      27.999     0.962500         3758        26.67
      28.863     0.968750         3783        32.00
      29.391     0.971875         3795        35.56
      29.823     0.975000         3808        40.00
      30.351     0.978125         3820        45.71
      30.863     0.981250         3831        53.33
      31.711     0.984375         3843        64.00
      32.031     0.985938         3850        71.11
      32.623     0.987500         3856        80.00
      33.503     0.989062         3862        91.43
      34.047     0.990625         3868       106.67
      34.431     0.992188         3874       128.00
      34.783     0.992969         3877       142.22
      34.943     0.993750         3880       160.00
      35.455     0.994531         3883       182.86
      35.583     0.995313         3887       213.33
      36.415     0.996094         3889       256.00
      36.639     0.996484         3891       284.44
      36.927     0.996875         3892       320.00
      38.111     0.997266         3894       365.71
      38.239     0.997656         3895       426.67
      40.959     0.998047         3897       512.00
      42.175     0.998242         3898       568.89
      42.175     0.998437         3898       640.00
      43.039     0.998633         3899       731.43
      44.095     0.998828         3900       853.33
      45.183     0.999023         3901      1024.00
      45.183     0.999121         3901      1137.78
      45.183     0.999219         3901      1280.00
      50.815     0.999316         3902      1462.86
      50.815     0.999414         3902      1706.67
      54.431     0.999512         3903      2048.00
      54.431     0.999561         3903      2275.56
      54.431     0.999609         3903      2560.00
      54.431     0.999658         3903      2925.71
      54.431     0.999707         3903      3413.33
      59.583     0.999756         3904      4096.00
      59.583     1.000000         3904          inf
#[Mean    =       15.598, StdDeviation   =        5.566]
#[Max     =       59.552, Total count    =         3904]
#[Buckets =           27, SubBuckets     =         2048]
-----------------------------------------------------------------------
  5862 requests in 30.12s, 1.20MB read
  Socket errors: connect 0, read 0, write 0, timeout 9568
Requests/sec:    194.61  
Transfer/sec:     40.86KB
