Running 30s test @ http://ms1311.utah.cloudlab.us:8080/wrk2-api/post/compose
  8 threads and 1000 connections

  Thread calibration: mean lat.: 14.566ms, rate sampling interval: 41ms
  Thread calibration: mean lat.: 13.952ms, rate sampling interval: 38ms
  Thread calibration: mean lat.: 13.843ms, rate sampling interval: 38ms
  Thread calibration: mean lat.: 14.265ms, rate sampling interval: 41ms
  Thread calibration: mean lat.: 14.046ms, rate sampling interval: 39ms
  Thread calibration: mean lat.: 14.395ms, rate sampling interval: 40ms
  Thread calibration: mean lat.: 14.392ms, rate sampling interval: 41ms
  Thread calibration: mean lat.: 14.214ms, rate sampling interval: 39ms
Logging function completed.

-----------------------------------------------------------------------
Test Results @ http://ms1311.utah.cloudlab.us:8080/wrk2-api/post/compose 
  Thread Stats   Avg      Stdev     99%   +/- Stdev
    Latency    15.67ms    4.97ms  31.84ms   73.63%
    Req/Sec    24.61     25.67   102.00     85.76%
  Latency Distribution (HdrHistogram - Recorded Latency)
 50.000%   14.69ms
 75.000%   18.35ms
 90.000%   22.27ms
 99.000%   31.84ms
 99.900%   39.46ms
 99.990%   42.97ms
 99.999%   42.97ms
100.000%   42.97ms

  Detailed Percentile spectrum:
       Value   Percentile   TotalCount 1/(1-Percentile)

       5.811     0.000000            1         1.00
      10.423     0.100000          391         1.11
      11.407     0.200000          782         1.25
      12.391     0.300000         1172         1.43
      13.599     0.400000         1564         1.67
      14.695     0.500000         1950         2.00
      15.439     0.550000         2145         2.22
      16.231     0.600000         2339         2.50
      16.943     0.650000         2534         2.86
      17.599     0.700000         2731         3.33
      18.351     0.750000         2928         4.00
      18.751     0.775000         3025         4.44
      19.279     0.800000         3122         5.00
      19.791     0.825000         3218         5.71
      20.335     0.850000         3314         6.67
      21.151     0.875000         3411         8.00
      21.679     0.887500         3460         8.89
      22.271     0.900000         3510        10.00
      22.687     0.912500         3558        11.43
      23.279     0.925000         3606        13.33
      24.127     0.937500         3655        16.00
      24.495     0.943750         3679        17.78
      24.927     0.950000         3705        20.00
      25.423     0.956250         3728        22.86
      25.871     0.962500         3752        26.67
      26.607     0.968750         3777        32.00
      27.039     0.971875         3789        35.56
      27.567     0.975000         3801        40.00
      27.983     0.978125         3813        45.71
      28.623     0.981250         3826        53.33
      29.199     0.984375         3838        64.00
      29.839     0.985938         3844        71.11
      30.991     0.987500         3850        80.00
      31.519     0.989062         3856        91.43
      32.559     0.990625         3862       106.67
      33.183     0.992188         3868       128.00
      33.759     0.992969         3871       142.22
      34.143     0.993750         3874       160.00
      34.783     0.994531         3878       182.86
      35.135     0.995313         3880       213.33
      35.967     0.996094         3883       256.00
      36.767     0.996484         3885       284.44
      36.991     0.996875         3886       320.00
      37.695     0.997266         3888       365.71
      37.727     0.997656         3889       426.67
      38.463     0.998047         3891       512.00
      38.847     0.998242         3892       568.89
      38.847     0.998437         3892       640.00
      39.231     0.998633         3893       731.43
      39.455     0.998828         3894       853.33
      39.903     0.999023         3895      1024.00
      39.903     0.999121         3895      1137.78
      39.903     0.999219         3895      1280.00
      40.671     0.999316         3896      1462.86
      40.671     0.999414         3896      1706.67
      42.687     0.999512         3897      2048.00
      42.687     0.999561         3897      2275.56
      42.687     0.999609         3897      2560.00
      42.687     0.999658         3897      2925.71
      42.687     0.999707         3897      3413.33
      42.975     0.999756         3898      4096.00
      42.975     1.000000         3898          inf
#[Mean    =       15.670, StdDeviation   =        4.970]
#[Max     =       42.944, Total count    =         3898]
#[Buckets =           27, SubBuckets     =         2048]
-----------------------------------------------------------------------
  5893 requests in 30.02s, 1.21MB read
  Socket errors: connect 0, read 0, write 0, timeout 9428
Requests/sec:    196.27  
Transfer/sec:     41.21KB
