Running 30s test @ http://node0.krisub-247336.ldos-ut-pg0.wisc.cloudlab.us:8080/wrk2-api/post/compose
  8 threads and 1000 connections

  Thread calibration: mean lat.: 4.946ms, rate sampling interval: 11ms
  Thread calibration: mean lat.: 4.946ms, rate sampling interval: 11ms
  Thread calibration: mean lat.: 4.963ms, rate sampling interval: 11ms
  Thread calibration: mean lat.: 4.968ms, rate sampling interval: 11ms
  Thread calibration: mean lat.: 4.947ms, rate sampling interval: 11ms
  Thread calibration: mean lat.: 4.919ms, rate sampling interval: 11ms
  Thread calibration: mean lat.: 5.710ms, rate sampling interval: 13ms
  Thread calibration: mean lat.: 5.213ms, rate sampling interval: 13ms
Logging function completed.

-----------------------------------------------------------------------
Test Results @ http://node0.krisub-247336.ldos-ut-pg0.wisc.cloudlab.us:8080/wrk2-api/post/compose 
  Thread Stats   Avg      Stdev     99%   +/- Stdev
    Latency     4.94ms  748.49us   7.06ms   79.84%
    Req/Sec    25.50     48.01   200.00     75.37%
  Latency Distribution (HdrHistogram - Recorded Latency)
 50.000%    4.78ms
 75.000%    5.24ms
 90.000%    5.87ms
 99.000%    7.06ms
 99.900%   10.26ms
 99.990%   18.82ms
 99.999%   18.82ms
100.000%   18.82ms

  Detailed Percentile spectrum:
       Value   Percentile   TotalCount 1/(1-Percentile)

       3.643     0.000000            1         1.00
       4.247     0.100000          390         1.11
       4.407     0.200000          785         1.25
       4.527     0.300000         1176         1.43
       4.651     0.400000         1564         1.67
       4.783     0.500000         1958         2.00
       4.851     0.550000         2149         2.22
       4.923     0.600000         2344         2.50
       5.019     0.650000         2537         2.86
       5.127     0.700000         2735         3.33
       5.243     0.750000         2929         4.00
       5.311     0.775000         3022         4.44
       5.403     0.800000         3120         5.00
       5.503     0.825000         3219         5.71
       5.591     0.850000         3315         6.67
       5.707     0.875000         3415         8.00
       5.771     0.887500         3462         8.89
       5.867     0.900000         3511        10.00
       5.939     0.912500         3560        11.43
       6.023     0.925000         3608        13.33
       6.131     0.937500         3657        16.00
       6.187     0.943750         3680        17.78
       6.267     0.950000         3705        20.00
       6.375     0.956250         3731        22.86
       6.451     0.962500         3753        26.67
       6.543     0.968750         3778        32.00
       6.583     0.971875         3791        35.56
       6.631     0.975000         3802        40.00
       6.691     0.978125         3814        45.71
       6.743     0.981250         3827        53.33
       6.815     0.984375         3839        64.00
       6.847     0.985938         3845        71.11
       6.931     0.987500         3851        80.00
       7.007     0.989062         3857        91.43
       7.119     0.990625         3863       106.67
       7.227     0.992188         3869       128.00
       7.331     0.992969         3872       142.22
       7.403     0.993750         3875       160.00
       7.419     0.994531         3878       182.86
       7.543     0.995313         3881       213.33
       7.943     0.996094         3884       256.00
       8.035     0.996484         3886       284.44
       8.279     0.996875         3887       320.00
       8.407     0.997266         3889       365.71
       8.431     0.997656         3890       426.67
       9.095     0.998047         3892       512.00
       9.287     0.998242         3893       568.89
       9.287     0.998437         3893       640.00
       9.863     0.998633         3894       731.43
      10.263     0.998828         3895       853.33
      12.567     0.999023         3896      1024.00
      12.567     0.999121         3896      1137.78
      12.567     0.999219         3896      1280.00
      13.095     0.999316         3897      1462.86
      13.095     0.999414         3897      1706.67
      14.487     0.999512         3898      2048.00
      14.487     0.999561         3898      2275.56
      14.487     0.999609         3898      2560.00
      14.487     0.999658         3898      2925.71
      14.487     0.999707         3898      3413.33
      18.815     0.999756         3899      4096.00
      18.815     1.000000         3899          inf
#[Mean    =        4.943, StdDeviation   =        0.748]
#[Max     =       18.800, Total count    =         3899]
#[Buckets =           27, SubBuckets     =         2048]
-----------------------------------------------------------------------
  5805 requests in 30.11s, 1.19MB read
  Socket errors: connect 0, read 0, write 0, timeout 9510
Requests/sec:    192.80  
Transfer/sec:     40.48KB
