Running 30s test @ http://node0.krisub-247336.ldos-ut-pg0.wisc.cloudlab.us:8080/wrk2-api/post/compose
  8 threads and 1000 connections

  Thread calibration: mean lat.: 5.213ms, rate sampling interval: 12ms
  Thread calibration: mean lat.: 5.173ms, rate sampling interval: 12ms
  Thread calibration: mean lat.: 5.254ms, rate sampling interval: 12ms
  Thread calibration: mean lat.: 5.158ms, rate sampling interval: 12ms
  Thread calibration: mean lat.: 5.437ms, rate sampling interval: 13ms
  Thread calibration: mean lat.: 5.918ms, rate sampling interval: 13ms
  Thread calibration: mean lat.: 5.290ms, rate sampling interval: 12ms
  Thread calibration: mean lat.: 5.221ms, rate sampling interval: 12ms
Logging function completed.

-----------------------------------------------------------------------
Test Results @ http://node0.krisub-247336.ldos-ut-pg0.wisc.cloudlab.us:8080/wrk2-api/post/compose 
  Thread Stats   Avg      Stdev     99%   +/- Stdev
    Latency     4.94ms  652.72us   7.07ms   75.42%
    Req/Sec    25.35     46.27   181.00     73.89%
  Latency Distribution (HdrHistogram - Recorded Latency)
 50.000%    4.82ms
 75.000%    5.24ms
 90.000%    5.77ms
 99.000%    7.07ms
 99.900%    8.28ms
 99.990%   10.30ms
 99.999%   10.30ms
100.000%   10.30ms

  Detailed Percentile spectrum:
       Value   Percentile   TotalCount 1/(1-Percentile)

       3.617     0.000000            1         1.00
       4.263     0.100000          392         1.11
       4.419     0.200000          782         1.25
       4.547     0.300000         1183         1.43
       4.687     0.400000         1568         1.67
       4.815     0.500000         1949         2.00
       4.887     0.550000         2147         2.22
       4.955     0.600000         2343         2.50
       5.035     0.650000         2534         2.86
       5.131     0.700000         2731         3.33
       5.243     0.750000         2931         4.00
       5.299     0.775000         3026         4.44
       5.363     0.800000         3120         5.00
       5.443     0.825000         3219         5.71
       5.531     0.850000         3315         6.67
       5.631     0.875000         3413         8.00
       5.695     0.887500         3463         8.89
       5.771     0.900000         3511        10.00
       5.831     0.912500         3557        11.43
       5.923     0.925000         3607        13.33
       6.047     0.937500         3655        16.00
       6.103     0.943750         3680        17.78
       6.159     0.950000         3704        20.00
       6.279     0.956250         3728        22.86
       6.391     0.962500         3752        26.67
       6.535     0.968750         3778        32.00
       6.587     0.971875         3789        35.56
       6.635     0.975000         3801        40.00
       6.731     0.978125         3813        45.71
       6.803     0.981250         3827        53.33
       6.887     0.984375         3838        64.00
       6.907     0.985938         3845        71.11
       6.947     0.987500         3850        80.00
       7.051     0.989062         3856        91.43
       7.127     0.990625         3863       106.67
       7.223     0.992188         3868       128.00
       7.283     0.992969         3871       142.22
       7.339     0.993750         3874       160.00
       7.407     0.994531         3877       182.86
       7.523     0.995313         3880       213.33
       7.579     0.996094         3883       256.00
       7.607     0.996484         3885       284.44
       7.635     0.996875         3886       320.00
       7.679     0.997266         3888       365.71
       7.695     0.997656         3889       426.67
       7.907     0.998047         3891       512.00
       7.931     0.998242         3892       568.89
       7.931     0.998437         3892       640.00
       8.027     0.998633         3893       731.43
       8.279     0.998828         3894       853.33
       8.311     0.999023         3895      1024.00
       8.311     0.999121         3895      1137.78
       8.311     0.999219         3895      1280.00
       8.471     0.999316         3896      1462.86
       8.471     0.999414         3896      1706.67
       9.303     0.999512         3897      2048.00
       9.303     0.999561         3897      2275.56
       9.303     0.999609         3897      2560.00
       9.303     0.999658         3897      2925.71
       9.303     0.999707         3897      3413.33
      10.295     0.999756         3898      4096.00
      10.295     1.000000         3898          inf
#[Mean    =        4.935, StdDeviation   =        0.653]
#[Max     =       10.288, Total count    =         3898]
#[Buckets =           27, SubBuckets     =         2048]
-----------------------------------------------------------------------
  5805 requests in 30.08s, 1.19MB read
  Socket errors: connect 0, read 0, write 0, timeout 9514
Requests/sec:    193.00  
Transfer/sec:     40.52KB
