Running 30s test @ http://ms1311.utah.cloudlab.us:8080/wrk2-api/post/compose
  8 threads and 1000 connections

  Thread calibration: mean lat.: 909.807ms, rate sampling interval: 3375ms
  Thread calibration: mean lat.: 946.267ms, rate sampling interval: 2951ms
  Thread calibration: mean lat.: 898.150ms, rate sampling interval: 3442ms
  Thread calibration: mean lat.: 837.838ms, rate sampling interval: 3278ms
  Thread calibration: mean lat.: 1150.530ms, rate sampling interval: 3592ms
  Thread calibration: mean lat.: 1193.654ms, rate sampling interval: 5869ms
  Thread calibration: mean lat.: 1471.365ms, rate sampling interval: 7020ms
  Thread calibration: mean lat.: 994.740ms, rate sampling interval: 3856ms
reconnect_socket
reconnect_socket
reconnect_socket
reconnect_socket
reconnect_socket
reconnect_socket
reconnect_socket
reconnect_socket
reconnect_socket
reconnect_socket
reconnect_socket
reconnect_socket
reconnect_socket
reconnect_socket
reconnect_socket
reconnect_socket
reconnect_socket
reconnect_socket
reconnect_socket
reconnect_socket
reconnect_socket
reconnect_socket
reconnect_socket
reconnect_socket
reconnect_socket
reconnect_socket
reconnect_socket
reconnect_socket
reconnect_socket
reconnect_socket
reconnect_socket
reconnect_socket
reconnect_socket
reconnect_socket
reconnect_socket
reconnect_socket
reconnect_socket
reconnect_socket
reconnect_socket
reconnect_socket
reconnect_socket
reconnect_socket
reconnect_socket
reconnect_socket
reconnect_socket
reconnect_socket
reconnect_socket
reconnect_socket
reconnect_socket
reconnect_socket
reconnect_socket
reconnect_socket
reconnect_socket
reconnect_socket
reconnect_socket
reconnect_socket
reconnect_socket
reconnect_socket
reconnect_socket
reconnect_socket
reconnect_socket
reconnect_socket
reconnect_socket
reconnect_socket
reconnect_socket
reconnect_socket
reconnect_socket
reconnect_socket
reconnect_socket
reconnect_socket
reconnect_socket
reconnect_socket
reconnect_socket
reconnect_socket
reconnect_socket
reconnect_socket
reconnect_socket
reconnect_socket
reconnect_socket
reconnect_socket
reconnect_socket
reconnect_socket
reconnect_socket
reconnect_socket
reconnect_socket
reconnect_socket
reconnect_socket
reconnect_socket
reconnect_socket
Logging function completed.

-----------------------------------------------------------------------
Test Results @ http://ms1311.utah.cloudlab.us:8080/wrk2-api/post/compose 
  Thread Stats   Avg      Stdev     99%   +/- Stdev
    Latency     7.68s     5.26s   19.74s    59.09%
    Req/Sec    16.30      3.18    25.00     81.08%
  Latency Distribution (HdrHistogram - Recorded Latency)
 50.000%   10.00s 
 75.000%   10.01s 
 90.000%   15.27s 
 99.000%   19.74s 
 99.900%   20.00s 
 99.990%   21.48s 
 99.999%   21.48s 
100.000%   21.48s 

  Detailed Percentile spectrum:
       Value   Percentile   TotalCount 1/(1-Percentile)

       5.803     0.000000            1         1.00
     993.279     0.100000          264         1.11
    1573.887     0.200000          527         1.25
    2996.223     0.300000          791         1.43
    6504.447     0.400000         1054         1.67
   10002.431     0.500000         1951         2.00
   10002.431     0.550000         1951         2.22
   10002.431     0.600000         1951         2.50
   10002.431     0.650000         1951         2.86
   10002.431     0.700000         1951         3.33
   10010.623     0.750000         2151         4.00
   10010.623     0.775000         2151         4.44
   10010.623     0.800000         2151         5.00
   10321.919     0.825000         2174         5.71
   11493.375     0.850000         2241         6.67
   13410.303     0.875000         2306         8.00
   14393.343     0.887500         2339         8.89
   15269.887     0.900000         2372        10.00
   15966.207     0.912500         2405        11.43
   16678.911     0.925000         2438        13.33
   17383.423     0.937500         2472        16.00
   17743.871     0.943750         2487        17.78
   17989.631     0.950000         2504        20.00
   18333.695     0.956250         2520        22.86
   18563.071     0.962500         2538        26.67
   18841.599     0.968750         2554        32.00
   18939.903     0.971875         2561        35.56
   19087.359     0.975000         2570        40.00
   19251.199     0.978125         2579        45.71
   19382.271     0.981250         2586        53.33
   19529.727     0.984375         2594        64.00
   19595.263     0.985938         2598        71.11
   19677.183     0.987500         2603        80.00
   19709.951     0.989062         2607        91.43
   19759.103     0.990625         2611       106.67
   19808.255     0.992188         2615       128.00
   19824.639     0.992969         2617       142.22
   19857.407     0.993750         2621       160.00
   19857.407     0.994531         2621       182.86
   19890.175     0.995313         2624       213.33
   19906.559     0.996094         2625       256.00
   19939.327     0.996484         2627       284.44
   19939.327     0.996875         2627       320.00
   19955.711     0.997266         2629       365.71
   19955.711     0.997656         2629       426.67
   19972.095     0.998047         2630       512.00
   20004.863     0.998242         2632       568.89
   20004.863     0.998437         2632       640.00
   20004.863     0.998633         2632       731.43
   20004.863     0.998828         2632       853.33
   20643.839     0.999023         2633      1024.00
   20643.839     0.999121         2633      1137.78
   20643.839     0.999219         2633      1280.00
   21184.511     0.999316         2634      1462.86
   21184.511     0.999414         2634      1706.67
   21184.511     0.999512         2634      2048.00
   21184.511     0.999561         2634      2275.56
   21184.511     0.999609         2634      2560.00
   21479.423     0.999658         2635      2925.71
   21479.423     1.000000         2635          inf
#[Mean    =     7681.318, StdDeviation   =     5264.685]
#[Max     =    21463.040, Total count    =         2635]
#[Buckets =           27, SubBuckets     =         2048]
-----------------------------------------------------------------------
  3414 requests in 30.12s, 840.50KB read
  Socket errors: connect 0, read 0, write 0, timeout 9583
  Non-2xx or 3xx responses: 1154
Requests/sec:    113.33  
Transfer/sec:     27.90KB
