Running 30s test @ http://node0.krisub-247336.ldos-ut-pg0.wisc.cloudlab.us:8080/wrk2-api/post/compose
  8 threads and 1000 connections

  Thread calibration: mean lat.: 4.616ms, rate sampling interval: 10ms
  Thread calibration: mean lat.: 4.811ms, rate sampling interval: 11ms
  Thread calibration: mean lat.: 4.640ms, rate sampling interval: 10ms
  Thread calibration: mean lat.: 4.691ms, rate sampling interval: 11ms
  Thread calibration: mean lat.: 4.740ms, rate sampling interval: 11ms
  Thread calibration: mean lat.: 4.759ms, rate sampling interval: 11ms
  Thread calibration: mean lat.: 5.208ms, rate sampling interval: 11ms
  Thread calibration: mean lat.: 4.651ms, rate sampling interval: 10ms
Logging function completed.

-----------------------------------------------------------------------
Test Results @ http://node0.krisub-247336.ldos-ut-pg0.wisc.cloudlab.us:8080/wrk2-api/post/compose 
  Thread Stats   Avg      Stdev     99%   +/- Stdev
    Latency     4.44ms  633.83us   6.22ms   81.50%
    Req/Sec    25.59     50.37   200.00     77.07%
  Latency Distribution (HdrHistogram - Recorded Latency)
 50.000%    4.35ms
 75.000%    4.68ms
 90.000%    5.11ms
 99.000%    6.22ms
 99.900%    9.36ms
 99.990%   20.94ms
 99.999%   20.94ms
100.000%   20.94ms

  Detailed Percentile spectrum:
       Value   Percentile   TotalCount 1/(1-Percentile)

       3.043     0.000000            1         1.00
       3.855     0.100000          395         1.11
       4.005     0.200000          784         1.25
       4.127     0.300000         1178         1.43
       4.235     0.400000         1573         1.67
       4.347     0.500000         1964         2.00
       4.395     0.550000         2150         2.22
       4.459     0.600000         2341         2.50
       4.515     0.650000         2537         2.86
       4.579     0.700000         2731         3.33
       4.675     0.750000         2934         4.00
       4.723     0.775000         3028         4.44
       4.783     0.800000         3121         5.00
       4.835     0.825000         3223         5.71
       4.919     0.850000         3315         6.67
       5.011     0.875000         3415         8.00
       5.055     0.887500         3460         8.89
       5.107     0.900000         3509        10.00
       5.183     0.912500         3557        11.43
       5.259     0.925000         3607        13.33
       5.343     0.937500         3655        16.00
       5.387     0.943750         3679        17.78
       5.459     0.950000         3706        20.00
       5.495     0.956250         3730        22.86
       5.563     0.962500         3753        26.67
       5.647     0.968750         3777        32.00
       5.691     0.971875         3790        35.56
       5.751     0.975000         3801        40.00
       5.819     0.978125         3814        45.71
       5.895     0.981250         3825        53.33
       5.963     0.984375         3838        64.00
       6.035     0.985938         3844        71.11
       6.111     0.987500         3850        80.00
       6.175     0.989062         3857        91.43
       6.311     0.990625         3862       106.67
       6.403     0.992188         3868       128.00
       6.475     0.992969         3871       142.22
       6.555     0.993750         3874       160.00
       6.631     0.994531         3877       182.86
       6.691     0.995313         3880       213.33
       6.739     0.996094         3883       256.00
       6.907     0.996484         3885       284.44
       6.975     0.996875         3886       320.00
       7.331     0.997266         3888       365.71
       7.379     0.997656         3889       426.67
       7.803     0.998047         3891       512.00
       7.903     0.998242         3892       568.89
       7.903     0.998437         3892       640.00
       8.679     0.998633         3893       731.43
       9.359     0.998828         3894       853.33
       9.663     0.999023         3895      1024.00
       9.663     0.999121         3895      1137.78
       9.663     0.999219         3895      1280.00
      12.047     0.999316         3896      1462.86
      12.047     0.999414         3896      1706.67
      12.439     0.999512         3897      2048.00
      12.439     0.999561         3897      2275.56
      12.439     0.999609         3897      2560.00
      12.439     0.999658         3897      2925.71
      12.439     0.999707         3897      3413.33
      20.943     0.999756         3898      4096.00
      20.943     1.000000         3898          inf
#[Mean    =        4.436, StdDeviation   =        0.634]
#[Max     =       20.928, Total count    =         3898]
#[Buckets =           27, SubBuckets     =         2048]
-----------------------------------------------------------------------
  5851 requests in 30.09s, 1.20MB read
  Socket errors: connect 0, read 0, write 0, timeout 9497
Requests/sec:    194.45  
Transfer/sec:     40.83KB
