Running 30s test @ http://ms1311.utah.cloudlab.us:8080/wrk2-api/post/compose
  8 threads and 1000 connections

  Thread calibration: mean lat.: 14.180ms, rate sampling interval: 39ms
  Thread calibration: mean lat.: 13.853ms, rate sampling interval: 40ms
  Thread calibration: mean lat.: 15.155ms, rate sampling interval: 43ms
  Thread calibration: mean lat.: 13.725ms, rate sampling interval: 39ms
  Thread calibration: mean lat.: 13.503ms, rate sampling interval: 38ms
  Thread calibration: mean lat.: 14.158ms, rate sampling interval: 41ms
  Thread calibration: mean lat.: 13.902ms, rate sampling interval: 39ms
  Thread calibration: mean lat.: 13.521ms, rate sampling interval: 40ms
Logging function completed.

-----------------------------------------------------------------------
Test Results @ http://ms1311.utah.cloudlab.us:8080/wrk2-api/post/compose 
  Thread Stats   Avg      Stdev     99%   +/- Stdev
    Latency    15.96ms    5.43ms  34.11ms   72.68%
    Req/Sec    24.56     25.08   102.00     82.77%
  Latency Distribution (HdrHistogram - Recorded Latency)
 50.000%   15.08ms
 75.000%   18.91ms
 90.000%   22.93ms
 99.000%   34.11ms
 99.900%   41.09ms
 99.990%   48.86ms
 99.999%   48.86ms
100.000%   48.86ms

  Detailed Percentile spectrum:
       Value   Percentile   TotalCount 1/(1-Percentile)

       5.267     0.000000            1         1.00
      10.215     0.100000          390         1.11
      11.303     0.200000          780         1.25
      12.375     0.300000         1172         1.43
      13.655     0.400000         1558         1.67
      15.079     0.500000         1947         2.00
      15.711     0.550000         2145         2.22
      16.479     0.600000         2337         2.50
      17.199     0.650000         2539         2.86
      17.999     0.700000         2726         3.33
      18.911     0.750000         2922         4.00
      19.391     0.775000         3021         4.44
      19.951     0.800000         3119         5.00
      20.671     0.825000         3214         5.71
      21.327     0.850000         3310         6.67
      22.015     0.875000         3410         8.00
      22.431     0.887500         3456         8.89
      22.927     0.900000         3505        10.00
      23.471     0.912500         3555        11.43
      24.079     0.925000         3603        13.33
      24.943     0.937500         3651        16.00
      25.279     0.943750         3678        17.78
      25.663     0.950000         3700        20.00
      26.367     0.956250         3724        22.86
      27.007     0.962500         3748        26.67
      27.759     0.968750         3773        32.00
      28.863     0.971875         3785        35.56
      29.519     0.975000         3797        40.00
      30.159     0.978125         3809        45.71
      30.975     0.981250         3821        53.33
      31.855     0.984375         3834        64.00
      32.799     0.985938         3840        71.11
      32.991     0.987500         3846        80.00
      33.951     0.989062         3852        91.43
      34.495     0.990625         3858       106.67
      35.263     0.992188         3864       128.00
      35.647     0.992969         3867       142.22
      36.191     0.993750         3870       160.00
      36.447     0.994531         3873       182.86
      37.023     0.995313         3876       213.33
      37.343     0.996094         3879       256.00
      38.175     0.996484         3881       284.44
      38.911     0.996875         3882       320.00
      39.167     0.997266         3884       365.71
      39.519     0.997656         3885       426.67
      39.839     0.998047         3887       512.00
      39.935     0.998242         3888       568.89
      39.935     0.998437         3888       640.00
      40.447     0.998633         3889       731.43
      41.087     0.998828         3890       853.33
      41.183     0.999023         3891      1024.00
      41.183     0.999121         3891      1137.78
      41.183     0.999219         3891      1280.00
      43.263     0.999316         3892      1462.86
      43.263     0.999414         3892      1706.67
      44.223     0.999512         3893      2048.00
      44.223     0.999561         3893      2275.56
      44.223     0.999609         3893      2560.00
      44.223     0.999658         3893      2925.71
      44.223     0.999707         3893      3413.33
      48.863     0.999756         3894      4096.00
      48.863     1.000000         3894          inf
#[Mean    =       15.958, StdDeviation   =        5.428]
#[Max     =       48.832, Total count    =         3894]
#[Buckets =           27, SubBuckets     =         2048]
-----------------------------------------------------------------------
  5842 requests in 30.05s, 1.20MB read
  Socket errors: connect 0, read 0, write 0, timeout 9506
Requests/sec:    194.43  
Transfer/sec:     40.82KB
