Running 30s test @ http://ms1311.utah.cloudlab.us:8080/wrk2-api/post/compose
  8 threads and 1000 connections

  Thread calibration: mean lat.: 15.029ms, rate sampling interval: 39ms
  Thread calibration: mean lat.: 16.976ms, rate sampling interval: 41ms
  Thread calibration: mean lat.: 17.820ms, rate sampling interval: 43ms
  Thread calibration: mean lat.: 16.808ms, rate sampling interval: 45ms
  Thread calibration: mean lat.: 15.265ms, rate sampling interval: 44ms
  Thread calibration: mean lat.: 14.806ms, rate sampling interval: 40ms
  Thread calibration: mean lat.: 17.892ms, rate sampling interval: 46ms
  Thread calibration: mean lat.: 21.112ms, rate sampling interval: 47ms
Logging function completed.

-----------------------------------------------------------------------
Test Results @ http://ms1311.utah.cloudlab.us:8080/wrk2-api/post/compose 
  Thread Stats   Avg      Stdev     99%   +/- Stdev
    Latency    18.27ms   11.65ms  69.57ms   90.89%
    Req/Sec    24.47     25.02   102.00     87.15%
  Latency Distribution (HdrHistogram - Recorded Latency)
 50.000%   15.31ms
 75.000%   20.17ms
 90.000%   28.06ms
 99.000%   69.57ms
 99.900%  107.33ms
 99.990%  158.72ms
 99.999%  158.72ms
100.000%  158.72ms

  Detailed Percentile spectrum:
       Value   Percentile   TotalCount 1/(1-Percentile)

       5.367     0.000000            1         1.00
      10.023     0.100000          390         1.11
      11.311     0.200000          782         1.25
      12.423     0.300000         1171         1.43
      13.727     0.400000         1560         1.67
      15.311     0.500000         1951         2.00
      16.175     0.550000         2144         2.22
      16.991     0.600000         2341         2.50
      17.871     0.650000         2535         2.86
      18.879     0.700000         2729         3.33
      20.175     0.750000         2925         4.00
      20.799     0.775000         3021         4.44
      21.615     0.800000         3120         5.00
      22.559     0.825000         3216         5.71
      23.775     0.850000         3315         6.67
      25.455     0.875000         3410         8.00
      26.511     0.887500         3459         8.89
      28.079     0.900000         3508        10.00
      29.615     0.912500         3557        11.43
      32.351     0.925000         3605        13.33
      34.943     0.937500         3654        16.00
      36.575     0.943750         3678        17.78
      38.719     0.950000         3703        20.00
      41.727     0.956250         3727        22.86
      45.023     0.962500         3751        26.67
      49.503     0.968750         3776        32.00
      51.551     0.971875         3788        35.56
      54.335     0.975000         3800        40.00
      56.831     0.978125         3812        45.71
      58.975     0.981250         3824        53.33
      62.367     0.984375         3837        64.00
      64.671     0.985938         3844        71.11
      65.919     0.987500         3850        80.00
      67.007     0.989062         3855        91.43
      70.463     0.990625         3861       106.67
      74.303     0.992188         3867       128.00
      76.351     0.992969         3870       142.22
      82.431     0.993750         3873       160.00
      83.647     0.994531         3877       182.86
      84.223     0.995313         3879       213.33
      86.655     0.996094         3882       256.00
      89.919     0.996484         3884       284.44
      90.431     0.996875         3885       320.00
      92.351     0.997266         3887       365.71
      93.503     0.997656         3888       426.67
      95.295     0.998047         3890       512.00
      96.511     0.998242         3891       568.89
      96.511     0.998437         3891       640.00
     107.135     0.998633         3892       731.43
     107.327     0.998828         3893       853.33
     112.191     0.999023         3894      1024.00
     112.191     0.999121         3894      1137.78
     112.191     0.999219         3894      1280.00
     115.263     0.999316         3895      1462.86
     115.263     0.999414         3895      1706.67
     119.167     0.999512         3896      2048.00
     119.167     0.999561         3896      2275.56
     119.167     0.999609         3896      2560.00
     119.167     0.999658         3896      2925.71
     119.167     0.999707         3896      3413.33
     158.719     0.999756         3897      4096.00
     158.719     1.000000         3897          inf
#[Mean    =       18.269, StdDeviation   =       11.654]
#[Max     =      158.592, Total count    =         3897]
#[Buckets =           27, SubBuckets     =         2048]
-----------------------------------------------------------------------
  5815 requests in 30.12s, 1.19MB read
  Socket errors: connect 0, read 0, write 0, timeout 9669
Requests/sec:    193.03  
Transfer/sec:     40.53KB
