Running 30s test @ http://ms1311.utah.cloudlab.us:8080/wrk2-api/post/compose
  8 threads and 1000 connections

  Thread calibration: mean lat.: 14.299ms, rate sampling interval: 40ms
  Thread calibration: mean lat.: 14.576ms, rate sampling interval: 44ms
  Thread calibration: mean lat.: 14.563ms, rate sampling interval: 42ms
  Thread calibration: mean lat.: 14.605ms, rate sampling interval: 41ms
  Thread calibration: mean lat.: 14.466ms, rate sampling interval: 40ms
  Thread calibration: mean lat.: 14.581ms, rate sampling interval: 43ms
  Thread calibration: mean lat.: 14.591ms, rate sampling interval: 42ms
  Thread calibration: mean lat.: 14.423ms, rate sampling interval: 41ms
Logging function completed.

-----------------------------------------------------------------------
Test Results @ http://ms1311.utah.cloudlab.us:8080/wrk2-api/post/compose 
  Thread Stats   Avg      Stdev     99%   +/- Stdev
    Latency    15.59ms    5.14ms  30.94ms   73.26%
    Req/Sec    24.52     24.64   100.00     89.63%
  Latency Distribution (HdrHistogram - Recorded Latency)
 50.000%   14.68ms
 75.000%   18.42ms
 90.000%   22.35ms
 99.000%   30.94ms
 99.900%   43.01ms
 99.990%   52.67ms
 99.999%   52.67ms
100.000%   52.67ms

  Detailed Percentile spectrum:
       Value   Percentile   TotalCount 1/(1-Percentile)

       6.623     0.000000            1         1.00
      10.295     0.100000          391         1.11
      11.143     0.200000          780         1.25
      12.031     0.300000         1171         1.43
      13.231     0.400000         1559         1.67
      14.679     0.500000         1947         2.00
      15.383     0.550000         2142         2.22
      16.071     0.600000         2337         2.50
      16.815     0.650000         2532         2.86
      17.535     0.700000         2728         3.33
      18.415     0.750000         2920         4.00
      18.911     0.775000         3023         4.44
      19.439     0.800000         3117         5.00
      20.031     0.825000         3212         5.71
      20.671     0.850000         3310         6.67
      21.487     0.875000         3408         8.00
      21.919     0.887500         3460         8.89
      22.351     0.900000         3507        10.00
      22.943     0.912500         3554        11.43
      23.503     0.925000         3602        13.33
      24.223     0.937500         3650        16.00
      24.639     0.943750         3675        17.78
      25.087     0.950000         3699        20.00
      25.679     0.956250         3723        22.86
      26.431     0.962500         3749        26.67
      26.991     0.968750         3772        32.00
      27.343     0.971875         3784        35.56
      27.647     0.975000         3796        40.00
      27.967     0.978125         3808        45.71
      28.687     0.981250         3822        53.33
      29.839     0.984375         3833        64.00
      30.127     0.985938         3840        71.11
      30.399     0.987500         3845        80.00
      30.735     0.989062         3852        91.43
      31.439     0.990625         3857       106.67
      32.271     0.992188         3863       128.00
      32.799     0.992969         3866       142.22
      33.311     0.993750         3869       160.00
      34.527     0.994531         3872       182.86
      35.327     0.995313         3875       213.33
      35.967     0.996094         3878       256.00
      36.255     0.996484         3880       284.44
      37.023     0.996875         3881       320.00
      37.567     0.997266         3883       365.71
      37.663     0.997656         3884       426.67
      38.655     0.998047         3886       512.00
      39.487     0.998242         3887       568.89
      39.487     0.998437         3887       640.00
      42.815     0.998633         3888       731.43
      43.007     0.998828         3889       853.33
      46.847     0.999023         3890      1024.00
      46.847     0.999121         3890      1137.78
      46.847     0.999219         3890      1280.00
      47.295     0.999316         3891      1462.86
      47.295     0.999414         3891      1706.67
      51.871     0.999512         3892      2048.00
      51.871     0.999561         3892      2275.56
      51.871     0.999609         3892      2560.00
      51.871     0.999658         3892      2925.71
      51.871     0.999707         3892      3413.33
      52.671     0.999756         3893      4096.00
      52.671     1.000000         3893          inf
#[Mean    =       15.592, StdDeviation   =        5.142]
#[Max     =       52.640, Total count    =         3893]
#[Buckets =           27, SubBuckets     =         2048]
-----------------------------------------------------------------------
  5820 requests in 30.03s, 1.19MB read
  Socket errors: connect 0, read 0, write 0, timeout 9507
Requests/sec:    193.80  
Transfer/sec:     40.69KB
