Running 30s test @ http://ms1311.utah.cloudlab.us:8080/wrk2-api/post/compose
  8 threads and 1000 connections

  Thread calibration: mean lat.: 13.954ms, rate sampling interval: 41ms
  Thread calibration: mean lat.: 13.065ms, rate sampling interval: 39ms
  Thread calibration: mean lat.: 13.781ms, rate sampling interval: 39ms
  Thread calibration: mean lat.: 13.767ms, rate sampling interval: 40ms
  Thread calibration: mean lat.: 13.736ms, rate sampling interval: 41ms
  Thread calibration: mean lat.: 12.955ms, rate sampling interval: 36ms
  Thread calibration: mean lat.: 14.252ms, rate sampling interval: 39ms
  Thread calibration: mean lat.: 13.649ms, rate sampling interval: 37ms
Logging function completed.

-----------------------------------------------------------------------
Test Results @ http://ms1311.utah.cloudlab.us:8080/wrk2-api/post/compose 
  Thread Stats   Avg      Stdev     99%   +/- Stdev
    Latency    15.75ms    5.69ms  36.00ms   76.68%
    Req/Sec    24.55     24.68   102.00     82.10%
  Latency Distribution (HdrHistogram - Recorded Latency)
 50.000%   14.51ms
 75.000%   18.43ms
 90.000%   22.94ms
 99.000%   36.00ms
 99.900%   47.33ms
 99.990%   54.91ms
 99.999%   54.91ms
100.000%   54.91ms

  Detailed Percentile spectrum:
       Value   Percentile   TotalCount 1/(1-Percentile)

       5.027     0.000000            1         1.00
      10.111     0.100000          390         1.11
      11.167     0.200000          781         1.25
      12.151     0.300000         1171         1.43
      13.295     0.400000         1558         1.67
      14.511     0.500000         1947         2.00
      15.119     0.550000         2142         2.22
      15.927     0.600000         2337         2.50
      16.671     0.650000         2533         2.86
      17.487     0.700000         2727         3.33
      18.431     0.750000         2920         4.00
      18.911     0.775000         3019         4.44
      19.551     0.800000         3116         5.00
      20.239     0.825000         3214         5.71
      20.991     0.850000         3311         6.67
      21.855     0.875000         3408         8.00
      22.383     0.887500         3456         8.89
      22.943     0.900000         3504        10.00
      23.695     0.912500         3553        11.43
      24.383     0.925000         3602        13.33
      25.071     0.937500         3651        16.00
      25.551     0.943750         3676        17.78
      26.223     0.950000         3699        20.00
      26.655     0.956250         3723        22.86
      27.631     0.962500         3748        26.67
      28.815     0.968750         3772        32.00
      29.695     0.971875         3784        35.56
      30.447     0.975000         3796        40.00
      31.279     0.978125         3808        45.71
      32.015     0.981250         3821        53.33
      33.023     0.984375         3833        64.00
      34.367     0.985938         3839        71.11
      34.719     0.987500         3845        80.00
      35.679     0.989062         3851        91.43
      36.351     0.990625         3857       106.67
      37.247     0.992188         3863       128.00
      38.591     0.992969         3866       142.22
      39.039     0.993750         3869       160.00
      39.359     0.994531         3872       182.86
      39.999     0.995313         3875       213.33
      40.447     0.996094         3878       256.00
      40.927     0.996484         3880       284.44
      41.503     0.996875         3881       320.00
      42.111     0.997266         3883       365.71
      42.303     0.997656         3885       426.67
      43.647     0.998047         3886       512.00
      44.863     0.998242         3887       568.89
      44.863     0.998437         3887       640.00
      45.279     0.998633         3888       731.43
      47.327     0.998828         3889       853.33
      48.447     0.999023         3890      1024.00
      48.447     0.999121         3890      1137.78
      48.447     0.999219         3890      1280.00
      49.087     0.999316         3891      1462.86
      49.087     0.999414         3891      1706.67
      49.311     0.999512         3892      2048.00
      49.311     0.999561         3892      2275.56
      49.311     0.999609         3892      2560.00
      49.311     0.999658         3892      2925.71
      49.311     0.999707         3892      3413.33
      54.911     0.999756         3893      4096.00
      54.911     1.000000         3893          inf
#[Mean    =       15.747, StdDeviation   =        5.695]
#[Max     =       54.880, Total count    =         3893]
#[Buckets =           27, SubBuckets     =         2048]
-----------------------------------------------------------------------
  5819 requests in 30.06s, 1.19MB read
  Socket errors: connect 0, read 0, write 0, timeout 9503
Requests/sec:    193.57  
Transfer/sec:     40.64KB
