Running 30s test @ http://ms1311.utah.cloudlab.us:8080/wrk2-api/post/compose
  8 threads and 1000 connections

  Thread calibration: mean lat.: 14.771ms, rate sampling interval: 43ms
  Thread calibration: mean lat.: 13.914ms, rate sampling interval: 39ms
  Thread calibration: mean lat.: 14.435ms, rate sampling interval: 42ms
  Thread calibration: mean lat.: 14.867ms, rate sampling interval: 45ms
  Thread calibration: mean lat.: 14.525ms, rate sampling interval: 41ms
  Thread calibration: mean lat.: 15.162ms, rate sampling interval: 43ms
  Thread calibration: mean lat.: 14.316ms, rate sampling interval: 41ms
  Thread calibration: mean lat.: 13.999ms, rate sampling interval: 39ms
Logging function completed.

-----------------------------------------------------------------------
Test Results @ http://ms1311.utah.cloudlab.us:8080/wrk2-api/post/compose 
  Thread Stats   Avg      Stdev     99%   +/- Stdev
    Latency    15.94ms    5.50ms  34.08ms   75.01%
    Req/Sec    24.55     24.89   100.00     86.98%
  Latency Distribution (HdrHistogram - Recorded Latency)
 50.000%   15.18ms
 75.000%   18.80ms
 90.000%   22.64ms
 99.000%   34.08ms
 99.900%   43.26ms
 99.990%   72.51ms
 99.999%   72.51ms
100.000%   72.51ms

  Detailed Percentile spectrum:
       Value   Percentile   TotalCount 1/(1-Percentile)

       4.851     0.000000            1         1.00
      10.183     0.100000          391         1.11
      11.495     0.200000          786         1.25
      12.479     0.300000         1176         1.43
      13.727     0.400000         1564         1.67
      15.175     0.500000         1956         2.00
      15.831     0.550000         2150         2.22
      16.495     0.600000         2344         2.50
      17.231     0.650000         2539         2.86
      17.983     0.700000         2738         3.33
      18.799     0.750000         2931         4.00
      19.247     0.775000         3029         4.44
      19.679     0.800000         3127         5.00
      20.175     0.825000         3223         5.71
      21.039     0.850000         3321         6.67
      21.695     0.875000         3418         8.00
      22.223     0.887500         3468         8.89
      22.655     0.900000         3517        10.00
      23.295     0.912500         3565        11.43
      23.839     0.925000         3614        13.33
      24.623     0.937500         3662        16.00
      25.087     0.943750         3687        17.78
      25.471     0.950000         3711        20.00
      25.999     0.956250         3736        22.86
      26.863     0.962500         3760        26.67
      27.775     0.968750         3784        32.00
      28.239     0.971875         3797        35.56
      28.815     0.975000         3809        40.00
      29.647     0.978125         3821        45.71
      30.399     0.981250         3833        53.33
      31.295     0.984375         3845        64.00
      32.143     0.985938         3852        71.11
      33.151     0.987500         3858        80.00
      33.855     0.989062         3864        91.43
      34.527     0.990625         3870       106.67
      36.063     0.992188         3876       128.00
      36.287     0.992969         3879       142.22
      36.927     0.993750         3882       160.00
      37.759     0.994531         3885       182.86
      37.919     0.995313         3888       213.33
      38.719     0.996094         3891       256.00
      39.839     0.996484         3893       284.44
      40.063     0.996875         3894       320.00
      40.383     0.997266         3896       365.71
      40.927     0.997656         3897       426.67
      41.375     0.998047         3899       512.00
      42.943     0.998242         3900       568.89
      42.943     0.998437         3900       640.00
      43.231     0.998633         3901       731.43
      43.263     0.998828         3902       853.33
      43.551     0.999023         3903      1024.00
      43.551     0.999121         3903      1137.78
      43.551     0.999219         3903      1280.00
      51.519     0.999316         3904      1462.86
      51.519     0.999414         3904      1706.67
      62.367     0.999512         3905      2048.00
      62.367     0.999561         3905      2275.56
      62.367     0.999609         3905      2560.00
      62.367     0.999658         3905      2925.71
      62.367     0.999707         3905      3413.33
      72.511     0.999756         3906      4096.00
      72.511     1.000000         3906          inf
#[Mean    =       15.943, StdDeviation   =        5.499]
#[Max     =       72.448, Total count    =         3906]
#[Buckets =           27, SubBuckets     =         2048]
-----------------------------------------------------------------------
  5861 requests in 30.13s, 1.20MB read
  Socket errors: connect 0, read 0, write 0, timeout 9566
Requests/sec:    194.54  
Transfer/sec:     40.85KB
