Running 30s test @ http://node0.krisub-247336.ldos-ut-pg0.wisc.cloudlab.us:8080/wrk2-api/post/compose
  8 threads and 1000 connections

  Thread calibration: mean lat.: 5.998ms, rate sampling interval: 14ms
  Thread calibration: mean lat.: 5.089ms, rate sampling interval: 12ms
  Thread calibration: mean lat.: 5.239ms, rate sampling interval: 12ms
  Thread calibration: mean lat.: 5.119ms, rate sampling interval: 12ms
  Thread calibration: mean lat.: 5.169ms, rate sampling interval: 12ms
  Thread calibration: mean lat.: 5.433ms, rate sampling interval: 13ms
  Thread calibration: mean lat.: 5.329ms, rate sampling interval: 13ms
  Thread calibration: mean lat.: 5.139ms, rate sampling interval: 12ms
Logging function completed.

-----------------------------------------------------------------------
Test Results @ http://node0.krisub-247336.ldos-ut-pg0.wisc.cloudlab.us:8080/wrk2-api/post/compose 
  Thread Stats   Avg      Stdev     99%   +/- Stdev
    Latency     4.84ms  619.00us   6.93ms   77.14%
    Req/Sec    25.34     46.09   181.00     75.17%
  Latency Distribution (HdrHistogram - Recorded Latency)
 50.000%    4.70ms
 75.000%    5.08ms
 90.000%    5.66ms
 99.000%    6.93ms
 99.900%    7.97ms
 99.990%   10.65ms
 99.999%   10.65ms
100.000%   10.65ms

  Detailed Percentile spectrum:
       Value   Percentile   TotalCount 1/(1-Percentile)

       3.635     0.000000            1         1.00
       4.239     0.100000          391         1.11
       4.383     0.200000          786         1.25
       4.491     0.300000         1178         1.43
       4.595     0.400000         1566         1.67
       4.699     0.500000         1959         2.00
       4.755     0.550000         2148         2.22
       4.823     0.600000         2344         2.50
       4.887     0.650000         2533         2.86
       4.975     0.700000         2726         3.33
       5.079     0.750000         2923         4.00
       5.135     0.775000         3020         4.44
       5.215     0.800000         3117         5.00
       5.291     0.825000         3214         5.71
       5.399     0.850000         3311         6.67
       5.515     0.875000         3410         8.00
       5.583     0.887500         3456         8.89
       5.659     0.900000         3508        10.00
       5.731     0.912500         3554        11.43
       5.827     0.925000         3604        13.33
       5.971     0.937500         3651        16.00
       6.047     0.943750         3675        17.78
       6.127     0.950000         3700        20.00
       6.187     0.956250         3724        22.86
       6.271     0.962500         3749        26.67
       6.371     0.968750         3773        32.00
       6.451     0.971875         3785        35.56
       6.495     0.975000         3798        40.00
       6.559     0.978125         3810        45.71
       6.611     0.981250         3821        53.33
       6.739     0.984375         3834        64.00
       6.807     0.985938         3840        71.11
       6.839     0.987500         3846        80.00
       6.899     0.989062         3853        91.43
       6.939     0.990625         3858       106.67
       7.023     0.992188         3865       128.00
       7.071     0.992969         3867       142.22
       7.091     0.993750         3870       160.00
       7.115     0.994531         3873       182.86
       7.191     0.995313         3876       213.33
       7.299     0.996094         3879       256.00
       7.335     0.996484         3881       284.44
       7.347     0.996875         3882       320.00
       7.459     0.997266         3884       365.71
       7.467     0.997656         3885       426.67
       7.795     0.998047         3887       512.00
       7.899     0.998242         3888       568.89
       7.899     0.998437         3888       640.00
       7.911     0.998633         3889       731.43
       7.975     0.998828         3890       853.33
       8.231     0.999023         3891      1024.00
       8.231     0.999121         3891      1137.78
       8.231     0.999219         3891      1280.00
       9.279     0.999316         3892      1462.86
       9.279     0.999414         3892      1706.67
       9.487     0.999512         3893      2048.00
       9.487     0.999561         3893      2275.56
       9.487     0.999609         3893      2560.00
       9.487     0.999658         3893      2925.71
       9.487     0.999707         3893      3413.33
      10.647     0.999756         3894      4096.00
      10.647     1.000000         3894          inf
#[Mean    =        4.844, StdDeviation   =        0.619]
#[Max     =       10.640, Total count    =         3894]
#[Buckets =           27, SubBuckets     =         2048]
-----------------------------------------------------------------------
  5823 requests in 30.13s, 1.19MB read
  Socket errors: connect 0, read 0, write 0, timeout 9598
Requests/sec:    193.29  
Transfer/sec:     40.58KB
