Running 30s test @ http://ms1311.utah.cloudlab.us:8080/wrk2-api/post/compose
  8 threads and 1000 connections

  Thread calibration: mean lat.: 3413.100ms, rate sampling interval: 14393ms
  Thread calibration: mean lat.: 3094.732ms, rate sampling interval: 7790ms
  Thread calibration: mean lat.: 3158.625ms, rate sampling interval: 7634ms
  Thread calibration: mean lat.: 3554.493ms, rate sampling interval: 14917ms
  Thread calibration: mean lat.: 3074.850ms, rate sampling interval: 8085ms
  Thread calibration: mean lat.: 3801.587ms, rate sampling interval: 14688ms
  Thread calibration: mean lat.: 3345.322ms, rate sampling interval: 7708ms
  Thread calibration: mean lat.: 3637.820ms, rate sampling interval: 14557ms
Logging function completed.

-----------------------------------------------------------------------
Test Results @ http://ms1311.utah.cloudlab.us:8080/wrk2-api/post/compose 
  Thread Stats   Avg      Stdev     99%   +/- Stdev
    Latency     9.02s     4.68s   19.99s    63.88%
    Req/Sec    17.08      0.64    18.00    100.00%
  Latency Distribution (HdrHistogram - Recorded Latency)
 50.000%   10.00s 
 75.000%   11.44s 
 90.000%   15.85s 
 99.000%   19.99s 
 99.900%   21.64s 
 99.990%   25.20s 
 99.999%   25.20s 
100.000%   25.20s 

  Detailed Percentile spectrum:
       Value   Percentile   TotalCount 1/(1-Percentile)

      15.327     0.000000            1         1.00
    2963.455     0.100000          231         1.11
    4345.855     0.200000          462         1.25
    5820.415     0.300000          692         1.43
    7856.127     0.400000          923         1.67
   10002.431     0.500000         1433         2.00
   10002.431     0.550000         1433         2.22
   10002.431     0.600000         1433         2.50
   10010.623     0.650000         1584         2.86
   10289.151     0.700000         1617         3.33
   11436.031     0.750000         1731         4.00
   11911.167     0.775000         1788         4.44
   12484.607     0.800000         1845         5.00
   13238.271     0.825000         1903         5.71
   13975.551     0.850000         1961         6.67
   14852.095     0.875000         2018         8.00
   15466.495     0.887500         2047         8.89
   15859.711     0.900000         2076        10.00
   16400.383     0.912500         2105        11.43
   16941.055     0.925000         2134        13.33
   17563.647     0.937500         2162        16.00
   17842.175     0.943750         2177        17.78
   18137.087     0.950000         2191        20.00
   18448.383     0.956250         2206        22.86
   18694.143     0.962500         2220        26.67
   19021.823     0.968750         2236        32.00
   19169.279     0.971875         2244        35.56
   19267.583     0.975000         2249        40.00
   19447.807     0.978125         2256        45.71
   19628.031     0.981250         2265        53.33
   19709.951     0.984375         2270        64.00
   19775.487     0.985938         2274        71.11
   19857.407     0.987500         2279        80.00
   19922.943     0.989062         2281        91.43
   19988.479     0.990625         2285       106.67
   20070.399     0.992188         2289       128.00
   20152.319     0.992969         2290       142.22
   20250.623     0.993750         2292       160.00
   20479.999     0.994531         2294       182.86
   20529.151     0.995313         2296       213.33
   20758.527     0.996094         2297       256.00
   21184.511     0.996484         2298       284.44
   21299.199     0.996875         2299       320.00
   21364.735     0.997266         2300       365.71
   21446.655     0.997656         2301       426.67
   21577.727     0.998047         2303       512.00
   21577.727     0.998242         2303       568.89
   21577.727     0.998437         2303       640.00
   21577.727     0.998633         2303       731.43
   21643.263     0.998828         2304       853.33
   21643.263     0.999023         2304      1024.00
   21643.263     0.999121         2304      1137.78
   22233.087     0.999219         2305      1280.00
   22233.087     0.999316         2305      1462.86
   22233.087     0.999414         2305      1706.67
   22233.087     0.999512         2305      2048.00
   22233.087     0.999561         2305      2275.56
   25198.591     0.999609         2306      2560.00
   25198.591     1.000000         2306          inf
#[Mean    =     9024.543, StdDeviation   =     4677.288]
#[Max     =    25182.208, Total count    =         2306]
#[Buckets =           27, SubBuckets     =         2048]
-----------------------------------------------------------------------
  2664 requests in 30.13s, 648.78KB read
  Socket errors: connect 0, read 0, write 0, timeout 10026
  Non-2xx or 3xx responses: 856
Requests/sec:     88.42  
Transfer/sec:     21.53KB
