Running 30s test @ http://ms1311.utah.cloudlab.us:8080/wrk2-api/post/compose
  8 threads and 1000 connections

  Thread calibration: mean lat.: 14.444ms, rate sampling interval: 43ms
  Thread calibration: mean lat.: 14.272ms, rate sampling interval: 40ms
  Thread calibration: mean lat.: 14.545ms, rate sampling interval: 42ms
  Thread calibration: mean lat.: 14.162ms, rate sampling interval: 40ms
  Thread calibration: mean lat.: 15.713ms, rate sampling interval: 44ms
  Thread calibration: mean lat.: 14.506ms, rate sampling interval: 41ms
  Thread calibration: mean lat.: 14.695ms, rate sampling interval: 43ms
  Thread calibration: mean lat.: 14.382ms, rate sampling interval: 40ms
Logging function completed.

-----------------------------------------------------------------------
Test Results @ http://ms1311.utah.cloudlab.us:8080/wrk2-api/post/compose 
  Thread Stats   Avg      Stdev     99%   +/- Stdev
    Latency    14.86ms    5.39ms  34.17ms   78.33%
    Req/Sec    24.56     24.75   100.00     88.93%
  Latency Distribution (HdrHistogram - Recorded Latency)
 50.000%   13.63ms
 75.000%   17.38ms
 90.000%   21.52ms
 99.000%   34.17ms
 99.900%   45.79ms
 99.990%   53.98ms
 99.999%   53.98ms
100.000%   53.98ms

  Detailed Percentile spectrum:
       Value   Percentile   TotalCount 1/(1-Percentile)

       5.543     0.000000            1         1.00
       9.623     0.100000          393         1.11
      10.559     0.200000          780         1.25
      11.431     0.300000         1170         1.43
      12.447     0.400000         1558         1.67
      13.631     0.500000         1949         2.00
      14.327     0.550000         2144         2.22
      15.007     0.600000         2338         2.50
      15.815     0.650000         2533         2.86
      16.575     0.700000         2727         3.33
      17.375     0.750000         2921         4.00
      17.839     0.775000         3019         4.44
      18.415     0.800000         3119         5.00
      18.895     0.825000         3213         5.71
      19.695     0.850000         3310         6.67
      20.511     0.875000         3408         8.00
      21.007     0.887500         3457         8.89
      21.519     0.900000         3507        10.00
      22.063     0.912500         3554        11.43
      22.687     0.925000         3604        13.33
      23.679     0.937500         3651        16.00
      24.223     0.943750         3675        17.78
      24.703     0.950000         3701        20.00
      25.311     0.956250         3726        22.86
      26.175     0.962500         3748        26.67
      27.343     0.968750         3773        32.00
      27.823     0.971875         3785        35.56
      28.239     0.975000         3797        40.00
      29.439     0.978125         3809        45.71
      30.447     0.981250         3821        53.33
      31.471     0.984375         3834        64.00
      32.559     0.985938         3840        71.11
      33.471     0.987500         3846        80.00
      34.111     0.989062         3852        91.43
      34.399     0.990625         3858       106.67
      35.839     0.992188         3864       128.00
      36.095     0.992969         3867       142.22
      37.151     0.993750         3871       160.00
      37.375     0.994531         3873       182.86
      38.111     0.995313         3876       213.33
      39.743     0.996094         3879       256.00
      40.479     0.996484         3881       284.44
      41.311     0.996875         3882       320.00
      42.399     0.997266         3884       365.71
      42.431     0.997656         3885       426.67
      43.839     0.998047         3887       512.00
      44.191     0.998242         3888       568.89
      44.191     0.998437         3888       640.00
      44.319     0.998633         3889       731.43
      45.791     0.998828         3890       853.33
      46.239     0.999023         3891      1024.00
      46.239     0.999121         3891      1137.78
      46.239     0.999219         3891      1280.00
      46.943     0.999316         3892      1462.86
      46.943     0.999414         3892      1706.67
      48.479     0.999512         3893      2048.00
      48.479     0.999561         3893      2275.56
      48.479     0.999609         3893      2560.00
      48.479     0.999658         3893      2925.71
      48.479     0.999707         3893      3413.33
      53.983     0.999756         3894      4096.00
      53.983     1.000000         3894          inf
#[Mean    =       14.857, StdDeviation   =        5.387]
#[Max     =       53.952, Total count    =         3894]
#[Buckets =           27, SubBuckets     =         2048]
-----------------------------------------------------------------------
  5841 requests in 30.04s, 1.20MB read
  Socket errors: connect 0, read 0, write 0, timeout 9508
Requests/sec:    194.42  
Transfer/sec:     40.82KB
