Running 30s test @ http://ms1311.utah.cloudlab.us:8080/wrk2-api/post/compose
  8 threads and 1000 connections

  Thread calibration: mean lat.: 13.820ms, rate sampling interval: 39ms
  Thread calibration: mean lat.: 13.962ms, rate sampling interval: 41ms
  Thread calibration: mean lat.: 14.288ms, rate sampling interval: 40ms
  Thread calibration: mean lat.: 14.136ms, rate sampling interval: 41ms
  Thread calibration: mean lat.: 13.209ms, rate sampling interval: 38ms
  Thread calibration: mean lat.: 13.973ms, rate sampling interval: 40ms
  Thread calibration: mean lat.: 13.256ms, rate sampling interval: 38ms
  Thread calibration: mean lat.: 13.958ms, rate sampling interval: 41ms
Logging function completed.

-----------------------------------------------------------------------
Test Results @ http://ms1311.utah.cloudlab.us:8080/wrk2-api/post/compose 
  Thread Stats   Avg      Stdev     99%   +/- Stdev
    Latency    15.70ms    5.64ms  34.62ms   77.37%
    Req/Sec    24.61     25.57   102.00     86.93%
  Latency Distribution (HdrHistogram - Recorded Latency)
 50.000%   14.65ms
 75.000%   18.43ms
 90.000%   22.53ms
 99.000%   34.62ms
 99.900%   56.86ms
 99.990%   64.06ms
 99.999%   64.06ms
100.000%   64.06ms

  Detailed Percentile spectrum:
       Value   Percentile   TotalCount 1/(1-Percentile)

       5.191     0.000000            1         1.00
      10.135     0.100000          392         1.11
      11.239     0.200000          784         1.25
      12.239     0.300000         1176         1.43
      13.327     0.400000         1561         1.67
      14.655     0.500000         1951         2.00
      15.327     0.550000         2147         2.22
      15.911     0.600000         2342         2.50
      16.703     0.650000         2539         2.86
      17.439     0.700000         2733         3.33
      18.431     0.750000         2928         4.00
      18.927     0.775000         3025         4.44
      19.455     0.800000         3123         5.00
      20.095     0.825000         3221         5.71
      20.719     0.850000         3317         6.67
      21.551     0.875000         3416         8.00
      22.063     0.887500         3465         8.89
      22.527     0.900000         3512        10.00
      22.975     0.912500         3561        11.43
      23.679     0.925000         3611        13.33
      24.719     0.937500         3659        16.00
      25.263     0.943750         3683        17.78
      25.951     0.950000         3708        20.00
      26.511     0.956250         3733        22.86
      27.391     0.962500         3756        26.67
      28.239     0.968750         3783        32.00
      28.511     0.971875         3793        35.56
      29.167     0.975000         3806        40.00
      29.615     0.978125         3817        45.71
      30.639     0.981250         3829        53.33
      31.487     0.984375         3842        64.00
      32.303     0.985938         3848        71.11
      32.575     0.987500         3854        80.00
      33.279     0.989062         3860        91.43
      34.879     0.990625         3866       106.67
      36.415     0.992188         3872       128.00
      38.335     0.992969         3875       142.22
      38.815     0.993750         3878       160.00
      39.935     0.994531         3881       182.86
      40.383     0.995313         3884       213.33
      41.983     0.996094         3887       256.00
      43.295     0.996484         3889       284.44
      43.455     0.996875         3890       320.00
      43.679     0.997266         3892       365.71
      45.023     0.997656         3893       426.67
      46.143     0.998047         3895       512.00
      50.975     0.998242         3896       568.89
      50.975     0.998437         3896       640.00
      51.199     0.998633         3897       731.43
      56.863     0.998828         3898       853.33
      57.247     0.999023         3899      1024.00
      57.247     0.999121         3899      1137.78
      57.247     0.999219         3899      1280.00
      57.503     0.999316         3900      1462.86
      57.503     0.999414         3900      1706.67
      59.775     0.999512         3901      2048.00
      59.775     0.999561         3901      2275.56
      59.775     0.999609         3901      2560.00
      59.775     0.999658         3901      2925.71
      59.775     0.999707         3901      3413.33
      64.063     0.999756         3902      4096.00
      64.063     1.000000         3902          inf
#[Mean    =       15.699, StdDeviation   =        5.642]
#[Max     =       64.032, Total count    =         3902]
#[Buckets =           27, SubBuckets     =         2048]
-----------------------------------------------------------------------
  5865 requests in 30.13s, 1.20MB read
  Socket errors: connect 0, read 0, write 0, timeout 9576
Requests/sec:    194.68  
Transfer/sec:     40.88KB
