Running 30s test @ http://ms1311.utah.cloudlab.us:8080/wrk2-api/post/compose
  8 threads and 1000 connections

  Thread calibration: mean lat.: 14.180ms, rate sampling interval: 41ms
  Thread calibration: mean lat.: 15.220ms, rate sampling interval: 39ms
  Thread calibration: mean lat.: 16.043ms, rate sampling interval: 42ms
  Thread calibration: mean lat.: 14.049ms, rate sampling interval: 40ms
  Thread calibration: mean lat.: 14.301ms, rate sampling interval: 39ms
  Thread calibration: mean lat.: 14.264ms, rate sampling interval: 44ms
  Thread calibration: mean lat.: 15.939ms, rate sampling interval: 42ms
  Thread calibration: mean lat.: 14.322ms, rate sampling interval: 41ms
Logging function completed.

-----------------------------------------------------------------------
Test Results @ http://ms1311.utah.cloudlab.us:8080/wrk2-api/post/compose 
  Thread Stats   Avg      Stdev     99%   +/- Stdev
    Latency    15.25ms    5.36ms  32.99ms   76.51%
    Req/Sec    24.63     25.63   102.00     89.69%
  Latency Distribution (HdrHistogram - Recorded Latency)
 50.000%   14.14ms
 75.000%   17.85ms
 90.000%   21.95ms
 99.000%   32.99ms
 99.900%   47.84ms
 99.990%   63.04ms
 99.999%   63.04ms
100.000%   63.04ms

  Detailed Percentile spectrum:
       Value   Percentile   TotalCount 1/(1-Percentile)

       6.023     0.000000            1         1.00
       9.887     0.100000          390         1.11
      10.879     0.200000          782         1.25
      11.799     0.300000         1173         1.43
      12.887     0.400000         1558         1.67
      14.135     0.500000         1949         2.00
      14.887     0.550000         2143         2.22
      15.543     0.600000         2337         2.50
      16.287     0.650000         2533         2.86
      17.039     0.700000         2729         3.33
      17.855     0.750000         2922         4.00
      18.351     0.775000         3022         4.44
      18.863     0.800000         3116         5.00
      19.455     0.825000         3214         5.71
      20.239     0.850000         3313         6.67
      20.911     0.875000         3409         8.00
      21.343     0.887500         3457         8.89
      21.951     0.900000         3506        10.00
      22.479     0.912500         3555        11.43
      23.199     0.925000         3603        13.33
      24.207     0.937500         3652        16.00
      24.831     0.943750         3676        17.78
      25.199     0.950000         3701        20.00
      25.807     0.956250         3728        22.86
      26.287     0.962500         3749        26.67
      27.023     0.968750         3774        32.00
      27.199     0.971875         3786        35.56
      27.519     0.975000         3798        40.00
      27.967     0.978125         3810        45.71
      28.463     0.981250         3822        53.33
      29.599     0.984375         3835        64.00
      30.303     0.985938         3841        71.11
      31.231     0.987500         3847        80.00
      32.271     0.989062         3853        91.43
      33.407     0.990625         3859       106.67
      34.719     0.992188         3865       128.00
      35.327     0.992969         3868       142.22
      36.095     0.993750         3871       160.00
      37.631     0.994531         3874       182.86
      38.367     0.995313         3877       213.33
      38.847     0.996094         3880       256.00
      39.551     0.996484         3882       284.44
      40.351     0.996875         3883       320.00
      43.199     0.997266         3885       365.71
      43.775     0.997656         3886       426.67
      45.471     0.998047         3888       512.00
      45.951     0.998242         3889       568.89
      45.951     0.998437         3889       640.00
      46.239     0.998633         3890       731.43
      47.839     0.998828         3891       853.33
      55.903     0.999023         3892      1024.00
      55.903     0.999121         3892      1137.78
      55.903     0.999219         3892      1280.00
      56.255     0.999316         3893      1462.86
      56.255     0.999414         3893      1706.67
      59.391     0.999512         3894      2048.00
      59.391     0.999561         3894      2275.56
      59.391     0.999609         3894      2560.00
      59.391     0.999658         3894      2925.71
      59.391     0.999707         3894      3413.33
      63.039     0.999756         3895      4096.00
      63.039     1.000000         3895          inf
#[Mean    =       15.255, StdDeviation   =        5.362]
#[Max     =       63.008, Total count    =         3895]
#[Buckets =           27, SubBuckets     =         2048]
-----------------------------------------------------------------------
  5825 requests in 30.07s, 1.19MB read
  Socket errors: connect 0, read 0, write 0, timeout 9516
Requests/sec:    193.73  
Transfer/sec:     40.68KB
