Running 30s test @ http://node0.krisub-247336.ldos-ut-pg0.wisc.cloudlab.us:8080/wrk2-api/post/compose
  8 threads and 1000 connections

  Thread calibration: mean lat.: 5.035ms, rate sampling interval: 12ms
  Thread calibration: mean lat.: 4.912ms, rate sampling interval: 11ms
  Thread calibration: mean lat.: 4.686ms, rate sampling interval: 11ms
  Thread calibration: mean lat.: 4.757ms, rate sampling interval: 11ms
  Thread calibration: mean lat.: 4.768ms, rate sampling interval: 11ms
  Thread calibration: mean lat.: 4.693ms, rate sampling interval: 11ms
  Thread calibration: mean lat.: 4.872ms, rate sampling interval: 12ms
  Thread calibration: mean lat.: 4.730ms, rate sampling interval: 11ms
Logging function completed.

-----------------------------------------------------------------------
Test Results @ http://node0.krisub-247336.ldos-ut-pg0.wisc.cloudlab.us:8080/wrk2-api/post/compose 
  Thread Stats   Avg      Stdev     99%   +/- Stdev
    Latency     4.62ms  635.82us   6.64ms   73.87%
    Req/Sec    25.56     48.95   200.00     75.78%
  Latency Distribution (HdrHistogram - Recorded Latency)
 50.000%    4.51ms
 75.000%    4.94ms
 90.000%    5.45ms
 99.000%    6.64ms
 99.900%    7.96ms
 99.990%   11.26ms
 99.999%   11.26ms
100.000%   11.26ms

  Detailed Percentile spectrum:
       Value   Percentile   TotalCount 1/(1-Percentile)

       3.263     0.000000            1         1.00
       3.941     0.100000          397         1.11
       4.111     0.200000          784         1.25
       4.247     0.300000         1181         1.43
       4.375     0.400000         1565         1.67
       4.511     0.500000         1953         2.00
       4.579     0.550000         2155         2.22
       4.659     0.600000         2342         2.50
       4.743     0.650000         2537         2.86
       4.839     0.700000         2735         3.33
       4.939     0.750000         2931         4.00
       5.003     0.775000         3031         4.44
       5.067     0.800000         3128         5.00
       5.135     0.825000         3223         5.71
       5.223     0.850000         3320         6.67
       5.315     0.875000         3416         8.00
       5.375     0.887500         3471         8.89
       5.451     0.900000         3514        10.00
       5.519     0.912500         3562        11.43
       5.599     0.925000         3611        13.33
       5.679     0.937500         3662        16.00
       5.751     0.943750         3687        17.78
       5.803     0.950000         3709        20.00
       5.855     0.956250         3734        22.86
       5.927     0.962500         3757        26.67
       6.031     0.968750         3784        32.00
       6.067     0.971875         3794        35.56
       6.107     0.975000         3807        40.00
       6.159     0.978125         3818        45.71
       6.235     0.981250         3830        53.33
       6.371     0.984375         3843        64.00
       6.439     0.985938         3849        71.11
       6.543     0.987500         3855        80.00
       6.619     0.989062         3862        91.43
       6.683     0.990625         3867       106.67
       6.799     0.992188         3873       128.00
       6.883     0.992969         3876       142.22
       6.931     0.993750         3879       160.00
       6.967     0.994531         3882       182.86
       7.043     0.995313         3885       213.33
       7.127     0.996094         3888       256.00
       7.263     0.996484         3890       284.44
       7.299     0.996875         3891       320.00
       7.523     0.997266         3893       365.71
       7.527     0.997656         3894       426.67
       7.663     0.998047         3896       512.00
       7.743     0.998242         3897       568.89
       7.743     0.998437         3897       640.00
       7.871     0.998633         3898       731.43
       7.959     0.998828         3899       853.33
       7.995     0.999023         3900      1024.00
       7.995     0.999121         3900      1137.78
       7.995     0.999219         3900      1280.00
       8.087     0.999316         3901      1462.86
       8.087     0.999414         3901      1706.67
       8.583     0.999512         3902      2048.00
       8.583     0.999561         3902      2275.56
       8.583     0.999609         3902      2560.00
       8.583     0.999658         3902      2925.71
       8.583     0.999707         3902      3413.33
      11.263     0.999756         3903      4096.00
      11.263     1.000000         3903          inf
#[Mean    =        4.621, StdDeviation   =        0.636]
#[Max     =       11.256, Total count    =         3903]
#[Buckets =           27, SubBuckets     =         2048]
-----------------------------------------------------------------------
  5856 requests in 30.11s, 1.20MB read
  Socket errors: connect 0, read 0, write 0, timeout 9492
Requests/sec:    194.50  
Transfer/sec:     40.84KB
