Running 30s test @ http://node0.krisub-247336.ldos-ut-pg0.wisc.cloudlab.us:8080/wrk2-api/post/compose
  8 threads and 1000 connections

  Thread calibration: mean lat.: 4.594ms, rate sampling interval: 10ms
  Thread calibration: mean lat.: 4.643ms, rate sampling interval: 11ms
  Thread calibration: mean lat.: 4.600ms, rate sampling interval: 11ms
  Thread calibration: mean lat.: 4.631ms, rate sampling interval: 11ms
  Thread calibration: mean lat.: 4.908ms, rate sampling interval: 12ms
  Thread calibration: mean lat.: 4.565ms, rate sampling interval: 10ms
  Thread calibration: mean lat.: 4.623ms, rate sampling interval: 10ms
  Thread calibration: mean lat.: 4.573ms, rate sampling interval: 11ms
Logging function completed.

-----------------------------------------------------------------------
Test Results @ http://node0.krisub-247336.ldos-ut-pg0.wisc.cloudlab.us:8080/wrk2-api/post/compose 
  Thread Stats   Avg      Stdev     99%   +/- Stdev
    Latency     4.64ms  661.60us   6.64ms   71.56%
    Req/Sec    25.59     50.22   200.00     76.96%
  Latency Distribution (HdrHistogram - Recorded Latency)
 50.000%    4.55ms
 75.000%    5.00ms
 90.000%    5.48ms
 99.000%    6.64ms
 99.900%    8.06ms
 99.990%   10.24ms
 99.999%   10.24ms
100.000%   10.24ms

  Detailed Percentile spectrum:
       Value   Percentile   TotalCount 1/(1-Percentile)

       3.107     0.000000            1         1.00
       3.889     0.100000          390         1.11
       4.087     0.200000          780         1.25
       4.247     0.300000         1174         1.43
       4.391     0.400000         1565         1.67
       4.547     0.500000         1954         2.00
       4.627     0.550000         2153         2.22
       4.715     0.600000         2345         2.50
       4.811     0.650000         2539         2.86
       4.903     0.700000         2730         3.33
       4.999     0.750000         2928         4.00
       5.067     0.775000         3023         4.44
       5.127     0.800000         3121         5.00
       5.195     0.825000         3220         5.71
       5.283     0.850000         3318         6.67
       5.371     0.875000         3416         8.00
       5.419     0.887500         3467         8.89
       5.483     0.900000         3510        10.00
       5.563     0.912500         3559        11.43
       5.627     0.925000         3612        13.33
       5.719     0.937500         3658        16.00
       5.771     0.943750         3684        17.78
       5.811     0.950000         3705        20.00
       5.867     0.956250         3731        22.86
       5.943     0.962500         3757        26.67
       6.035     0.968750         3779        32.00
       6.083     0.971875         3791        35.56
       6.163     0.975000         3804        40.00
       6.243     0.978125         3816        45.71
       6.287     0.981250         3828        53.33
       6.387     0.984375         3840        64.00
       6.447     0.985938         3847        71.11
       6.503     0.987500         3852        80.00
       6.575     0.989062         3858        91.43
       6.663     0.990625         3864       106.67
       6.719     0.992188         3870       128.00
       6.799     0.992969         3873       142.22
       6.855     0.993750         3876       160.00
       6.895     0.994531         3879       182.86
       7.019     0.995313         3882       213.33
       7.059     0.996094         3885       256.00
       7.163     0.996484         3887       284.44
       7.275     0.996875         3888       320.00
       7.291     0.997266         3890       365.71
       7.559     0.997656         3891       426.67
       7.695     0.998047         3893       512.00
       7.751     0.998242         3894       568.89
       7.751     0.998437         3894       640.00
       8.051     0.998633         3895       731.43
       8.059     0.998828         3896       853.33
       8.127     0.999023         3897      1024.00
       8.127     0.999121         3897      1137.78
       8.127     0.999219         3897      1280.00
       8.359     0.999316         3898      1462.86
       8.359     0.999414         3898      1706.67
      10.167     0.999512         3899      2048.00
      10.167     0.999561         3899      2275.56
      10.167     0.999609         3899      2560.00
      10.167     0.999658         3899      2925.71
      10.167     0.999707         3899      3413.33
      10.239     0.999756         3900      4096.00
      10.239     1.000000         3900          inf
#[Mean    =        4.639, StdDeviation   =        0.662]
#[Max     =       10.232, Total count    =         3900]
#[Buckets =           27, SubBuckets     =         2048]
-----------------------------------------------------------------------
  5782 requests in 30.12s, 1.19MB read
  Socket errors: connect 0, read 0, write 0, timeout 9665
Requests/sec:    191.94  
Transfer/sec:     40.30KB
