Running 30s test @ http://node0.krisub-247336.ldos-ut-pg0.wisc.cloudlab.us:8080/wrk2-api/post/compose
  8 threads and 1000 connections

  Thread calibration: mean lat.: 4.692ms, rate sampling interval: 10ms
  Thread calibration: mean lat.: 5.172ms, rate sampling interval: 13ms
  Thread calibration: mean lat.: 5.152ms, rate sampling interval: 12ms
  Thread calibration: mean lat.: 4.866ms, rate sampling interval: 11ms
  Thread calibration: mean lat.: 4.741ms, rate sampling interval: 11ms
  Thread calibration: mean lat.: 4.779ms, rate sampling interval: 12ms
  Thread calibration: mean lat.: 4.786ms, rate sampling interval: 11ms
  Thread calibration: mean lat.: 5.034ms, rate sampling interval: 11ms
Logging function completed.

-----------------------------------------------------------------------
Test Results @ http://node0.krisub-247336.ldos-ut-pg0.wisc.cloudlab.us:8080/wrk2-api/post/compose 
  Thread Stats   Avg      Stdev     99%   +/- Stdev
    Latency     4.55ms  584.83us   6.40ms   75.80%
    Req/Sec    25.51     48.74   200.00     75.69%
  Latency Distribution (HdrHistogram - Recorded Latency)
 50.000%    4.44ms
 75.000%    4.82ms
 90.000%    5.29ms
 99.000%    6.40ms
 99.900%    7.61ms
 99.990%   11.10ms
 99.999%   11.10ms
100.000%   11.10ms

  Detailed Percentile spectrum:
       Value   Percentile   TotalCount 1/(1-Percentile)

       3.243     0.000000            1         1.00
       3.945     0.100000          395         1.11
       4.099     0.200000          783         1.25
       4.215     0.300000         1173         1.43
       4.327     0.400000         1563         1.67
       4.443     0.500000         1956         2.00
       4.503     0.550000         2156         2.22
       4.571     0.600000         2341         2.50
       4.647     0.650000         2540         2.86
       4.719     0.700000         2734         3.33
       4.815     0.750000         2927         4.00
       4.871     0.775000         3024         4.44
       4.923     0.800000         3119         5.00
       4.995     0.825000         3218         5.71
       5.071     0.850000         3314         6.67
       5.163     0.875000         3413         8.00
       5.227     0.887500         3459         8.89
       5.291     0.900000         3509        10.00
       5.367     0.912500         3559        11.43
       5.455     0.925000         3608        13.33
       5.539     0.937500         3654        16.00
       5.607     0.943750         3679        17.78
       5.671     0.950000         3703        20.00
       5.751     0.956250         3727        22.86
       5.827     0.962500         3751        26.67
       5.915     0.968750         3776        32.00
       5.971     0.971875         3790        35.56
       6.003     0.975000         3800        40.00
       6.055     0.978125         3812        45.71
       6.095     0.981250         3824        53.33
       6.147     0.984375         3838        64.00
       6.223     0.985938         3843        71.11
       6.319     0.987500         3849        80.00
       6.363     0.989062         3855        91.43
       6.431     0.990625         3861       106.67
       6.483     0.992188         3867       128.00
       6.531     0.992969         3870       142.22
       6.671     0.993750         3873       160.00
       6.731     0.994531         3876       182.86
       6.791     0.995313         3879       213.33
       6.851     0.996094         3882       256.00
       6.919     0.996484         3884       284.44
       6.963     0.996875         3885       320.00
       7.095     0.997266         3888       365.71
       7.095     0.997656         3888       426.67
       7.155     0.998047         3890       512.00
       7.279     0.998242         3891       568.89
       7.279     0.998437         3891       640.00
       7.291     0.998633         3892       731.43
       7.611     0.998828         3893       853.33
       7.863     0.999023         3894      1024.00
       7.863     0.999121         3894      1137.78
       7.863     0.999219         3894      1280.00
       8.719     0.999316         3895      1462.86
       8.719     0.999414         3895      1706.67
       9.895     0.999512         3896      2048.00
       9.895     0.999561         3896      2275.56
       9.895     0.999609         3896      2560.00
       9.895     0.999658         3896      2925.71
       9.895     0.999707         3896      3413.33
      11.095     0.999756         3897      4096.00
      11.095     1.000000         3897          inf
#[Mean    =        4.550, StdDeviation   =        0.585]
#[Max     =       11.088, Total count    =         3897]
#[Buckets =           27, SubBuckets     =         2048]
-----------------------------------------------------------------------
  5804 requests in 30.13s, 1.19MB read
  Socket errors: connect 0, read 0, write 0, timeout 9596
Requests/sec:    192.66  
Transfer/sec:     40.45KB
