Running 30s test @ http://ms1311.utah.cloudlab.us:8080/wrk2-api/post/compose
  8 threads and 1000 connections

  Thread calibration: mean lat.: 11.906ms, rate sampling interval: 34ms
  Thread calibration: mean lat.: 11.561ms, rate sampling interval: 33ms
  Thread calibration: mean lat.: 12.637ms, rate sampling interval: 33ms
  Thread calibration: mean lat.: 11.871ms, rate sampling interval: 32ms
  Thread calibration: mean lat.: 12.412ms, rate sampling interval: 36ms
  Thread calibration: mean lat.: 12.004ms, rate sampling interval: 34ms
  Thread calibration: mean lat.: 12.346ms, rate sampling interval: 34ms
  Thread calibration: mean lat.: 11.296ms, rate sampling interval: 31ms
Logging function completed.

-----------------------------------------------------------------------
Test Results @ http://ms1311.utah.cloudlab.us:8080/wrk2-api/post/compose 
  Thread Stats   Avg      Stdev     99%   +/- Stdev
    Latency    12.83ms    4.52ms  27.38ms   77.78%
    Req/Sec    24.66     27.45   100.00     80.07%
  Latency Distribution (HdrHistogram - Recorded Latency)
 50.000%   11.78ms
 75.000%   15.14ms
 90.000%   18.32ms
 99.000%   27.38ms
 99.900%   43.78ms
 99.990%   54.65ms
 99.999%   54.65ms
100.000%   54.65ms

  Detailed Percentile spectrum:
       Value   Percentile   TotalCount 1/(1-Percentile)

       5.879     0.000000            1         1.00
       8.439     0.100000          391         1.11
       9.215     0.200000          781         1.25
       9.903     0.300000         1170         1.43
      10.791     0.400000         1561         1.67
      11.783     0.500000         1950         2.00
      12.367     0.550000         2144         2.22
      12.975     0.600000         2340         2.50
      13.703     0.650000         2534         2.86
      14.375     0.700000         2730         3.33
      15.135     0.750000         2925         4.00
      15.543     0.775000         3021         4.44
      15.983     0.800000         3120         5.00
      16.463     0.825000         3218         5.71
      16.991     0.850000         3316         6.67
      17.663     0.875000         3411         8.00
      18.031     0.887500         3462         8.89
      18.335     0.900000         3511        10.00
      18.799     0.912500         3558        11.43
      19.327     0.925000         3607        13.33
      20.015     0.937500         3655        16.00
      20.335     0.943750         3679        17.78
      20.687     0.950000         3704        20.00
      21.103     0.956250         3728        22.86
      21.855     0.962500         3752        26.67
      22.383     0.968750         3777        32.00
      22.831     0.971875         3790        35.56
      23.775     0.975000         3802        40.00
      24.079     0.978125         3813        45.71
      24.911     0.981250         3825        53.33
      25.551     0.984375         3838        64.00
      26.079     0.985938         3845        71.11
      26.463     0.987500         3850        80.00
      27.247     0.989062         3856        91.43
      27.551     0.990625         3862       106.67
      28.511     0.992188         3868       128.00
      28.767     0.992969         3871       142.22
      29.119     0.993750         3874       160.00
      30.287     0.994531         3877       182.86
      30.767     0.995313         3880       213.33
      32.303     0.996094         3883       256.00
      32.959     0.996484         3885       284.44
      34.559     0.996875         3886       320.00
      35.103     0.997266         3888       365.71
      37.439     0.997656         3889       426.67
      40.607     0.998047         3891       512.00
      40.895     0.998242         3892       568.89
      40.895     0.998437         3892       640.00
      42.431     0.998633         3893       731.43
      43.775     0.998828         3894       853.33
      52.607     0.999023         3895      1024.00
      52.607     0.999121         3895      1137.78
      52.607     0.999219         3895      1280.00
      53.503     0.999316         3896      1462.86
      53.503     0.999414         3896      1706.67
      53.663     0.999512         3897      2048.00
      53.663     0.999561         3897      2275.56
      53.663     0.999609         3897      2560.00
      53.663     0.999658         3897      2925.71
      53.663     0.999707         3897      3413.33
      54.655     0.999756         3898      4096.00
      54.655     1.000000         3898          inf
#[Mean    =       12.834, StdDeviation   =        4.517]
#[Max     =       54.624, Total count    =         3898]
#[Buckets =           27, SubBuckets     =         2048]
-----------------------------------------------------------------------
  5844 requests in 30.06s, 1.20MB read
  Socket errors: connect 0, read 0, write 0, timeout 9504
Requests/sec:    194.43  
Transfer/sec:     40.82KB
