Running 30s test @ http://ms1311.utah.cloudlab.us:8080/wrk2-api/post/compose
  8 threads and 1000 connections

  Thread calibration: mean lat.: 13.061ms, rate sampling interval: 35ms
  Thread calibration: mean lat.: 12.750ms, rate sampling interval: 35ms
  Thread calibration: mean lat.: 13.022ms, rate sampling interval: 36ms
  Thread calibration: mean lat.: 13.398ms, rate sampling interval: 39ms
  Thread calibration: mean lat.: 12.976ms, rate sampling interval: 37ms
  Thread calibration: mean lat.: 13.589ms, rate sampling interval: 39ms
  Thread calibration: mean lat.: 12.649ms, rate sampling interval: 36ms
  Thread calibration: mean lat.: 13.043ms, rate sampling interval: 37ms
Logging function completed.

-----------------------------------------------------------------------
Test Results @ http://ms1311.utah.cloudlab.us:8080/wrk2-api/post/compose 
  Thread Stats   Avg      Stdev     99%   +/- Stdev
    Latency    12.74ms    4.37ms  26.40ms   76.77%
    Req/Sec    24.58     26.49   111.00     81.11%
  Latency Distribution (HdrHistogram - Recorded Latency)
 50.000%   11.88ms
 75.000%   14.99ms
 90.000%   18.01ms
 99.000%   26.40ms
 99.900%   45.02ms
 99.990%   50.91ms
 99.999%   50.91ms
100.000%   50.91ms

  Detailed Percentile spectrum:
       Value   Percentile   TotalCount 1/(1-Percentile)

       4.503     0.000000            1         1.00
       8.407     0.100000          390         1.11
       9.287     0.200000          781         1.25
       9.959     0.300000         1173         1.43
      10.759     0.400000         1563         1.67
      11.879     0.500000         1953         2.00
      12.455     0.550000         2147         2.22
      13.039     0.600000         2342         2.50
      13.671     0.650000         2536         2.86
      14.287     0.700000         2733         3.33
      14.991     0.750000         2925         4.00
      15.335     0.775000         3025         4.44
      15.735     0.800000         3120         5.00
      16.103     0.825000         3218         5.71
      16.735     0.850000         3315         6.67
      17.407     0.875000         3413         8.00
      17.695     0.887500         3462         8.89
      18.015     0.900000         3510        10.00
      18.415     0.912500         3560        11.43
      18.991     0.925000         3611        13.33
      19.679     0.937500         3657        16.00
      19.951     0.943750         3681        17.78
      20.463     0.950000         3706        20.00
      21.183     0.956250         3730        22.86
      21.647     0.962500         3754        26.67
      22.447     0.968750         3779        32.00
      22.831     0.971875         3791        35.56
      23.103     0.975000         3803        40.00
      23.759     0.978125         3815        45.71
      24.207     0.981250         3827        53.33
      25.183     0.984375         3840        64.00
      25.503     0.985938         3846        71.11
      25.887     0.987500         3852        80.00
      26.335     0.989062         3858        91.43
      27.231     0.990625         3864       106.67
      28.127     0.992188         3870       128.00
      28.799     0.992969         3873       142.22
      29.455     0.993750         3876       160.00
      30.255     0.994531         3880       182.86
      30.575     0.995313         3882       213.33
      31.839     0.996094         3885       256.00
      32.287     0.996484         3887       284.44
      32.895     0.996875         3888       320.00
      33.343     0.997266         3890       365.71
      34.303     0.997656         3891       426.67
      38.047     0.998047         3893       512.00
      38.271     0.998242         3894       568.89
      38.271     0.998437         3894       640.00
      42.687     0.998633         3895       731.43
      45.023     0.998828         3896       853.33
      45.471     0.999023         3897      1024.00
      45.471     0.999121         3897      1137.78
      45.471     0.999219         3897      1280.00
      46.399     0.999316         3898      1462.86
      46.399     0.999414         3898      1706.67
      47.135     0.999512         3899      2048.00
      47.135     0.999561         3899      2275.56
      47.135     0.999609         3899      2560.00
      47.135     0.999658         3899      2925.71
      47.135     0.999707         3899      3413.33
      50.911     0.999756         3900      4096.00
      50.911     1.000000         3900          inf
#[Mean    =       12.741, StdDeviation   =        4.375]
#[Max     =       50.880, Total count    =         3900]
#[Buckets =           27, SubBuckets     =         2048]
-----------------------------------------------------------------------
  5872 requests in 30.13s, 1.20MB read
  Socket errors: connect 0, read 0, write 0, timeout 9551
Requests/sec:    194.90  
Transfer/sec:     40.92KB
