Running 30s test @ http://node0.krisub-247336.ldos-ut-pg0.wisc.cloudlab.us:8080/wrk2-api/post/compose
  8 threads and 1000 connections

  Thread calibration: mean lat.: 4.874ms, rate sampling interval: 11ms
  Thread calibration: mean lat.: 5.050ms, rate sampling interval: 12ms
  Thread calibration: mean lat.: 4.887ms, rate sampling interval: 11ms
  Thread calibration: mean lat.: 5.510ms, rate sampling interval: 12ms
  Thread calibration: mean lat.: 4.895ms, rate sampling interval: 11ms
  Thread calibration: mean lat.: 5.131ms, rate sampling interval: 12ms
  Thread calibration: mean lat.: 4.829ms, rate sampling interval: 11ms
  Thread calibration: mean lat.: 4.947ms, rate sampling interval: 12ms
Logging function completed.

-----------------------------------------------------------------------
Test Results @ http://node0.krisub-247336.ldos-ut-pg0.wisc.cloudlab.us:8080/wrk2-api/post/compose 
  Thread Stats   Avg      Stdev     99%   +/- Stdev
    Latency     4.66ms  649.58us   6.71ms   74.52%
    Req/Sec    25.41     48.75   181.00     75.78%
  Latency Distribution (HdrHistogram - Recorded Latency)
 50.000%    4.56ms
 75.000%    4.97ms
 90.000%    5.46ms
 99.000%    6.71ms
 99.900%    8.41ms
 99.990%    9.66ms
 99.999%    9.66ms
100.000%    9.66ms

  Detailed Percentile spectrum:
       Value   Percentile   TotalCount 1/(1-Percentile)

       3.193     0.000000            1         1.00
       3.959     0.100000          395         1.11
       4.155     0.200000          790         1.25
       4.299     0.300000         1171         1.43
       4.431     0.400000         1570         1.67
       4.559     0.500000         1952         2.00
       4.631     0.550000         2145         2.22
       4.707     0.600000         2338         2.50
       4.783     0.650000         2539         2.86
       4.875     0.700000         2728         3.33
       4.971     0.750000         2924         4.00
       5.027     0.775000         3019         4.44
       5.099     0.800000         3120         5.00
       5.171     0.825000         3220         5.71
       5.247     0.850000         3310         6.67
       5.355     0.875000         3411         8.00
       5.411     0.887500         3458         8.89
       5.463     0.900000         3505        10.00
       5.527     0.912500         3554        11.43
       5.623     0.925000         3602        13.33
       5.759     0.937500         3651        16.00
       5.815     0.943750         3675        17.78
       5.887     0.950000         3700        20.00
       5.971     0.956250         3725        22.86
       6.019     0.962500         3748        26.67
       6.107     0.968750         3774        32.00
       6.167     0.971875         3785        35.56
       6.247     0.975000         3797        40.00
       6.307     0.978125         3811        45.71
       6.359     0.981250         3821        53.33
       6.475     0.984375         3834        64.00
       6.507     0.985938         3840        71.11
       6.575     0.987500         3846        80.00
       6.671     0.989062         3852        91.43
       6.727     0.990625         3859       106.67
       6.767     0.992188         3864       128.00
       6.819     0.992969         3867       142.22
       6.907     0.993750         3870       160.00
       6.979     0.994531         3873       182.86
       7.095     0.995313         3876       213.33
       7.211     0.996094         3879       256.00
       7.427     0.996484         3881       284.44
       7.463     0.996875         3882       320.00
       7.883     0.997266         3884       365.71
       8.031     0.997656         3885       426.67
       8.167     0.998047         3887       512.00
       8.191     0.998242         3888       568.89
       8.191     0.998437         3888       640.00
       8.223     0.998633         3889       731.43
       8.415     0.998828         3890       853.33
       8.591     0.999023         3891      1024.00
       8.591     0.999121         3891      1137.78
       8.591     0.999219         3891      1280.00
       8.687     0.999316         3892      1462.86
       8.687     0.999414         3892      1706.67
       9.127     0.999512         3893      2048.00
       9.127     0.999561         3893      2275.56
       9.127     0.999609         3893      2560.00
       9.127     0.999658         3893      2925.71
       9.127     0.999707         3893      3413.33
       9.663     0.999756         3894      4096.00
       9.663     1.000000         3894          inf
#[Mean    =        4.660, StdDeviation   =        0.650]
#[Max     =        9.656, Total count    =         3894]
#[Buckets =           27, SubBuckets     =         2048]
-----------------------------------------------------------------------
  5824 requests in 30.06s, 1.19MB read
  Socket errors: connect 0, read 0, write 0, timeout 9512
Requests/sec:    193.75  
Transfer/sec:     40.68KB
