Running 30s test @ http://ms1311.utah.cloudlab.us:8080/wrk2-api/post/compose
  8 threads and 1000 connections

  Thread calibration: mean lat.: 11.666ms, rate sampling interval: 32ms
  Thread calibration: mean lat.: 10.978ms, rate sampling interval: 30ms
  Thread calibration: mean lat.: 11.790ms, rate sampling interval: 33ms
  Thread calibration: mean lat.: 11.730ms, rate sampling interval: 32ms
  Thread calibration: mean lat.: 11.981ms, rate sampling interval: 35ms
  Thread calibration: mean lat.: 11.239ms, rate sampling interval: 31ms
  Thread calibration: mean lat.: 11.766ms, rate sampling interval: 29ms
  Thread calibration: mean lat.: 11.600ms, rate sampling interval: 33ms
Logging function completed.

-----------------------------------------------------------------------
Test Results @ http://ms1311.utah.cloudlab.us:8080/wrk2-api/post/compose 
  Thread Stats   Avg      Stdev     99%   +/- Stdev
    Latency    12.93ms    4.59ms  27.34ms   74.63%
    Req/Sec    24.65     27.89   103.00     81.17%
  Latency Distribution (HdrHistogram - Recorded Latency)
 50.000%   12.17ms
 75.000%   15.47ms
 90.000%   18.56ms
 99.000%   27.34ms
 99.900%   39.97ms
 99.990%   56.67ms
 99.999%   56.67ms
100.000%   56.67ms

  Detailed Percentile spectrum:
       Value   Percentile   TotalCount 1/(1-Percentile)

       3.877     0.000000            1         1.00
       8.199     0.100000          391         1.11
       9.127     0.200000          782         1.25
       9.983     0.300000         1170         1.43
      10.983     0.400000         1560         1.67
      12.167     0.500000         1949         2.00
      12.759     0.550000         2147         2.22
      13.399     0.600000         2339         2.50
      14.015     0.650000         2535         2.86
      14.703     0.700000         2729         3.33
      15.471     0.750000         2925         4.00
      15.807     0.775000         3022         4.44
      16.167     0.800000         3121         5.00
      16.687     0.825000         3218         5.71
      17.183     0.850000         3314         6.67
      17.871     0.875000         3414         8.00
      18.127     0.887500         3460         8.89
      18.559     0.900000         3509        10.00
      19.103     0.912500         3557        11.43
      19.775     0.925000         3608        13.33
      20.367     0.937500         3656        16.00
      20.623     0.943750         3680        17.78
      21.103     0.950000         3704        20.00
      21.503     0.956250         3728        22.86
      21.935     0.962500         3752        26.67
      22.511     0.968750         3777        32.00
      22.847     0.971875         3789        35.56
      23.471     0.975000         3801        40.00
      24.047     0.978125         3814        45.71
      24.543     0.981250         3826        53.33
      25.471     0.984375         3838        64.00
      25.839     0.985938         3844        71.11
      26.223     0.987500         3850        80.00
      27.055     0.989062         3856        91.43
      27.663     0.990625         3862       106.67
      28.671     0.992188         3868       128.00
      29.487     0.992969         3871       142.22
      30.367     0.993750         3874       160.00
      31.103     0.994531         3877       182.86
      31.295     0.995313         3880       213.33
      33.055     0.996094         3883       256.00
      33.375     0.996484         3885       284.44
      33.407     0.996875         3886       320.00
      35.455     0.997266         3888       365.71
      35.647     0.997656         3889       426.67
      36.767     0.998047         3891       512.00
      37.087     0.998242         3892       568.89
      37.087     0.998437         3892       640.00
      37.663     0.998633         3893       731.43
      39.967     0.998828         3894       853.33
      41.247     0.999023         3895      1024.00
      41.247     0.999121         3895      1137.78
      41.247     0.999219         3895      1280.00
      45.599     0.999316         3896      1462.86
      45.599     0.999414         3896      1706.67
      45.631     0.999512         3897      2048.00
      45.631     0.999561         3897      2275.56
      45.631     0.999609         3897      2560.00
      45.631     0.999658         3897      2925.71
      45.631     0.999707         3897      3413.33
      56.671     0.999756         3898      4096.00
      56.671     1.000000         3898          inf
#[Mean    =       12.932, StdDeviation   =        4.589]
#[Max     =       56.640, Total count    =         3898]
#[Buckets =           27, SubBuckets     =         2048]
-----------------------------------------------------------------------
  5800 requests in 30.12s, 1.19MB read
  Socket errors: connect 0, read 0, write 0, timeout 9517
Requests/sec:    192.57  
Transfer/sec:     40.43KB
