Running 30s test @ http://node0.krisub-247336.ldos-ut-pg0.wisc.cloudlab.us:8080/wrk2-api/post/compose
  8 threads and 1000 connections

  Thread calibration: mean lat.: 4.619ms, rate sampling interval: 10ms
  Thread calibration: mean lat.: 4.592ms, rate sampling interval: 10ms
  Thread calibration: mean lat.: 4.913ms, rate sampling interval: 12ms
  Thread calibration: mean lat.: 4.824ms, rate sampling interval: 11ms
  Thread calibration: mean lat.: 4.622ms, rate sampling interval: 10ms
  Thread calibration: mean lat.: 4.596ms, rate sampling interval: 10ms
  Thread calibration: mean lat.: 4.617ms, rate sampling interval: 11ms
  Thread calibration: mean lat.: 5.323ms, rate sampling interval: 11ms
Logging function completed.

-----------------------------------------------------------------------
Test Results @ http://node0.krisub-247336.ldos-ut-pg0.wisc.cloudlab.us:8080/wrk2-api/post/compose 
  Thread Stats   Avg      Stdev     99%   +/- Stdev
    Latency     4.56ms  592.10us   6.51ms   74.34%
    Req/Sec    25.61     50.89   200.00     77.26%
  Latency Distribution (HdrHistogram - Recorded Latency)
 50.000%    4.45ms
 75.000%    4.85ms
 90.000%    5.32ms
 99.000%    6.51ms
 99.900%    7.57ms
 99.990%    8.48ms
 99.999%    8.48ms
100.000%    8.48ms

  Detailed Percentile spectrum:
       Value   Percentile   TotalCount 1/(1-Percentile)

       3.261     0.000000            1         1.00
       3.929     0.100000          391         1.11
       4.087     0.200000          781         1.25
       4.207     0.300000         1168         1.43
       4.323     0.400000         1560         1.67
       4.455     0.500000         1947         2.00
       4.511     0.550000         2154         2.22
       4.575     0.600000         2342         2.50
       4.655     0.650000         2536         2.86
       4.743     0.700000         2726         3.33
       4.847     0.750000         2920         4.00
       4.915     0.775000         3022         4.44
       4.975     0.800000         3119         5.00
       5.043     0.825000         3215         5.71
       5.127     0.850000         3312         6.67
       5.203     0.875000         3410         8.00
       5.263     0.887500         3458         8.89
       5.319     0.900000         3506        10.00
       5.399     0.912500         3555        11.43
       5.495     0.925000         3602        13.33
       5.583     0.937500         3650        16.00
       5.643     0.943750         3675        17.78
       5.687     0.950000         3700        20.00
       5.767     0.956250         3723        22.86
       5.847     0.962500         3748        26.67
       5.927     0.968750         3774        32.00
       5.955     0.971875         3784        35.56
       6.003     0.975000         3796        40.00
       6.043     0.978125         3808        45.71
       6.119     0.981250         3821        53.33
       6.203     0.984375         3833        64.00
       6.243     0.985938         3840        71.11
       6.351     0.987500         3845        80.00
       6.451     0.989062         3851        91.43
       6.539     0.990625         3857       106.67
       6.595     0.992188         3863       128.00
       6.611     0.992969         3866       142.22
       6.659     0.993750         3869       160.00
       6.763     0.994531         3872       182.86
       6.843     0.995313         3875       213.33
       6.883     0.996094         3878       256.00
       7.023     0.996484         3881       284.44
       7.023     0.996875         3881       320.00
       7.075     0.997266         3883       365.71
       7.079     0.997656         3884       426.67
       7.479     0.998047         3886       512.00
       7.523     0.998242         3887       568.89
       7.523     0.998437         3887       640.00
       7.531     0.998633         3888       731.43
       7.567     0.998828         3889       853.33
       7.827     0.999023         3890      1024.00
       7.827     0.999121         3890      1137.78
       7.827     0.999219         3890      1280.00
       7.919     0.999316         3891      1462.86
       7.919     0.999414         3891      1706.67
       8.067     0.999512         3892      2048.00
       8.067     0.999561         3892      2275.56
       8.067     0.999609         3892      2560.00
       8.067     0.999658         3892      2925.71
       8.067     0.999707         3892      3413.33
       8.479     0.999756         3893      4096.00
       8.479     1.000000         3893          inf
#[Mean    =        4.558, StdDeviation   =        0.592]
#[Max     =        8.472, Total count    =         3893]
#[Buckets =           27, SubBuckets     =         2048]
-----------------------------------------------------------------------
  5824 requests in 30.09s, 1.19MB read
  Socket errors: connect 0, read 0, write 0, timeout 9511
Requests/sec:    193.53  
Transfer/sec:     40.63KB
