Running 30s test @ http://ms1311.utah.cloudlab.us:8080/wrk2-api/post/compose
  8 threads and 1000 connections

  Thread calibration: mean lat.: 407.294ms, rate sampling interval: 1585ms
  Thread calibration: mean lat.: 408.789ms, rate sampling interval: 1574ms
  Thread calibration: mean lat.: 416.305ms, rate sampling interval: 1486ms
  Thread calibration: mean lat.: 439.263ms, rate sampling interval: 1555ms
  Thread calibration: mean lat.: 421.035ms, rate sampling interval: 1590ms
  Thread calibration: mean lat.: 414.556ms, rate sampling interval: 1532ms
  Thread calibration: mean lat.: 668.882ms, rate sampling interval: 4362ms
  Thread calibration: mean lat.: 580.140ms, rate sampling interval: 2222ms
Logging function completed.

-----------------------------------------------------------------------
Test Results @ http://ms1311.utah.cloudlab.us:8080/wrk2-api/post/compose 
  Thread Stats   Avg      Stdev     99%   +/- Stdev
    Latency     1.41s     2.64s   11.02s    88.80%
    Req/Sec    23.07      4.09    31.00     82.56%
  Latency Distribution (HdrHistogram - Recorded Latency)
 50.000%  306.69ms
 75.000%    1.12s 
 90.000%    4.44s 
 99.000%   11.02s 
 99.900%   14.34s 
 99.990%   15.22s 
 99.999%   15.22s 
100.000%   15.22s 

  Detailed Percentile spectrum:
       Value   Percentile   TotalCount 1/(1-Percentile)

       5.359     0.000000            1         1.00
      33.375     0.100000          379         1.11
      89.727     0.200000          759         1.25
     143.359     0.300000         1137         1.43
     205.695     0.400000         1515         1.67
     306.687     0.500000         1894         2.00
     379.647     0.550000         2083         2.22
     468.479     0.600000         2273         2.50
     615.423     0.650000         2462         2.86
     822.783     0.700000         2651         3.33
    1124.351     0.750000         2841         4.00
    1343.487     0.775000         2935         4.44
    1602.559     0.800000         3031         5.00
    1921.023     0.825000         3125         5.71
    2545.663     0.850000         3219         6.67
    3411.967     0.875000         3314         8.00
    4007.935     0.887500         3361         8.89
    4444.159     0.900000         3409        10.00
    5730.303     0.912500         3456        11.43
    6635.519     0.925000         3503        13.33
    7970.815     0.937500         3551        16.00
    8224.767     0.943750         3575        17.78
    8732.671     0.950000         3598        20.00
    9445.375     0.956250         3622        22.86
   10002.431     0.962500         3680        26.67
   10002.431     0.968750         3680        32.00
   10010.623     0.971875         3726        35.56
   10010.623     0.975000         3726        40.00
   10010.623     0.978125         3726        45.71
   10010.623     0.981250         3726        53.33
   10035.199     0.984375         3728        64.00
   10280.959     0.985938         3734        71.11
   10788.863     0.987500         3740        80.00
   10936.319     0.989062         3746        91.43
   11173.887     0.990625         3752       106.67
   12050.431     0.992188         3758       128.00
   12066.815     0.992969         3761       142.22
   12214.271     0.993750         3764       160.00
   12673.023     0.994531         3767       182.86
   12861.439     0.995313         3770       213.33
   13139.967     0.996094         3773       256.00
   13238.271     0.996484         3774       284.44
   13271.039     0.996875         3776       320.00
   13279.231     0.997266         3777       365.71
   13885.439     0.997656         3779       426.67
   14049.279     0.998047         3780       512.00
   14123.007     0.998242         3781       568.89
   14311.423     0.998437         3782       640.00
   14311.423     0.998633         3782       731.43
   14335.999     0.998828         3783       853.33
   14368.767     0.999023         3784      1024.00
   14368.767     0.999121         3784      1137.78
   14925.823     0.999219         3785      1280.00
   14925.823     0.999316         3785      1462.86
   14925.823     0.999414         3785      1706.67
   14942.207     0.999512         3786      2048.00
   14942.207     0.999561         3786      2275.56
   14942.207     0.999609         3786      2560.00
   14942.207     0.999658         3786      2925.71
   14942.207     0.999707         3786      3413.33
   15220.735     0.999756         3787      4096.00
   15220.735     1.000000         3787          inf
#[Mean    =     1410.917, StdDeviation   =     2638.288]
#[Max     =    15212.544, Total count    =         3787]
#[Buckets =           27, SubBuckets     =         2048]
-----------------------------------------------------------------------
  5472 requests in 30.08s, 1.13MB read
  Socket errors: connect 0, read 0, write 0, timeout 9510
  Non-2xx or 3xx responses: 95
Requests/sec:    181.91  
Transfer/sec:     38.52KB
