Running 30s test @ http://ms1311.utah.cloudlab.us:8080/wrk2-api/post/compose
  8 threads and 1000 connections

  Thread calibration: mean lat.: 12.355ms, rate sampling interval: 34ms
  Thread calibration: mean lat.: 12.697ms, rate sampling interval: 35ms
  Thread calibration: mean lat.: 11.913ms, rate sampling interval: 33ms
  Thread calibration: mean lat.: 11.852ms, rate sampling interval: 32ms
  Thread calibration: mean lat.: 12.098ms, rate sampling interval: 33ms
  Thread calibration: mean lat.: 11.833ms, rate sampling interval: 34ms
  Thread calibration: mean lat.: 13.518ms, rate sampling interval: 35ms
  Thread calibration: mean lat.: 11.922ms, rate sampling interval: 34ms
Logging function completed.

-----------------------------------------------------------------------
Test Results @ http://ms1311.utah.cloudlab.us:8080/wrk2-api/post/compose 
  Thread Stats   Avg      Stdev     99%   +/- Stdev
    Latency    12.50ms    3.94ms  25.63ms   75.09%
    Req/Sec    24.61     27.13    96.00     79.37%
  Latency Distribution (HdrHistogram - Recorded Latency)
 50.000%   11.67ms
 75.000%   14.60ms
 90.000%   17.57ms
 99.000%   25.63ms
 99.900%   31.74ms
 99.990%   41.98ms
 99.999%   41.98ms
100.000%   41.98ms

  Detailed Percentile spectrum:
       Value   Percentile   TotalCount 1/(1-Percentile)

       4.663     0.000000            1         1.00
       8.527     0.100000          393         1.11
       9.311     0.200000          781         1.25
       9.975     0.300000         1172         1.43
      10.759     0.400000         1563         1.67
      11.671     0.500000         1953         2.00
      12.167     0.550000         2144         2.22
      12.695     0.600000         2339         2.50
      13.271     0.650000         2534         2.86
      13.887     0.700000         2732         3.33
      14.599     0.750000         2926         4.00
      14.903     0.775000         3023         4.44
      15.287     0.800000         3119         5.00
      15.727     0.825000         3217         5.71
      16.311     0.850000         3314         6.67
      16.815     0.875000         3412         8.00
      17.167     0.887500         3464         8.89
      17.583     0.900000         3511        10.00
      18.063     0.912500         3557        11.43
      18.575     0.925000         3606        13.33
      19.151     0.937500         3657        16.00
      19.407     0.943750         3679        17.78
      19.839     0.950000         3705        20.00
      20.239     0.956250         3728        22.86
      20.751     0.962500         3754        26.67
      21.503     0.968750         3777        32.00
      21.823     0.971875         3789        35.56
      22.303     0.975000         3801        40.00
      22.559     0.978125         3813        45.71
      23.039     0.981250         3825        53.33
      23.935     0.984375         3838        64.00
      24.383     0.985938         3844        71.11
      25.167     0.987500         3850        80.00
      25.503     0.989062         3856        91.43
      25.967     0.990625         3862       106.67
      27.007     0.992188         3868       128.00
      27.375     0.992969         3871       142.22
      27.567     0.993750         3874       160.00
      28.127     0.994531         3877       182.86
      28.447     0.995313         3880       213.33
      29.039     0.996094         3883       256.00
      29.327     0.996484         3885       284.44
      29.535     0.996875         3886       320.00
      30.159     0.997266         3888       365.71
      30.351     0.997656         3889       426.67
      30.735     0.998047         3891       512.00
      30.895     0.998242         3892       568.89
      30.895     0.998437         3892       640.00
      31.711     0.998633         3893       731.43
      31.743     0.998828         3894       853.33
      32.047     0.999023         3895      1024.00
      32.047     0.999121         3895      1137.78
      32.047     0.999219         3895      1280.00
      32.287     0.999316         3896      1462.86
      32.287     0.999414         3896      1706.67
      32.927     0.999512         3897      2048.00
      32.927     0.999561         3897      2275.56
      32.927     0.999609         3897      2560.00
      32.927     0.999658         3897      2925.71
      32.927     0.999707         3897      3413.33
      41.983     0.999756         3898      4096.00
      41.983     1.000000         3898          inf
#[Mean    =       12.504, StdDeviation   =        3.938]
#[Max     =       41.952, Total count    =         3898]
#[Buckets =           27, SubBuckets     =         2048]
-----------------------------------------------------------------------
  5818 requests in 30.10s, 1.19MB read
  Socket errors: connect 0, read 0, write 0, timeout 9509
Requests/sec:    193.31  
Transfer/sec:     40.59KB
