Running 30s test @ http://ms1311.utah.cloudlab.us:8080/wrk2-api/post/compose
  8 threads and 1000 connections

  Thread calibration: mean lat.: 544.571ms, rate sampling interval: 1932ms
  Thread calibration: mean lat.: 749.948ms, rate sampling interval: 2557ms
  Thread calibration: mean lat.: 697.425ms, rate sampling interval: 2273ms
  Thread calibration: mean lat.: 668.044ms, rate sampling interval: 2265ms
  Thread calibration: mean lat.: 692.467ms, rate sampling interval: 2142ms
  Thread calibration: mean lat.: 892.928ms, rate sampling interval: 3051ms
  Thread calibration: mean lat.: 831.577ms, rate sampling interval: 2623ms
  Thread calibration: mean lat.: 900.030ms, rate sampling interval: 3416ms
Logging function completed.

-----------------------------------------------------------------------
Test Results @ http://ms1311.utah.cloudlab.us:8080/wrk2-api/post/compose 
  Thread Stats   Avg      Stdev     99%   +/- Stdev
    Latency     2.16s     2.92s   11.03s    87.75%
    Req/Sec    22.43      3.44    29.00     80.00%
  Latency Distribution (HdrHistogram - Recorded Latency)
 50.000%    1.10s 
 75.000%    1.77s 
 90.000%    6.65s 
 99.000%   11.03s 
 99.900%   19.23s 
 99.990%   19.55s 
 99.999%   19.55s 
100.000%   19.55s 

  Detailed Percentile spectrum:
       Value   Percentile   TotalCount 1/(1-Percentile)

       5.031     0.000000            1         1.00
     461.567     0.100000          369         1.11
     639.999     0.200000          737         1.25
     781.823     0.300000         1106         1.43
     929.279     0.400000         1474         1.67
    1095.679     0.500000         1843         2.00
    1179.647     0.550000         2026         2.22
    1283.071     0.600000         2210         2.50
    1410.047     0.650000         2396         2.86
    1556.479     0.700000         2580         3.33
    1772.543     0.750000         2763         4.00
    1917.951     0.775000         2855         4.44
    2119.679     0.800000         2948         5.00
    2390.015     0.825000         3039         5.71
    3059.711     0.850000         3131         6.67
    4898.815     0.875000         3223         8.00
    5922.815     0.887500         3269         8.89
    6647.807     0.900000         3315        10.00
    7782.399     0.912500         3361        11.43
    9273.343     0.925000         3407        13.33
   10002.431     0.937500         3559        16.00
   10002.431     0.943750         3559        17.78
   10002.431     0.950000         3559        20.00
   10002.431     0.956250         3559        22.86
   10002.431     0.962500         3559        26.67
   10010.623     0.968750         3615        32.00
   10010.623     0.971875         3615        35.56
   10010.623     0.975000         3615        40.00
   10010.623     0.978125         3615        45.71
   10010.623     0.981250         3615        53.33
   10207.231     0.984375         3626        64.00
   10395.647     0.985938         3632        71.11
   10575.871     0.987500         3637        80.00
   10788.863     0.989062         3643        91.43
   11730.943     0.990625         3649       106.67
   12517.375     0.992188         3655       128.00
   13533.183     0.992969         3658       142.22
   14057.471     0.993750         3660       160.00
   14925.823     0.994531         3663       182.86
   15802.367     0.995313         3666       213.33
   16826.367     0.996094         3669       256.00
   16957.439     0.996484         3671       284.44
   18055.167     0.996875         3672       320.00
   18186.239     0.997266         3673       365.71
   18628.607     0.997656         3676       426.67
   18628.607     0.998047         3676       512.00
   18890.751     0.998242         3677       568.89
   19169.279     0.998437         3678       640.00
   19169.279     0.998633         3678       731.43
   19234.815     0.998828         3679       853.33
   19415.039     0.999023         3680      1024.00
   19415.039     0.999121         3680      1137.78
   19431.423     0.999219         3681      1280.00
   19431.423     0.999316         3681      1462.86
   19431.423     0.999414         3681      1706.67
   19496.959     0.999512         3682      2048.00
   19496.959     0.999561         3682      2275.56
   19496.959     0.999609         3682      2560.00
   19496.959     0.999658         3682      2925.71
   19496.959     0.999707         3682      3413.33
   19546.111     0.999756         3683      4096.00
   19546.111     1.000000         3683          inf
#[Mean    =     2159.767, StdDeviation   =     2915.308]
#[Max     =    19529.728, Total count    =         3683]
#[Buckets =           27, SubBuckets     =         2048]
-----------------------------------------------------------------------
  5236 requests in 30.11s, 1.10MB read
  Socket errors: connect 0, read 0, write 0, timeout 9500
  Non-2xx or 3xx responses: 213
Requests/sec:    173.89  
Transfer/sec:     37.25KB
