Running 30s test @ http://ms1311.utah.cloudlab.us:8080/wrk2-api/post/compose
  8 threads and 1000 connections

  Thread calibration: mean lat.: 82.804ms, rate sampling interval: 394ms
  Thread calibration: mean lat.: 61.255ms, rate sampling interval: 355ms
  Thread calibration: mean lat.: 80.192ms, rate sampling interval: 393ms
  Thread calibration: mean lat.: 85.976ms, rate sampling interval: 422ms
  Thread calibration: mean lat.: 84.037ms, rate sampling interval: 421ms
  Thread calibration: mean lat.: 78.546ms, rate sampling interval: 387ms
  Thread calibration: mean lat.: 64.481ms, rate sampling interval: 316ms
  Thread calibration: mean lat.: 65.503ms, rate sampling interval: 372ms
Logging function completed.

-----------------------------------------------------------------------
Test Results @ http://ms1311.utah.cloudlab.us:8080/wrk2-api/post/compose 
  Thread Stats   Avg      Stdev     99%   +/- Stdev
    Latency   128.25ms  168.10ms 811.01ms   88.68%
    Req/Sec    24.14     10.08    50.00     72.84%
  Latency Distribution (HdrHistogram - Recorded Latency)
 50.000%   66.05ms
 75.000%  184.06ms
 90.000%  313.86ms
 99.000%  811.01ms
 99.900%    1.40s 
 99.990%    1.66s 
 99.999%    1.66s 
100.000%    1.66s 

  Detailed Percentile spectrum:
       Value   Percentile   TotalCount 1/(1-Percentile)

       3.911     0.000000            1         1.00
       8.519     0.100000          394         1.11
      10.311     0.200000          783         1.25
      15.719     0.300000         1174         1.43
      37.695     0.400000         1566         1.67
      66.047     0.500000         1957         2.00
      91.391     0.550000         2153         2.22
     110.399     0.600000         2348         2.50
     132.095     0.650000         2544         2.86
     156.671     0.700000         2741         3.33
     184.063     0.750000         2935         4.00
     201.087     0.775000         3033         4.44
     221.951     0.800000         3131         5.00
     242.687     0.825000         3229         5.71
     258.687     0.850000         3327         6.67
     282.367     0.875000         3424         8.00
     296.959     0.887500         3473         8.89
     313.855     0.900000         3523        10.00
     336.895     0.912500         3571        11.43
     361.471     0.925000         3620        13.33
     384.511     0.937500         3670        16.00
     396.543     0.943750         3693        17.78
     417.023     0.950000         3718        20.00
     435.199     0.956250         3742        22.86
     462.335     0.962500         3767        26.67
     496.639     0.968750         3791        32.00
     510.463     0.971875         3803        35.56
     531.455     0.975000         3816        40.00
     555.519     0.978125         3828        45.71
     626.687     0.981250         3840        53.33
     669.695     0.984375         3852        64.00
     692.223     0.985938         3858        71.11
     728.063     0.987500         3865        80.00
     785.407     0.989062         3871        91.43
     823.807     0.990625         3877       106.67
     935.935     0.992188         3883       128.00
     996.863     0.992969         3886       142.22
    1019.903     0.993750         3889       160.00
    1036.799     0.994531         3892       182.86
    1086.463     0.995313         3895       213.33
    1102.847     0.996094         3898       256.00
    1147.903     0.996484         3900       284.44
    1163.263     0.996875         3901       320.00
    1220.607     0.997266         3903       365.71
    1307.647     0.997656         3904       426.67
    1340.415     0.998047         3906       512.00
    1348.607     0.998242         3907       568.89
    1348.607     0.998437         3907       640.00
    1371.135     0.998633         3908       731.43
    1396.735     0.998828         3909       853.33
    1402.879     0.999023         3910      1024.00
    1402.879     0.999121         3910      1137.78
    1402.879     0.999219         3910      1280.00
    1573.887     0.999316         3911      1462.86
    1573.887     0.999414         3911      1706.67
    1585.151     0.999512         3912      2048.00
    1585.151     0.999561         3912      2275.56
    1585.151     0.999609         3912      2560.00
    1585.151     0.999658         3912      2925.71
    1585.151     0.999707         3912      3413.33
    1660.927     0.999756         3913      4096.00
    1660.927     1.000000         3913          inf
#[Mean    =      128.252, StdDeviation   =      168.101]
#[Max     =     1659.904, Total count    =         3913]
#[Buckets =           27, SubBuckets     =         2048]
-----------------------------------------------------------------------
  5835 requests in 30.08s, 1.20MB read
  Socket errors: connect 0, read 0, write 0, timeout 9517
Requests/sec:    194.00  
Transfer/sec:     40.73KB
