Running 30s test @ http://ms1311.utah.cloudlab.us:8080/wrk2-api/post/compose
  8 threads and 1000 connections

  Thread calibration: mean lat.: 28.328ms, rate sampling interval: 146ms
  Thread calibration: mean lat.: 30.679ms, rate sampling interval: 144ms
  Thread calibration: mean lat.: 31.500ms, rate sampling interval: 155ms
  Thread calibration: mean lat.: 26.250ms, rate sampling interval: 123ms
  Thread calibration: mean lat.: 27.669ms, rate sampling interval: 132ms
  Thread calibration: mean lat.: 29.243ms, rate sampling interval: 153ms
  Thread calibration: mean lat.: 31.365ms, rate sampling interval: 149ms
  Thread calibration: mean lat.: 32.637ms, rate sampling interval: 163ms
Logging function completed.

-----------------------------------------------------------------------
Test Results @ http://ms1311.utah.cloudlab.us:8080/wrk2-api/post/compose 
  Thread Stats   Avg      Stdev     99%   +/- Stdev
    Latency    45.95ms   71.30ms 358.91ms   88.65%
    Req/Sec    24.34     13.93    61.00     70.37%
  Latency Distribution (HdrHistogram - Recorded Latency)
 50.000%   14.76ms
 75.000%   45.53ms
 90.000%  131.46ms
 99.000%  358.91ms
 99.900%  475.65ms
 99.990%  556.03ms
 99.999%  556.03ms
100.000%  556.03ms

  Detailed Percentile spectrum:
       Value   Percentile   TotalCount 1/(1-Percentile)

       4.013     0.000000            1         1.00
       8.263     0.100000          393         1.11
       9.383     0.200000          786         1.25
      10.423     0.300000         1179         1.43
      12.215     0.400000         1574         1.67
      14.759     0.500000         1966         2.00
      16.479     0.550000         2163         2.22
      19.471     0.600000         2359         2.50
      25.839     0.650000         2555         2.86
      35.199     0.700000         2752         3.33
      45.535     0.750000         2948         4.00
      51.743     0.775000         3046         4.44
      59.583     0.800000         3144         5.00
      71.231     0.825000         3243         5.71
      87.935     0.850000         3341         6.67
     109.951     0.875000         3440         8.00
     117.759     0.887500         3488         8.89
     131.455     0.900000         3537        10.00
     146.815     0.912500         3587        11.43
     162.943     0.925000         3636        13.33
     180.735     0.937500         3686        16.00
     190.719     0.943750         3710        17.78
     200.063     0.950000         3734        20.00
     216.191     0.956250         3759        22.86
     232.191     0.962500         3783        26.67
     255.231     0.968750         3808        32.00
     267.263     0.971875         3820        35.56
     274.943     0.975000         3832        40.00
     284.671     0.978125         3846        45.71
     297.215     0.981250         3857        53.33
     320.511     0.984375         3869        64.00
     329.215     0.985938         3875        71.11
     347.391     0.987500         3881        80.00
     354.303     0.989062         3888        91.43
     360.703     0.990625         3894       106.67
     366.591     0.992188         3900       128.00
     377.855     0.992969         3903       142.22
     385.023     0.993750         3906       160.00
     396.543     0.994531         3909       182.86
     415.743     0.995313         3912       213.33
     419.839     0.996094         3915       256.00
     421.119     0.996484         3917       284.44
     427.519     0.996875         3918       320.00
     438.015     0.997266         3920       365.71
     439.807     0.997656         3921       426.67
     448.511     0.998047         3923       512.00
     464.383     0.998242         3924       568.89
     464.383     0.998437         3924       640.00
     465.919     0.998633         3925       731.43
     475.647     0.998828         3926       853.33
     476.671     0.999023         3927      1024.00
     476.671     0.999121         3927      1137.78
     476.671     0.999219         3927      1280.00
     498.687     0.999316         3928      1462.86
     498.687     0.999414         3928      1706.67
     503.039     0.999512         3929      2048.00
     503.039     0.999561         3929      2275.56
     503.039     0.999609         3929      2560.00
     503.039     0.999658         3929      2925.71
     503.039     0.999707         3929      3413.33
     556.031     0.999756         3930      4096.00
     556.031     1.000000         3930          inf
#[Mean    =       45.952, StdDeviation   =       71.303]
#[Max     =      555.520, Total count    =         3930]
#[Buckets =           27, SubBuckets     =         2048]
-----------------------------------------------------------------------
  5848 requests in 30.09s, 1.20MB read
  Socket errors: connect 0, read 0, write 0, timeout 9491
Requests/sec:    194.36  
Transfer/sec:     40.81KB
