Running 30s test @ http://ms1311.utah.cloudlab.us:8080/wrk2-api/post/compose
  8 threads and 1000 connections

  Thread calibration: mean lat.: 16.329ms, rate sampling interval: 47ms
  Thread calibration: mean lat.: 18.770ms, rate sampling interval: 41ms
  Thread calibration: mean lat.: 15.365ms, rate sampling interval: 36ms
  Thread calibration: mean lat.: 18.511ms, rate sampling interval: 41ms
  Thread calibration: mean lat.: 15.747ms, rate sampling interval: 40ms
  Thread calibration: mean lat.: 20.210ms, rate sampling interval: 54ms
  Thread calibration: mean lat.: 15.270ms, rate sampling interval: 39ms
  Thread calibration: mean lat.: 14.890ms, rate sampling interval: 35ms
Logging function completed.

-----------------------------------------------------------------------
Test Results @ http://ms1311.utah.cloudlab.us:8080/wrk2-api/post/compose 
  Thread Stats   Avg      Stdev     99%   +/- Stdev
    Latency    15.89ms   17.04ms 110.65ms   95.94%
    Req/Sec    24.52     25.54   102.00     85.79%
  Latency Distribution (HdrHistogram - Recorded Latency)
 50.000%   12.47ms
 75.000%   15.98ms
 90.000%   21.15ms
 99.000%  110.65ms
 99.900%  180.35ms
 99.990%  248.45ms
 99.999%  248.45ms
100.000%  248.45ms

  Detailed Percentile spectrum:
       Value   Percentile   TotalCount 1/(1-Percentile)

       4.927     0.000000            1         1.00
       8.439     0.100000          394         1.11
       9.383     0.200000          785         1.25
      10.191     0.300000         1171         1.43
      11.271     0.400000         1559         1.67
      12.471     0.500000         1948         2.00
      13.143     0.550000         2143         2.22
      13.791     0.600000         2338         2.50
      14.455     0.650000         2536         2.86
      15.119     0.700000         2730         3.33
      15.975     0.750000         2923         4.00
      16.511     0.775000         3022         4.44
      17.007     0.800000         3122         5.00
      17.631     0.825000         3215         5.71
      18.447     0.850000         3312         6.67
      19.503     0.875000         3409         8.00
      20.271     0.887500         3459         8.89
      21.167     0.900000         3507        10.00
      22.495     0.912500         3556        11.43
      23.967     0.925000         3604        13.33
      25.567     0.937500         3653        16.00
      26.719     0.943750         3677        17.78
      28.463     0.950000         3702        20.00
      31.071     0.956250         3726        22.86
      35.135     0.962500         3751        26.67
      41.503     0.968750         3775        32.00
      45.055     0.971875         3787        35.56
      50.207     0.975000         3799        40.00
      56.639     0.978125         3811        45.71
      71.487     0.981250         3823        53.33
      88.383     0.984375         3836        64.00
      94.271     0.985938         3842        71.11
      99.583     0.987500         3848        80.00
     105.343     0.989062         3854        91.43
     114.367     0.990625         3860       106.67
     125.055     0.992188         3866       128.00
     133.631     0.992969         3869       142.22
     140.287     0.993750         3872       160.00
     141.823     0.994531         3875       182.86
     146.303     0.995313         3878       213.33
     152.575     0.996094         3881       256.00
     155.775     0.996484         3883       284.44
     160.767     0.996875         3884       320.00
     165.247     0.997266         3886       365.71
     167.167     0.997656         3887       426.67
     173.823     0.998047         3889       512.00
     178.175     0.998242         3890       568.89
     178.175     0.998437         3890       640.00
     180.223     0.998633         3891       731.43
     180.351     0.998828         3892       853.33
     189.951     0.999023         3893      1024.00
     189.951     0.999121         3893      1137.78
     189.951     0.999219         3893      1280.00
     201.983     0.999316         3894      1462.86
     201.983     0.999414         3894      1706.67
     215.807     0.999512         3895      2048.00
     215.807     0.999561         3895      2275.56
     215.807     0.999609         3895      2560.00
     215.807     0.999658         3895      2925.71
     215.807     0.999707         3895      3413.33
     248.447     0.999756         3896      4096.00
     248.447     1.000000         3896          inf
#[Mean    =       15.887, StdDeviation   =       17.041]
#[Max     =      248.320, Total count    =         3896]
#[Buckets =           27, SubBuckets     =         2048]
-----------------------------------------------------------------------
  5818 requests in 30.10s, 1.19MB read
  Socket errors: connect 0, read 0, write 0, timeout 9505
Requests/sec:    193.26  
Transfer/sec:     40.58KB
