Running 30s test @ http://ms1311.utah.cloudlab.us:8080/wrk2-api/post/compose
  8 threads and 1000 connections

  Thread calibration: mean lat.: 12.707ms, rate sampling interval: 37ms
  Thread calibration: mean lat.: 13.000ms, rate sampling interval: 38ms
  Thread calibration: mean lat.: 12.913ms, rate sampling interval: 37ms
  Thread calibration: mean lat.: 13.706ms, rate sampling interval: 38ms
  Thread calibration: mean lat.: 12.070ms, rate sampling interval: 35ms
  Thread calibration: mean lat.: 13.169ms, rate sampling interval: 39ms
  Thread calibration: mean lat.: 12.733ms, rate sampling interval: 38ms
  Thread calibration: mean lat.: 12.933ms, rate sampling interval: 38ms
Logging function completed.

-----------------------------------------------------------------------
Test Results @ http://ms1311.utah.cloudlab.us:8080/wrk2-api/post/compose 
  Thread Stats   Avg      Stdev     99%   +/- Stdev
    Latency    13.30ms    4.91ms  30.25ms   77.99%
    Req/Sec    24.58     25.84   105.00     77.20%
  Latency Distribution (HdrHistogram - Recorded Latency)
 50.000%   12.38ms
 75.000%   15.60ms
 90.000%   19.30ms
 99.000%   30.25ms
 99.900%   43.49ms
 99.990%   55.87ms
 99.999%   55.87ms
100.000%   55.87ms

  Detailed Percentile spectrum:
       Value   Percentile   TotalCount 1/(1-Percentile)

       5.535     0.000000            1         1.00
       8.487     0.100000          390         1.11
       9.287     0.200000          780         1.25
      10.087     0.300000         1171         1.43
      11.119     0.400000         1558         1.67
      12.375     0.500000         1948         2.00
      12.959     0.550000         2144         2.22
      13.583     0.600000         2338         2.50
      14.191     0.650000         2531         2.86
      14.855     0.700000         2726         3.33
      15.599     0.750000         2921         4.00
      16.015     0.775000         3018         4.44
      16.479     0.800000         3117         5.00
      16.911     0.825000         3213         5.71
      17.407     0.850000         3310         6.67
      18.335     0.875000         3407         8.00
      18.783     0.887500         3456         8.89
      19.295     0.900000         3506        10.00
      19.727     0.912500         3553        11.43
      20.367     0.925000         3604        13.33
      21.167     0.937500         3650        16.00
      21.695     0.943750         3676        17.78
      22.223     0.950000         3699        20.00
      22.831     0.956250         3723        22.86
      23.535     0.962500         3748        26.67
      24.447     0.968750         3772        32.00
      25.151     0.971875         3784        35.56
      25.711     0.975000         3796        40.00
      26.495     0.978125         3808        45.71
      27.007     0.981250         3821        53.33
      27.935     0.984375         3834        64.00
      28.479     0.985938         3839        71.11
      28.895     0.987500         3845        80.00
      29.919     0.989062         3851        91.43
      30.447     0.990625         3857       106.67
      32.431     0.992188         3863       128.00
      32.895     0.992969         3866       142.22
      33.823     0.993750         3869       160.00
      34.463     0.994531         3872       182.86
      34.815     0.995313         3875       213.33
      36.223     0.996094         3878       256.00
      37.215     0.996484         3880       284.44
      38.047     0.996875         3881       320.00
      39.295     0.997266         3883       365.71
      39.647     0.997656         3884       426.67
      40.287     0.998047         3886       512.00
      40.639     0.998242         3887       568.89
      40.639     0.998437         3887       640.00
      41.311     0.998633         3888       731.43
      43.487     0.998828         3889       853.33
      43.839     0.999023         3890      1024.00
      43.839     0.999121         3890      1137.78
      43.839     0.999219         3890      1280.00
      44.319     0.999316         3891      1462.86
      44.319     0.999414         3891      1706.67
      49.695     0.999512         3892      2048.00
      49.695     0.999561         3892      2275.56
      49.695     0.999609         3892      2560.00
      49.695     0.999658         3892      2925.71
      49.695     0.999707         3892      3413.33
      55.871     0.999756         3893      4096.00
      55.871     1.000000         3893          inf
#[Mean    =       13.302, StdDeviation   =        4.907]
#[Max     =       55.840, Total count    =         3893]
#[Buckets =           27, SubBuckets     =         2048]
-----------------------------------------------------------------------
  5818 requests in 30.13s, 1.19MB read
  Socket errors: connect 0, read 0, write 0, timeout 9592
Requests/sec:    193.12  
Transfer/sec:     40.55KB
