Running 30s test @ http://ms1311.utah.cloudlab.us:8080/wrk2-api/post/compose
  8 threads and 1000 connections

  Thread calibration: mean lat.: 12.459ms, rate sampling interval: 36ms
  Thread calibration: mean lat.: 12.036ms, rate sampling interval: 38ms
  Thread calibration: mean lat.: 12.548ms, rate sampling interval: 35ms
  Thread calibration: mean lat.: 11.510ms, rate sampling interval: 35ms
  Thread calibration: mean lat.: 12.089ms, rate sampling interval: 36ms
  Thread calibration: mean lat.: 12.887ms, rate sampling interval: 43ms
  Thread calibration: mean lat.: 12.332ms, rate sampling interval: 37ms
  Thread calibration: mean lat.: 11.602ms, rate sampling interval: 36ms
Logging function completed.

-----------------------------------------------------------------------
Test Results @ http://ms1311.utah.cloudlab.us:8080/wrk2-api/post/compose 
  Thread Stats   Avg      Stdev     99%   +/- Stdev
    Latency    12.58ms    4.40ms  28.35ms   77.38%
    Req/Sec    24.51     25.89   108.00     79.72%
  Latency Distribution (HdrHistogram - Recorded Latency)
 50.000%   11.63ms
 75.000%   14.68ms
 90.000%   18.08ms
 99.000%   28.35ms
 99.900%   36.77ms
 99.990%   47.04ms
 99.999%   47.04ms
100.000%   47.04ms

  Detailed Percentile spectrum:
       Value   Percentile   TotalCount 1/(1-Percentile)

       4.915     0.000000            1         1.00
       8.247     0.100000          393         1.11
       9.023     0.200000          781         1.25
       9.663     0.300000         1170         1.43
      10.551     0.400000         1558         1.67
      11.631     0.500000         1948         2.00
      12.191     0.550000         2145         2.22
      12.767     0.600000         2337         2.50
      13.343     0.650000         2533         2.86
      13.999     0.700000         2727         3.33
      14.679     0.750000         2924         4.00
      15.167     0.775000         3019         4.44
      15.567     0.800000         3116         5.00
      16.055     0.825000         3214         5.71
      16.623     0.850000         3313         6.67
      17.327     0.875000         3412         8.00
      17.695     0.887500         3457         8.89
      18.079     0.900000         3508        10.00
      18.639     0.912500         3556        11.43
      19.183     0.925000         3603        13.33
      19.919     0.937500         3652        16.00
      20.367     0.943750         3677        17.78
      20.911     0.950000         3702        20.00
      21.439     0.956250         3725        22.86
      21.887     0.962500         3749        26.67
      22.511     0.968750         3774        32.00
      22.863     0.971875         3786        35.56
      23.375     0.975000         3798        40.00
      24.063     0.978125         3810        45.71
      24.831     0.981250         3822        53.33
      25.695     0.984375         3835        64.00
      26.559     0.985938         3841        71.11
      27.215     0.987500         3847        80.00
      27.887     0.989062         3853        91.43
      28.719     0.990625         3859       106.67
      29.023     0.992188         3865       128.00
      29.407     0.992969         3868       142.22
      30.175     0.993750         3871       160.00
      30.591     0.994531         3874       182.86
      31.167     0.995313         3877       213.33
      31.551     0.996094         3880       256.00
      31.727     0.996484         3882       284.44
      31.951     0.996875         3883       320.00
      32.991     0.997266         3885       365.71
      33.599     0.997656         3886       426.67
      34.111     0.998047         3888       512.00
      34.559     0.998242         3889       568.89
      34.559     0.998437         3889       640.00
      36.479     0.998633         3890       731.43
      36.767     0.998828         3891       853.33
      37.311     0.999023         3892      1024.00
      37.311     0.999121         3892      1137.78
      37.311     0.999219         3892      1280.00
      38.239     0.999316         3893      1462.86
      38.239     0.999414         3893      1706.67
      40.287     0.999512         3894      2048.00
      40.287     0.999561         3894      2275.56
      40.287     0.999609         3894      2560.00
      40.287     0.999658         3894      2925.71
      40.287     0.999707         3894      3413.33
      47.039     0.999756         3895      4096.00
      47.039     1.000000         3895          inf
#[Mean    =       12.579, StdDeviation   =        4.395]
#[Max     =       47.008, Total count    =         3895]
#[Buckets =           27, SubBuckets     =         2048]
-----------------------------------------------------------------------
  5834 requests in 30.08s, 1.20MB read
  Socket errors: connect 0, read 0, write 0, timeout 9512
Requests/sec:    193.97  
Transfer/sec:     40.73KB
