Running 30s test @ http://ms1311.utah.cloudlab.us:8080/wrk2-api/post/compose
  8 threads and 1000 connections

  Thread calibration: mean lat.: 12.221ms, rate sampling interval: 33ms
  Thread calibration: mean lat.: 12.134ms, rate sampling interval: 34ms
  Thread calibration: mean lat.: 12.147ms, rate sampling interval: 36ms
  Thread calibration: mean lat.: 11.889ms, rate sampling interval: 33ms
  Thread calibration: mean lat.: 12.115ms, rate sampling interval: 36ms
  Thread calibration: mean lat.: 12.411ms, rate sampling interval: 34ms
  Thread calibration: mean lat.: 11.841ms, rate sampling interval: 33ms
  Thread calibration: mean lat.: 11.656ms, rate sampling interval: 33ms
Logging function completed.

-----------------------------------------------------------------------
Test Results @ http://ms1311.utah.cloudlab.us:8080/wrk2-api/post/compose 
  Thread Stats   Avg      Stdev     99%   +/- Stdev
    Latency    12.49ms    4.79ms  28.38ms   84.15%
    Req/Sec    24.58     27.29   111.00     79.74%
  Latency Distribution (HdrHistogram - Recorded Latency)
 50.000%   11.44ms
 75.000%   14.49ms
 90.000%   17.61ms
 99.000%   28.38ms
 99.900%   55.84ms
 99.990%   65.60ms
 99.999%   65.60ms
100.000%   65.60ms

  Detailed Percentile spectrum:
       Value   Percentile   TotalCount 1/(1-Percentile)

       4.523     0.000000            1         1.00
       8.279     0.100000          393         1.11
       8.975     0.200000          785         1.25
       9.607     0.300000         1172         1.43
      10.415     0.400000         1558         1.67
      11.439     0.500000         1946         2.00
      12.015     0.550000         2141         2.22
      12.575     0.600000         2340         2.50
      13.247     0.650000         2530         2.86
      13.903     0.700000         2726         3.33
      14.487     0.750000         2919         4.00
      14.871     0.775000         3020         4.44
      15.247     0.800000         3114         5.00
      15.799     0.825000         3211         5.71
      16.367     0.850000         3310         6.67
      17.023     0.875000         3409         8.00
      17.247     0.887500         3458         8.89
      17.615     0.900000         3504        10.00
      18.127     0.912500         3552        11.43
      18.767     0.925000         3602        13.33
      19.407     0.937500         3649        16.00
      19.951     0.943750         3675        17.78
      20.335     0.950000         3698        20.00
      20.895     0.956250         3722        22.86
      21.391     0.962500         3747        26.67
      22.079     0.968750         3771        32.00
      22.591     0.971875         3784        35.56
      23.183     0.975000         3795        40.00
      24.111     0.978125         3808        45.71
      25.215     0.981250         3821        53.33
      26.031     0.984375         3832        64.00
      26.655     0.985938         3838        71.11
      27.295     0.987500         3844        80.00
      27.823     0.989062         3850        91.43
      28.623     0.990625         3856       106.67
      29.311     0.992188         3862       128.00
      29.871     0.992969         3865       142.22
      31.263     0.993750         3868       160.00
      34.303     0.994531         3871       182.86
      35.775     0.995313         3874       213.33
      38.271     0.996094         3877       256.00
      39.647     0.996484         3879       284.44
      40.383     0.996875         3880       320.00
      42.399     0.997266         3882       365.71
      43.583     0.997656         3883       426.67
      49.023     0.998047         3885       512.00
      53.727     0.998242         3886       568.89
      53.727     0.998437         3886       640.00
      54.303     0.998633         3887       731.43
      55.839     0.998828         3888       853.33
      59.167     0.999023         3889      1024.00
      59.167     0.999121         3889      1137.78
      59.167     0.999219         3889      1280.00
      60.959     0.999316         3890      1462.86
      60.959     0.999414         3890      1706.67
      64.959     0.999512         3891      2048.00
      64.959     0.999561         3891      2275.56
      64.959     0.999609         3891      2560.00
      64.959     0.999658         3891      2925.71
      64.959     0.999707         3891      3413.33
      65.599     0.999756         3892      4096.00
      65.599     1.000000         3892          inf
#[Mean    =       12.491, StdDeviation   =        4.790]
#[Max     =       65.536, Total count    =         3892]
#[Buckets =           27, SubBuckets     =         2048]
-----------------------------------------------------------------------
  5819 requests in 30.07s, 1.19MB read
  Socket errors: connect 0, read 0, write 0, timeout 9504
Requests/sec:    193.49  
Transfer/sec:     40.63KB
